Archive member included to satisfy reference by file (symbol)

C:/Renesas/RA/e2studio_v2025-01_fsp_v5.8.0/toolchains/gcc_arm/13.2.rel1/bin/../lib/gcc/arm-none-eabi/13.2.1/thumb/v8-m.base/nofp\libgcc.a(_muldi3.o)
                              ./ra/fsp/src/bsp/mcu/all/bsp_delay.o (__aeabi_lmul)
C:/Renesas/RA/e2studio_v2025-01_fsp_v5.8.0/toolchains/gcc_arm/13.2.rel1/bin/../lib/gcc/arm-none-eabi/13.2.1/thumb/v8-m.base/nofp\libg_nano.a(libc_a-exit.o)
                              C:/Renesas/RA/e2studio_v2025-01_fsp_v5.8.0/toolchains/gcc_arm/13.2.rel1/bin/../lib/gcc/arm-none-eabi/13.2.1/thumb/v8-m.base/nofp/crt0.o (exit)
C:/Renesas/RA/e2studio_v2025-01_fsp_v5.8.0/toolchains/gcc_arm/13.2.rel1/bin/../lib/gcc/arm-none-eabi/13.2.1/thumb/v8-m.base/nofp\libg_nano.a(libc_a-findfp.o)
                              C:/Renesas/RA/e2studio_v2025-01_fsp_v5.8.0/toolchains/gcc_arm/13.2.rel1/bin/../lib/gcc/arm-none-eabi/13.2.1/thumb/v8-m.base/nofp\libg_nano.a(libc_a-exit.o) (__stdio_exit_handler)
C:/Renesas/RA/e2studio_v2025-01_fsp_v5.8.0/toolchains/gcc_arm/13.2.rel1/bin/../lib/gcc/arm-none-eabi/13.2.1/thumb/v8-m.base/nofp\libg_nano.a(libc_a-fwalk.o)
                              C:/Renesas/RA/e2studio_v2025-01_fsp_v5.8.0/toolchains/gcc_arm/13.2.rel1/bin/../lib/gcc/arm-none-eabi/13.2.1/thumb/v8-m.base/nofp\libg_nano.a(libc_a-findfp.o) (_fwalk_sglue)
C:/Renesas/RA/e2studio_v2025-01_fsp_v5.8.0/toolchains/gcc_arm/13.2.rel1/bin/../lib/gcc/arm-none-eabi/13.2.1/thumb/v8-m.base/nofp\libg_nano.a(libc_a-stdio.o)
                              C:/Renesas/RA/e2studio_v2025-01_fsp_v5.8.0/toolchains/gcc_arm/13.2.rel1/bin/../lib/gcc/arm-none-eabi/13.2.1/thumb/v8-m.base/nofp\libg_nano.a(libc_a-findfp.o) (__sread)
C:/Renesas/RA/e2studio_v2025-01_fsp_v5.8.0/toolchains/gcc_arm/13.2.rel1/bin/../lib/gcc/arm-none-eabi/13.2.1/thumb/v8-m.base/nofp\libg_nano.a(libc_a-memset.o)
                              C:/Renesas/RA/e2studio_v2025-01_fsp_v5.8.0/toolchains/gcc_arm/13.2.rel1/bin/../lib/gcc/arm-none-eabi/13.2.1/thumb/v8-m.base/nofp/crt0.o (memset)
C:/Renesas/RA/e2studio_v2025-01_fsp_v5.8.0/toolchains/gcc_arm/13.2.rel1/bin/../lib/gcc/arm-none-eabi/13.2.1/thumb/v8-m.base/nofp\libg_nano.a(libc_a-closer.o)
                              C:/Renesas/RA/e2studio_v2025-01_fsp_v5.8.0/toolchains/gcc_arm/13.2.rel1/bin/../lib/gcc/arm-none-eabi/13.2.1/thumb/v8-m.base/nofp\libg_nano.a(libc_a-stdio.o) (_close_r)
C:/Renesas/RA/e2studio_v2025-01_fsp_v5.8.0/toolchains/gcc_arm/13.2.rel1/bin/../lib/gcc/arm-none-eabi/13.2.1/thumb/v8-m.base/nofp\libg_nano.a(libc_a-reent.o)
                              C:/Renesas/RA/e2studio_v2025-01_fsp_v5.8.0/toolchains/gcc_arm/13.2.rel1/bin/../lib/gcc/arm-none-eabi/13.2.1/thumb/v8-m.base/nofp\libg_nano.a(libc_a-closer.o) (errno)
C:/Renesas/RA/e2studio_v2025-01_fsp_v5.8.0/toolchains/gcc_arm/13.2.rel1/bin/../lib/gcc/arm-none-eabi/13.2.1/thumb/v8-m.base/nofp\libg_nano.a(libc_a-impure.o)
                              C:/Renesas/RA/e2studio_v2025-01_fsp_v5.8.0/toolchains/gcc_arm/13.2.rel1/bin/../lib/gcc/arm-none-eabi/13.2.1/thumb/v8-m.base/nofp\libg_nano.a(libc_a-reent.o) (_impure_ptr)
C:/Renesas/RA/e2studio_v2025-01_fsp_v5.8.0/toolchains/gcc_arm/13.2.rel1/bin/../lib/gcc/arm-none-eabi/13.2.1/thumb/v8-m.base/nofp\libg_nano.a(libc_a-lseekr.o)
                              C:/Renesas/RA/e2studio_v2025-01_fsp_v5.8.0/toolchains/gcc_arm/13.2.rel1/bin/../lib/gcc/arm-none-eabi/13.2.1/thumb/v8-m.base/nofp\libg_nano.a(libc_a-stdio.o) (_lseek_r)
C:/Renesas/RA/e2studio_v2025-01_fsp_v5.8.0/toolchains/gcc_arm/13.2.rel1/bin/../lib/gcc/arm-none-eabi/13.2.1/thumb/v8-m.base/nofp\libg_nano.a(libc_a-readr.o)
                              C:/Renesas/RA/e2studio_v2025-01_fsp_v5.8.0/toolchains/gcc_arm/13.2.rel1/bin/../lib/gcc/arm-none-eabi/13.2.1/thumb/v8-m.base/nofp\libg_nano.a(libc_a-stdio.o) (_read_r)
C:/Renesas/RA/e2studio_v2025-01_fsp_v5.8.0/toolchains/gcc_arm/13.2.rel1/bin/../lib/gcc/arm-none-eabi/13.2.1/thumb/v8-m.base/nofp\libg_nano.a(libc_a-writer.o)
                              C:/Renesas/RA/e2studio_v2025-01_fsp_v5.8.0/toolchains/gcc_arm/13.2.rel1/bin/../lib/gcc/arm-none-eabi/13.2.1/thumb/v8-m.base/nofp\libg_nano.a(libc_a-stdio.o) (_write_r)
C:/Renesas/RA/e2studio_v2025-01_fsp_v5.8.0/toolchains/gcc_arm/13.2.rel1/bin/../lib/gcc/arm-none-eabi/13.2.1/thumb/v8-m.base/nofp\libg_nano.a(libc_a-errno.o)
                              ./ra/fsp/src/bsp/mcu/all/bsp_sbrk.o (__errno)
C:/Renesas/RA/e2studio_v2025-01_fsp_v5.8.0/toolchains/gcc_arm/13.2.rel1/bin/../lib/gcc/arm-none-eabi/13.2.1/thumb/v8-m.base/nofp\libg_nano.a(libc_a-init.o)
                              C:/Renesas/RA/e2studio_v2025-01_fsp_v5.8.0/toolchains/gcc_arm/13.2.rel1/bin/../lib/gcc/arm-none-eabi/13.2.1/thumb/v8-m.base/nofp/crt0.o (__libc_init_array)
C:/Renesas/RA/e2studio_v2025-01_fsp_v5.8.0/toolchains/gcc_arm/13.2.rel1/bin/../lib/gcc/arm-none-eabi/13.2.1/thumb/v8-m.base/nofp\libg_nano.a(libc_a-lock.o)
[...]
Memory Configuration

Name             Origin             Length             Attributes
ITCM             0x00000000         0x00000000         xr
DTCM             0x00000000         0x00000000         xrw
FLASH            0x00000000         0x00010000         xr
RAM              0x20004000         0x00004000         xrw
DATA_FLASH       0x40100000         0x00001000         xr
QSPI_FLASH       0x60000000         0x00000000         xr
OSPI_DEVICE_0    0x80020000         0x00000000         xr
OSPI_DEVICE_1    0x80030000         0x00000000         xr
OSPI_DEVICE_0_RAM 0x80020000         0x00000000         xrw
OSPI_DEVICE_1_RAM 0x80030000         0x00000000         xrw
SDRAM            0x80010000         0x00000000         xrw
OPTION_SETTING   0x00000000         0x00000000         r
OPTION_SETTING_OFS 0x00000000         0x00000018         r
OPTION_SETTING_SAS 0x00000034         0x00000000         r
OPTION_SETTING_S 0x80000000         0x00000000         r
ID_CODE          0x01010018         0x00000020         xr
*default*        0x00000000         0xffffffff

Linker script and memory map

LOAD C:/Renesas/RA/e2studio_v2025-01_fsp_v5.8.0/toolchains/gcc_arm/13.2.rel1/bin/../lib/gcc/arm-none-eabi/13.2.1/thumb/v8-m.base/nofp/crti.o
LOAD C:/Renesas/RA/e2studio_v2025-01_fsp_v5.8.0/toolchains/gcc_arm/13.2.rel1/bin/../lib/gcc/arm-none-eabi/13.2.1/thumb/v8-m.base/nofp/crtbegin.o
LOAD C:/Renesas/RA/e2studio_v2025-01_fsp_v5.8.0/toolchains/gcc_arm/13.2.rel1/bin/../lib/gcc/arm-none-eabi/13.2.1/thumb/v8-m.base/nofp/crt0.o
START GROUP
LOAD ./src/hal_entry.o
LOAD ./ra_gen/common_data.o
LOAD ./ra_gen/hal_data.o
LOAD ./ra_gen/main.o
LOAD ./ra_gen/pin_data.o
LOAD ./ra_gen/vector_data.o
LOAD ./ra/fsp/src/rm_touch/rm_touch.o
LOAD ./ra/fsp/src/r_ioport/r_ioport.o
LOAD ./ra/fsp/src/r_dtc/r_dtc.o
LOAD ./ra/fsp/src/r_ctsu/r_ctsu.o
LOAD ./ra/fsp/src/bsp/mcu/all/bsp_clocks.o
LOAD ./ra/fsp/src/bsp/mcu/all/bsp_common.o
LOAD ./ra/fsp/src/bsp/mcu/all/bsp_delay.o
LOAD ./ra/fsp/src/bsp/mcu/all/bsp_group_irq.o
LOAD ./ra/fsp/src/bsp/mcu/all/bsp_guard.o
LOAD ./ra/fsp/src/bsp/mcu/all/bsp_io.o
LOAD ./ra/fsp/src/bsp/mcu/all/bsp_irq.o
LOAD ./ra/fsp/src/bsp/mcu/all/bsp_macl.o
LOAD ./ra/fsp/src/bsp/mcu/all/bsp_register_protection.o
LOAD ./ra/fsp/src/bsp/mcu/all/bsp_rom_registers.o
LOAD ./ra/fsp/src/bsp/mcu/all/bsp_sbrk.o
LOAD ./ra/fsp/src/bsp/mcu/all/bsp_sdram.o
LOAD ./ra/fsp/src/bsp/mcu/all/bsp_security.o
LOAD ./ra/fsp/src/bsp/cmsis/Device/RENESAS/Source/startup.o
LOAD ./ra/fsp/src/bsp/cmsis/Device/RENESAS/Source/system.o
LOAD ./qe_gen/qe_touch_config.o
LOAD ./qe_gen/qe_touch_sample.o
END GROUP
START GROUP
LOAD C:/Renesas/RA/e2studio_v2025-01_fsp_v5.8.0/toolchains/gcc_arm/13.2.rel1/bin/../lib/gcc/arm-none-eabi/13.2.1/thumb/v8-m.base/nofp\libgcc.a
LOAD C:/Renesas/RA/e2studio_v2025-01_fsp_v5.8.0/toolchains/gcc_arm/13.2.rel1/bin/../lib/gcc/arm-none-eabi/13.2.1/thumb/v8-m.base/nofp\libg_nano.a
LOAD C:/Renesas/RA/e2studio_v2025-01_fsp_v5.8.0/toolchains/gcc_arm/13.2.rel1/bin/../lib/gcc/arm-none-eabi/13.2.1/thumb/v8-m.base/nofp\libc_nano.a
END GROUP
START GROUP
LOAD C:/Renesas/RA/e2studio_v2025-01_fsp_v5.8.0/toolchains/gcc_arm/13.2.rel1/bin/../lib/gcc/arm-none-eabi/13.2.1/thumb/v8-m.base/nofp\libgcc.a
LOAD C:/Renesas/RA/e2studio_v2025-01_fsp_v5.8.0/toolchains/gcc_arm/13.2.rel1/bin/../lib/gcc/arm-none-eabi/13.2.1/thumb/v8-m.base/nofp\libc_nano.a
END GROUP
LOAD C:/Renesas/RA/e2studio_v2025-01_fsp_v5.8.0/toolchains/gcc_arm/13.2.rel1/bin/../lib/gcc/arm-none-eabi/13.2.1/thumb/v8-m.base/nofp/crtend.o
LOAD C:/Renesas/RA/e2studio_v2025-01_fsp_v5.8.0/toolchains/gcc_arm/13.2.rel1/bin/../lib/gcc/arm-none-eabi/13.2.1/thumb/v8-m.base/nofp/crtn.o
                0x20004000                        RAM_START = 0x20004000
                0x00004000                        RAM_LENGTH = 0x4000
                0x00000000                        FLASH_START = 0x0
                0x00010000                        FLASH_LENGTH = 0x10000
                0x40100000                        DATA_FLASH_START = 0x40100000
                0x00001000                        DATA_FLASH_LENGTH = 0x1000
                0x00000000                        OPTION_SETTING_START = 0x0
                0x00000000                        OPTION_SETTING_LENGTH = 0x0
                0x80000000                        OPTION_SETTING_S_START = 0x80000000
                0x00000000                        OPTION_SETTING_S_LENGTH = 0x0
                0x01010018                        ID_CODE_START = 0x1010018
                0x00000020                        ID_CODE_LENGTH = 0x20
                0x80010000                        SDRAM_START = 0x80010000
                0x00000000                        SDRAM_LENGTH = 0x0
                0x60000000                        QSPI_FLASH_START = 0x60000000
                0x00000000                        QSPI_FLASH_LENGTH = 0x0
                0x80020000                        OSPI_DEVICE_0_START = 0x80020000
                0x00000000                        OSPI_DEVICE_0_LENGTH = 0x0
                0x80030000                        OSPI_DEVICE_1_START = 0x80030000
                0x00000000                        OSPI_DEVICE_1_LENGTH = 0x0
                0x00000000                        QSPI_FLASH_PRV_LENGTH = DEFINED (QSPI_FLASH_SIZE)?ABSOLUTE (QSPI_FLASH_SIZE):ABSOLUTE (QSPI_FLASH_LENGTH)
                0x00000000                        OSPI_DEVICE_0_PRV_LENGTH = DEFINED (OSPI_DEVICE_0_SIZE)?ABSOLUTE (OSPI_DEVICE_0_SIZE):ABSOLUTE (OSPI_DEVICE_0_LENGTH)
                0x00000000                        OSPI_DEVICE_1_PRV_LENGTH = DEFINED (OSPI_DEVICE_1_SIZE)?ABSOLUTE (OSPI_DEVICE_1_SIZE):ABSOLUTE (OSPI_DEVICE_1_LENGTH)
                0x00000000                        __RESERVE_NS_RAM = ((! (DEFINED (PROJECT_NONSECURE)) && DEFINED (RAM_NS_BUFFER_LENGTH)) && (OPTION_SETTING_S_LENGTH != 0x0))
                0x00000000                        ITCM_START = DEFINED (ITCM_START)?ITCM_START:0x0
                0x00000000                        ITCM_LENGTH = DEFINED (ITCM_LENGTH)?ITCM_LENGTH:0x0
                0x00000000                        DTCM_START = DEFINED (DTCM_START)?DTCM_START:0x0
                0x00000000                        DTCM_LENGTH = DEFINED (DTCM_LENGTH)?DTCM_LENGTH:0x0
                0x00000000                        RAM_NS_BUFFER_BLOCK_LENGTH = DEFINED (RAM_NS_BUFFER_LENGTH)?ALIGN (RAM_NS_BUFFER_LENGTH, 0x2000):0x0
                0x00000000                        RAM_NS_BUFFER_LENGTH = DEFINED (RAM_NS_BUFFER_LENGTH)?RAM_NS_BUFFER_LENGTH:0x0
                0x20008000                        RAM_NS_BUFFER_START = ((RAM_START + RAM_LENGTH) - RAM_NS_BUFFER_LENGTH)
                0x20008000                        RAM_NS_BUFFER_BLOCK_START = ((RAM_START + RAM_LENGTH) - RAM_NS_BUFFER_BLOCK_LENGTH)
                0x00000080                        OPTION_SETTING_START_NS = DEFINED (PROJECT_NONSECURE)?OPTION_SETTING_START:(OPTION_SETTING_START + 0x80)
                0x00000001                        __bl_FSP_BOOTABLE_IMAGE = 0x1
                0x00000001                        __bln_FSP_BOOTABLE_IMAGE = 0x1
                0x00000000                        PROJECT_SECURE_OR_FLAT = (((! (DEFINED (PROJECT_NONSECURE)) || DEFINED (PROJECT_SECURE)) && OPTION_SETTING_LENGTH) && ! (DEFINED (FSP_BOOTABLE_IMAGE)))
                0x00000000                        USE_OPTION_SETTING_NS = (DEFINED (PROJECT_NONSECURE) && ! (DEFINED (FSP_BOOTABLE_IMAGE)))
                0x00000000                        __bl_FLASH_IMAGE_START = ! (DEFINED (FLASH_BOOTLOADER_LENGTH))?0x0:(FLASH_APPLICATION_IMAGE_NUMBER == 0x1)?((FLASH_START + FLASH_BOOTLOADER_LENGTH) + FLASH_BOOTLOADER_HEADER_LENGTH):(DEFINED (BOOTLOADER_SECONDARY_USE_QSPI) || DEFINED (BOOTLOADER_SECONDARY_USE_OSPI_B))?(((FLASH_START + FLASH_BOOTLOADER_LENGTH) + FLASH_BOOTLOADER_SCRATCH_LENGTH) + FLASH_BOOTLOADER_HEADER_LENGTH):((((FLASH_START + FLASH_BOOTLOADER_LENGTH) + FLASH_BOOTLOADER_SCRATCH_LENGTH) + FLASH_APPLICATION_S_LENGTH) + FLASH_BOOTLOADER_HEADER_LENGTH)
                0x00000000                        __bl_FLASH_IMAGE_LENGTH = ! (DEFINED (FLASH_BOOTLOADER_LENGTH))?0x0:(FLASH_APPLICATION_S_LENGTH - FLASH_BOOTLOADER_HEADER_LENGTH)
                0x00000000                        __bl_FLASH_IMAGE_END = (__bl_FLASH_IMAGE_START + __bl_FLASH_IMAGE_LENGTH)
                0x00000000                        __bl_XIP_SECONDARY_FLASH_IMAGE_START = ! (DEFINED (FLASH_BOOTLOADER_LENGTH))?0x0:(((FLASH_START + FLASH_BOOTLOADER_LENGTH) + FLASH_APPLICATION_S_LENGTH) + FLASH_BOOTLOADER_HEADER_LENGTH)
                0x00000000                        __bl_XIP_SECONDARY_FLASH_IMAGE_END = (__bl_XIP_SECONDARY_FLASH_IMAGE_START + __bl_FLASH_IMAGE_LENGTH)
                0x00000000                        __bl_FLASH_IMAGE_START_FROM_MMF_REGION = DEFINED (BOOT_IMAGE_FROM_MMF_REGION)?BOOT_IMAGE_FROM_MMF_REGION:0x0
                0x00000000                        __bl_MEMORY_MIRROR_REGION_START = DEFINED (MMF_REGION_START_ADDR)?MMF_REGION_START_ADDR:0x0
                0x00000000                        __bl_FLASH_NS_START = ! (DEFINED (FLASH_BOOTLOADER_LENGTH))?0x0:(FLASH_APPLICATION_NS_LENGTH == 0x0)?__bl_FLASH_IMAGE_END:((__bl_FLASH_IMAGE_START - FLASH_BOOTLOADER_HEADER_LENGTH) + FLASH_APPLICATION_S_LENGTH)
                0x00000000                        __bl_FLASH_NSC_START = ! (DEFINED (FLASH_BOOTLOADER_LENGTH))?0x0:(FLASH_APPLICATION_NS_LENGTH == 0x0)?__bl_FLASH_IMAGE_END:(__bl_FLASH_IMAGE_END - FLASH_APPLICATION_NSC_LENGTH)
                0x00000000                        __bl_RAM_NS_START = ! (DEFINED (FLASH_BOOTLOADER_LENGTH))?0x0:(FLASH_APPLICATION_NS_LENGTH == 0x0)?(RAM_START + RAM_LENGTH):((RAM_START + RAM_LENGTH) - RAM_APPLICATION_NS_LENGTH)
                0x00000000                        __bl_RAM_NSC_START = ! (DEFINED (FLASH_BOOTLOADER_LENGTH))?0x0:(FLASH_APPLICATION_NS_LENGTH == 0x0)?(RAM_START + RAM_LENGTH):(__bl_RAM_NS_START - RAM_APPLICATION_NSC_LENGTH)
                0x00000000                        __bl_FLASH_NS_IMAGE_START = ! (DEFINED (FLASH_BOOTLOADER_LENGTH))?0x0:(FLASH_APPLICATION_NS_LENGTH == 0x0)?__bl_FLASH_IMAGE_END:(__bl_FLASH_NS_START + FLASH_BOOTLOADER_HEADER_LENGTH_2)
                0x00000000                        __bln_FLASH_IMAGE_START = (__bl_FLASH_NS_IMAGE_START | ! (DEFINED (NS_OFFSET_START))?0x0:NS_OFFSET_START)
                0x00000000                        __bln_FLASH_IMAGE_LENGTH = ! (DEFINED (FLASH_BOOTLOADER_LENGTH))?0x0:(FLASH_APPLICATION_NS_LENGTH == 0x0)?__bl_FLASH_IMAGE_END:(FLASH_APPLICATION_NS_LENGTH - FLASH_BOOTLOADER_HEADER_LENGTH_2)
                0x00000000                        XIP_SECONDARY_SLOT_IMAGE = DEFINED (XIP_SECONDARY_SLOT_IMAGE)?XIP_SECONDARY_SLOT_IMAGE:0x0
                0x00000000                        FLASH_IMAGE_START_FROM_MMF_REGION = ! (DEFINED (FLASH_IMAGE_START_FROM_MMF_REGION))?0x0:FLASH_IMAGE_START_FROM_MMF_REGION
                0x00000000                        MEMORY_MIRROR_REGION_START = ! (DEFINED (MEMORY_MIRROR_REGION_START))?0x0:MEMORY_MIRROR_REGION_START
                0x00000000                        FLASH_ORIGIN = ! (DEFINED (FLASH_IMAGE_START))?FLASH_START:(XIP_SECONDARY_SLOT_IMAGE == 0x1)?XIP_SECONDARY_FLASH_IMAGE_START:(FLASH_IMAGE_START_FROM_MMF_REGION == 0x1)?MEMORY_MIRROR_REGION_START:FLASH_IMAGE_START
                0x00010000                        LIMITED_FLASH_LENGTH = DEFINED (FLASH_IMAGE_LENGTH)?FLASH_IMAGE_LENGTH:DEFINED (FLASH_BOOTLOADER_LENGTH)?FLASH_BOOTLOADER_LENGTH:FLASH_LENGTH
                0x00000034                        OPTION_SETTING_SAS_SIZE = 0x34
                0x00000000                        OPTION_SETTING_SAS_LENGTH = ! (DEFINED (OPTION_SETTING_LENGTH))?0x0:(OPTION_SETTING_LENGTH == 0x0)?0x0:(OPTION_SETTING_LENGTH - OPTION_SETTING_SAS_SIZE)
START GROUP
LOAD C:/Renesas/RA/e2studio_v2025-01_fsp_v5.8.0/toolchains/gcc_arm/13.2.rel1/bin/../lib/gcc/arm-none-eabi/13.2.1/thumb/v8-m.base/nofp\libgcc.a
LOAD C:/Renesas/RA/e2studio_v2025-01_fsp_v5.8.0/toolchains/gcc_arm/13.2.rel1/bin/../lib/gcc/arm-none-eabi/13.2.1/thumb/v8-m.base/nofp\libc.a
LOAD C:/Renesas/RA/e2studio_v2025-01_fsp_v5.8.0/toolchains/gcc_arm/13.2.rel1/bin/../lib/gcc/arm-none-eabi/13.2.1/thumb/v8-m.base/nofp\libm.a
END GROUP

.text           0x00000000     0x302c
                0x00000000                        __tz_FLASH_S = ABSOLUTE (FLASH_START)
                0x00000000                        __ROM_Start = .
 *(.fixed_vectors*)
 .fixed_vectors
                0x00000000       0x40 ./ra/fsp/src/bsp/cmsis/Device/RENESAS/Source/startup.o
                0x00000000                __Vectors
 *(.application_vectors*)
 .application_vectors
                0x00000040       0x80 ./ra_gen/vector_data.o
                0x00000040                g_vector_table
                0x000000c0                        __Vectors_End = .
 *(.flash_gap*)
                0x00000400                        . = (OPTION_SETTING_LENGTH > 0x0)?.:(__ROM_Start + 0x400)
 *fill*         0x000000c0      0x340 ff
 *(.rom_registers*)
 .rom_registers
                0x00000400       0x3c ./ra/fsp/src/bsp/mcu/all/bsp_rom_registers.o
 *(.mcuboot_sce9_key*)
 *(.text*)
 .text.deregister_tm_clones
                0x0000043c       0x24 C:/Renesas/RA/e2studio_v2025-01_fsp_v5.8.0/toolchains/gcc_arm/13.2.rel1/bin/../lib/gcc/arm-none-eabi/13.2.1/thumb/v8-m.base/nofp/crtbegin.o
 .text.register_tm_clones
                0x00000460       0x2c C:/Renesas/RA/e2studio_v2025-01_fsp_v5.8.0/toolchains/gcc_arm/13.2.rel1/bin/../lib/gcc/arm-none-eabi/13.2.1/thumb/v8-m.base/nofp/crtbegin.o
 .text.__do_global_dtors_aux
                0x0000048c       0x30 C:/Renesas/RA/e2studio_v2025-01_fsp_v5.8.0/toolchains/gcc_arm/13.2.rel1/bin/../lib/gcc/arm-none-eabi/13.2.1/thumb/v8-m.base/nofp/crtbegin.o
 .text.frame_dummy
                0x000004bc       0x28 C:/Renesas/RA/e2studio_v2025-01_fsp_v5.8.0/toolchains/gcc_arm/13.2.rel1/bin/../lib/gcc/arm-none-eabi/13.2.1/thumb/v8-m.base/nofp/crtbegin.o
 .text.hal_entry
                0x000004e4        0x8 ./src/hal_entry.o
                0x000004e4                hal_entry
 .text.R_BSP_WarmStart
                0x000004ec       0x30 ./src/hal_entry.o
                0x000004ec                R_BSP_WarmStart
 .text.startup.main
                0x0000051c        0xc ./ra_gen/main.o
                0x0000051c                main
 .text.RM_TOUCH_Open
                0x00000528      0x19c ./ra/fsp/src/rm_touch/rm_touch.o
                0x00000528                RM_TOUCH_Open
 .text.RM_TOUCH_ScanStart
                0x000006c4       0x18 ./ra/fsp/src/rm_touch/rm_touch.o
                0x000006c4                RM_TOUCH_ScanStart
 .text.RM_TOUCH_PadDataGet
                0x000006dc        0x4 ./ra/fsp/src/rm_touch/rm_touch.o
                0x000006dc                RM_TOUCH_PadDataGet
 .text.RM_TOUCH_CallbackSet
                0x000006e0       0x10 ./ra/fsp/src/rm_touch/rm_touch.o
                0x000006e0                RM_TOUCH_CallbackSet
 .text.RM_TOUCH_SensitivityRatioGet
                0x000006f0       0x70 ./ra/fsp/src/rm_touch/rm_touch.o
                0x000006f0                RM_TOUCH_SensitivityRatioGet
 .text.RM_TOUCH_ThresholdAdjust
                0x00000760       0x6c ./ra/fsp/src/rm_touch/rm_touch.o
                0x00000760                RM_TOUCH_ThresholdAdjust
 .text.RM_TOUCH_DriftControl
                0x000007cc        0x8 ./ra/fsp/src/rm_touch/rm_touch.o
                0x000007cc                RM_TOUCH_DriftControl
 .text.RM_TOUCH_ScanStop
                0x000007d4       0x28 ./ra/fsp/src/rm_touch/rm_touch.o
                0x000007d4                RM_TOUCH_ScanStop
 .text.RM_TOUCH_Close
                0x000007fc       0x40 ./ra/fsp/src/rm_touch/rm_touch.o
                0x000007fc                RM_TOUCH_Close
 .text.RM_TOUCH_DataGet
                0x0000083c      0x444 ./ra/fsp/src/rm_touch/rm_touch.o
                0x0000083c                RM_TOUCH_DataGet
 .text.R_IOPORT_Close
                0x00000c80        0x8 ./ra/fsp/src/r_ioport/r_ioport.o
                0x00000c80                R_IOPORT_Close
 .text.R_IOPORT_PinWrite
                0x00000c88       0x28 ./ra/fsp/src/r_ioport/r_ioport.o
                0x00000c88                R_IOPORT_PinWrite
 .text.r_ioport_pins_config
                0x00000cb0       0xdc ./ra/fsp/src/r_ioport/r_ioport.o
 .text.R_IOPORT_Open
                0x00000d8c       0x18 ./ra/fsp/src/r_ioport/r_ioport.o
                0x00000d8c                R_IOPORT_Open
 .text.R_IOPORT_PinsCfg
                0x00000da4        0xc ./ra/fsp/src/r_ioport/r_ioport.o
                0x00000da4                R_IOPORT_PinsCfg
 .text.R_DTC_Reset
                0x00000db0       0xa0 ./ra/fsp/src/r_dtc/r_dtc.o
                0x00000db0                R_DTC_Reset
 .text.R_DTC_SoftwareStart
                0x00000e50        0x4 ./ra/fsp/src/r_dtc/r_dtc.o
                0x00000e50                R_DTC_SoftwareStart
 .text.R_DTC_SoftwareStop
                0x00000e54        0x4 ./ra/fsp/src/r_dtc/r_dtc.o
                0x00000e54                R_DTC_SoftwareStop
 .text.R_DTC_Enable
                0x00000e58       0x20 ./ra/fsp/src/r_dtc/r_dtc.o
                0x00000e58                R_DTC_Enable
 .text.R_DTC_Disable
                0x00000e78       0x20 ./ra/fsp/src/r_dtc/r_dtc.o
                0x00000e78                R_DTC_Disable
 .text.R_DTC_InfoGet
                0x00000e98       0x50 ./ra/fsp/src/r_dtc/r_dtc.o
                0x00000e98                R_DTC_InfoGet
 .text.R_DTC_Reload
                0x00000ee8        0x4 ./ra/fsp/src/r_dtc/r_dtc.o
                0x00000ee8                R_DTC_Reload
 .text.R_DTC_CallbackSet
                0x00000eec        0x4 ./ra/fsp/src/r_dtc/r_dtc.o
                0x00000eec                R_DTC_CallbackSet
 .text.R_DTC_Close
                0x00000ef0       0x34 ./ra/fsp/src/r_dtc/r_dtc.o
                0x00000ef0                R_DTC_Close
 .text.R_DTC_Reconfigure
                0x00000f24       0x94 ./ra/fsp/src/r_dtc/r_dtc.o
                0x00000f24                R_DTC_Reconfigure
 .text.R_DTC_Open
                0x00000fb8       0xcc ./ra/fsp/src/r_dtc/r_dtc.o
                0x00000fb8                R_DTC_Open
 .text.R_CTSU_AutoJudgementDataGet
                0x00001084       0x20 ./ra/fsp/src/r_ctsu/r_ctsu.o
                0x00001084                R_CTSU_AutoJudgementDataGet
 .text.R_CTSU_CallbackSet
                0x000010a4       0x14 ./ra/fsp/src/r_ctsu/r_ctsu.o
                0x000010a4                R_CTSU_CallbackSet
 .text.ctsu_transfer_configure
                0x000010b8      0x100 ./ra/fsp/src/r_ctsu/r_ctsu.o
 .text.R_CTSU_ScanStart
                0x000011b8      0x1bc ./ra/fsp/src/r_ctsu/r_ctsu.o
                0x000011b8                R_CTSU_ScanStart
 .text.ctsu_initial_offset_tuning
                0x00001374      0x178 ./ra/fsp/src/r_ctsu/r_ctsu.o
 .text.R_CTSU_Diagnosis
                0x000014ec       0x14 ./ra/fsp/src/r_ctsu/r_ctsu.o
                0x000014ec                R_CTSU_Diagnosis
 .text.R_CTSU_SpecificDataGet
                0x00001500       0xf8 ./ra/fsp/src/r_ctsu/r_ctsu.o
                0x00001500                R_CTSU_SpecificDataGet
 .text.R_CTSU_DataInsert
                0x000015f8       0x48 ./ra/fsp/src/r_ctsu/r_ctsu.o
                0x000015f8                R_CTSU_DataInsert
 .text.R_CTSU_Close
                0x00001640       0x7c ./ra/fsp/src/r_ctsu/r_ctsu.o
                0x00001640                R_CTSU_Close
 .text.R_CTSU_ScanStop
                0x000016bc       0x48 ./ra/fsp/src/r_ctsu/r_ctsu.o
                0x000016bc                R_CTSU_ScanStop
 .text.ctsu_correction_calc.part.0.isra.0
                0x00001704      0x10c ./ra/fsp/src/r_ctsu/r_ctsu.o
 .text.ctsu_correction_ctsu2_exec
                0x00001810      0x268 ./ra/fsp/src/r_ctsu/r_ctsu.o
 .text.R_CTSU_DataGet
                0x00001a78       0x9c ./ra/fsp/src/r_ctsu/r_ctsu.o
                0x00001a78                R_CTSU_DataGet
 .text.R_CTSU_OffsetTuning
                0x00001b14       0x88 ./ra/fsp/src/r_ctsu/r_ctsu.o
                0x00001b14                R_CTSU_OffsetTuning
 .text.R_CTSU_Open
                0x00001b9c      0x9e4 ./ra/fsp/src/r_ctsu/r_ctsu.o
                0x00001b9c                R_CTSU_Open
 .text.ctsu_write_isr
                0x00002580       0x10 ./ra/fsp/src/r_ctsu/r_ctsu.o
                0x00002580                ctsu_write_isr
 .text.ctsu_read_isr
                0x00002590       0x10 ./ra/fsp/src/r_ctsu/r_ctsu.o
                0x00002590                ctsu_read_isr
 .text.ctsu_end_interrupt
                0x000025a0       0xbc ./ra/fsp/src/r_ctsu/r_ctsu.o
                0x000025a0                ctsu_end_interrupt
 .text.ctsu_end_isr
                0x0000265c       0x3c ./ra/fsp/src/r_ctsu/r_ctsu.o
                0x0000265c                ctsu_end_isr
 .text.bsp_prv_operating_mode_set
                0x00002698       0x8c ./ra/fsp/src/bsp/mcu/all/bsp_clocks.o
                0x00002698                bsp_prv_operating_mode_set
 .text.SystemCoreClockUpdate
                0x00002724       0x2c ./ra/fsp/src/bsp/mcu/all/bsp_clocks.o
                0x00002724                SystemCoreClockUpdate
 .text.R_BSP_SubClockStabilizeWaitAfterReset
                0x00002750        0x4 ./ra/fsp/src/bsp/mcu/all/bsp_clocks.o
                0x00002750                R_BSP_SubClockStabilizeWaitAfterReset
 .text.bsp_clock_init
                0x00002754      0x168 ./ra/fsp/src/bsp/mcu/all/bsp_clocks.o
                0x00002754                bsp_clock_init
 .text.R_BSP_Init_RTC
                0x000028bc       0x58 ./ra/fsp/src/bsp/mcu/all/bsp_clocks.o
                0x000028bc                R_BSP_Init_RTC
 .text.bsp_init_internal
                0x00002914        0x4 ./ra/fsp/src/bsp/mcu/all/bsp_common.o
                0x00002914                bsp_init_internal
                0x00002914                bsp_init
 .text.bsp_prv_software_delay_loop
                0x00002918        0x8 ./ra/fsp/src/bsp/mcu/all/bsp_delay.o
                0x00002918                bsp_prv_software_delay_loop
 .text.R_BSP_SoftwareDelay
                0x00002920       0x5c ./ra/fsp/src/bsp/mcu/all/bsp_delay.o
                0x00002920                R_BSP_SoftwareDelay
 .text.NMI_Handler
                0x0000297c       0x50 ./ra/fsp/src/bsp/mcu/all/bsp_group_irq.o
                0x0000297c                NMI_Handler
 .text.R_BSP_IrqStatusClear
                0x000029cc       0x1c ./ra/fsp/src/bsp/mcu/all/bsp_irq.o
                0x000029cc                R_BSP_IrqStatusClear
 .text.R_BSP_IrqCfgEnable
                0x000029e8       0x8c ./ra/fsp/src/bsp/mcu/all/bsp_irq.o
                0x000029e8                R_BSP_IrqCfgEnable
 .text.bsp_irq_cfg
                0x00002a74       0x28 ./ra/fsp/src/bsp/mcu/all/bsp_irq.o
                0x00002a74                bsp_irq_cfg
 .text.R_BSP_RegisterProtectEnable
                0x00002a9c       0x54 ./ra/fsp/src/bsp/mcu/all/bsp_register_protection.o
                0x00002a9c                R_BSP_RegisterProtectEnable
 .text.R_BSP_RegisterProtectDisable
                0x00002af0       0x4c ./ra/fsp/src/bsp/mcu/all/bsp_register_protection.o
                0x00002af0                R_BSP_RegisterProtectDisable
 .text.Default_Handler
                0x00002b3c        0x4 ./ra/fsp/src/bsp/cmsis/Device/RENESAS/Source/startup.o
                0x00002b3c                DebugMon_Handler
                0x00002b3c                HardFault_Handler
                0x00002b3c                SysTick_Handler
                0x00002b3c                PendSV_Handler
                0x00002b3c                UsageFault_Handler
                0x00002b3c                SecureFault_Handler
                0x00002b3c                Default_Handler
                0x00002b3c                MemManage_Handler
                0x00002b3c                SVC_Handler
                0x00002b3c                BusFault_Handler
 .text.Reset_Handler
                0x00002b40        0xc ./ra/fsp/src/bsp/cmsis/Device/RENESAS/Source/startup.o
                0x00002b40                Reset_Handler
 .text.SystemInit
                0x00002b4c      0x144 ./ra/fsp/src/bsp/cmsis/Device/RENESAS/Source/system.o
                0x00002b4c                SystemInit
 .text.qe_touch_callback
                0x00002c90       0x1c ./qe_gen/qe_touch_config.o
                0x00002c90                qe_touch_callback
 .text.qe_touch_main
                0x00002cac       0xbc ./qe_gen/qe_touch_sample.o
                0x00002cac                qe_touch_main
 .text.__muldi3
                0x00002d68       0x5c C:/Renesas/RA/e2studio_v2025-01_fsp_v5.8.0/toolchains/gcc_arm/13.2.rel1/bin/../lib/gcc/arm-none-eabi/13.2.1/thumb/v8-m.base/nofp\libgcc.a(_muldi3.o)
                0x00002d68                __muldi3
                0x00002d68                __aeabi_lmul
 .text.memset   0x00002dc4       0x10 C:/Renesas/RA/e2studio_v2025-01_fsp_v5.8.0/toolchains/gcc_arm/13.2.rel1/bin/../lib/gcc/arm-none-eabi/13.2.1/thumb/v8-m.base/nofp\libg_nano.a(libc_a-memset.o)
                0x00002dc4                memset
 .text.memcpy   0x00002dd4       0x12 C:/Renesas/RA/e2studio_v2025-01_fsp_v5.8.0/toolchains/gcc_arm/13.2.rel1/bin/../lib/gcc/arm-none-eabi/13.2.1/thumb/v8-m.base/nofp\libg_nano.a(libc_a-memcpy-stub.o)
                0x00002dd4                memcpy
 *(.version)
 *fill*         0x00002de6        0x2 ff
 .version       0x00002de8       0x50 ./ra/fsp/src/bsp/mcu/all/bsp_common.o
 *(.init)
 .init          0x00002e38        0x4 C:/Renesas/RA/e2studio_v2025-01_fsp_v5.8.0/toolchains/gcc_arm/13.2.rel1/bin/../lib/gcc/arm-none-eabi/13.2.1/thumb/v8-m.base/nofp/crti.o
                0x00002e38                _init
 .init          0x00002e3c        0x8 C:/Renesas/RA/e2studio_v2025-01_fsp_v5.8.0/toolchains/gcc_arm/13.2.rel1/bin/../lib/gcc/arm-none-eabi/13.2.1/thumb/v8-m.base/nofp/crtn.o
 *(.fini)
 .fini          0x00002e44        0x4 C:/Renesas/RA/e2studio_v2025-01_fsp_v5.8.0/toolchains/gcc_arm/13.2.rel1/bin/../lib/gcc/arm-none-eabi/13.2.1/thumb/v8-m.base/nofp/crti.o
                0x00002e44                _fini
 .fini          0x00002e48        0x8 C:/Renesas/RA/e2studio_v2025-01_fsp_v5.8.0/toolchains/gcc_arm/13.2.rel1/bin/../lib/gcc/arm-none-eabi/13.2.1/thumb/v8-m.base/nofp/crtn.o
 *crtbegin.o(.ctors)
 *crtbegin?.o(.ctors)
 *(EXCLUDE_FILE(*crtend.o *crtend?.o) .ctors)
 *(SORT_BY_NAME(.ctors.*))
 *(.ctors)
 *crtbegin.o(.dtors)
 *crtbegin?.o(.dtors)
 *(EXCLUDE_FILE(*crtend.o *crtend?.o) .dtors)
 *(SORT_BY_NAME(.dtors.*))
 *(.dtors)
 *(.rodata*)
 .rodata.g_transfer0
                0x00002e50        0xc ./ra_gen/common_data.o
                0x00002e50                g_transfer0
 .rodata.g_transfer0_cfg
                0x00002e5c        0x8 ./ra_gen/common_data.o
                0x00002e5c                g_transfer0_cfg
 .rodata.g_transfer0_cfg_extend
                0x00002e64        0x1 ./ra_gen/common_data.o
                0x00002e64                g_transfer0_cfg_extend
 *fill*         0x00002e65        0x3 ff
 .rodata.g_transfer1
                0x00002e68        0xc ./ra_gen/common_data.o
                0x00002e68                g_transfer1
 .rodata.g_transfer1_cfg
                0x00002e74        0x8 ./ra_gen/common_data.o
                0x00002e74                g_transfer1_cfg
 .rodata.g_transfer1_cfg_extend
                0x00002e7c        0x1 ./ra_gen/common_data.o
                0x00002e7c                g_transfer1_cfg_extend
 *fill*         0x00002e7d        0x3 ff
 .rodata.g_bsp_pin_cfg
                0x00002e80        0xc ./ra_gen/pin_data.o
                0x00002e80                g_bsp_pin_cfg
 .rodata.g_bsp_pin_cfg_data
                0x00002e8c       0x38 ./ra_gen/pin_data.o
                0x00002e8c                g_bsp_pin_cfg_data
 .rodata.g_interrupt_event_link_select
                0x00002ec4       0x20 ./ra_gen/vector_data.o
                0x00002ec4                g_interrupt_event_link_select
 .rodata.g_touch_on_ctsu
                0x00002ee4       0x28 ./ra/fsp/src/rm_touch/rm_touch.o
                0x00002ee4                g_touch_on_ctsu
 .rodata.g_transfer_on_dtc
                0x00002f0c       0x2c ./ra/fsp/src/r_dtc/r_dtc.o
                0x00002f0c                g_transfer_on_dtc
 .rodata.g_ctsu_on_ctsu
                0x00002f38       0x2c ./ra/fsp/src/r_ctsu/r_ctsu.o
                0x00002f38                g_ctsu_on_ctsu
 .rodata.g_ctsu_tscap_pin_cfg
                0x00002f64        0xc ./ra/fsp/src/r_ctsu/r_ctsu.o
 .rodata.g_prcr_masks
                0x00002f70        0x8 ./ra/fsp/src/bsp/mcu/all/bsp_register_protection.o
 .rodata.g_qe_touch_instance_config01
                0x00002f78        0xc ./qe_gen/qe_touch_config.o
                0x00002f78                g_qe_touch_instance_config01
 .rodata.g_qe_touch_cfg_config01
                0x00002f84       0x2c ./qe_gen/qe_touch_config.o
                0x00002f84                g_qe_touch_cfg_config01
 .rodata.g_qe_touch_button_cfg_config01
                0x00002fb0        0xc ./qe_gen/qe_touch_config.o
                0x00002fb0                g_qe_touch_button_cfg_config01
 .rodata.g_qe_ctsu_instance_config01
                0x00002fbc        0xc ./qe_gen/qe_touch_config.o
                0x00002fbc                g_qe_ctsu_instance_config01
 .rodata.g_qe_ctsu_cfg_config01
                0x00002fc8       0x54 ./qe_gen/qe_touch_config.o
                0x00002fc8                g_qe_ctsu_cfg_config01
 .rodata.g_qe_ctsu_element_cfg_config01
                0x0000301c        0xc ./qe_gen/qe_touch_config.o
                0x0000301c                g_qe_ctsu_element_cfg_config01
                0x00003028                        __usb_dev_descriptor_start_fs = .
 *(.usb_device_desc_fs*)
                0x00003028                        __usb_cfg_descriptor_start_fs = .
 *(.usb_config_desc_fs*)
                0x00003028                        __usb_interface_descriptor_start_fs = .
 *(.usb_interface_desc_fs*)
                0x00003028                        __usb_descriptor_end_fs = .
                0x00003028                        __usb_dev_descriptor_start_hs = .
 *(.usb_device_desc_hs*)
                0x00003028                        __usb_cfg_descriptor_start_hs = .
 *(.usb_config_desc_hs*)
                0x00003028                        __usb_interface_descriptor_start_hs = .
 *(.usb_interface_desc_hs*)
                0x00003028                        __usb_descriptor_end_hs = .
 *(.eh_frame*)
 .eh_frame      0x00003028        0x0 C:/Renesas/RA/e2studio_v2025-01_fsp_v5.8.0/toolchains/gcc_arm/13.2.rel1/bin/../lib/gcc/arm-none-eabi/13.2.1/thumb/v8-m.base/nofp/crtbegin.o
 .eh_frame      0x00003028        0x4 C:/Renesas/RA/e2studio_v2025-01_fsp_v5.8.0/toolchains/gcc_arm/13.2.rel1/bin/../lib/gcc/arm-none-eabi/13.2.1/thumb/v8-m.base/nofp/crtend.o
                0x0000302c                        __ROM_End = .
                0x000000c0                        __Vectors_Size = (__Vectors_End - __Vectors)

.glue_7         0x0000302c        0x0
 .glue_7        0x0000302c        0x0 linker stubs

.glue_7t        0x0000302c        0x0
 .glue_7t       0x0000302c        0x0 linker stubs

.vfp11_veneer   0x0000302c        0x0
 .vfp11_veneer  0x0000302c        0x0 linker stubs

.v4_bx          0x0000302c        0x0
 .v4_bx         0x0000302c        0x0 linker stubs

.iplt           0x0000302c        0x0
 .iplt          0x0000302c        0x0 C:/Renesas/RA/e2studio_v2025-01_fsp_v5.8.0/toolchains/gcc_arm/13.2.rel1/bin/../lib/gcc/arm-none-eabi/13.2.1/thumb/v8-m.base/nofp/crtbegin.o
                0x0000302c                        . = .
                0x0000302c                        __itcm_data_pre_location = .

.itcm_data      0x00000000        0x0 load address 0x00003030
                0x00000000                        __tz_ITCM_S = ABSOLUTE (ITCM_START)
                0x00000000                        __itcm_data_start = .
 *(.itcm_data*)
                0x00000000                        . = ALIGN (0x8)
                0x00000000                        __itcm_data_end = .
                0x00000000                        __tz_ITCM_N = DEFINED (ITCM_NS_START)?ABSOLUTE (ITCM_NS_START):ALIGN (__itcm_data_end, 0x2000)
                0x00003030                        __itcm_data_init_start = LOADADDR (.itcm_data)
                0x00003030                        __itcm_data_init_end = (LOADADDR (.itcm_data) + SIZEOF (.itcm_data))
                0x00000001                        ASSERT (((ORIGIN (ITCM) % 0x8) == 0x0), ITCM memory region origin must be aligned to 8 bytes.)
                0x00000001                        ASSERT (((LENGTH (ITCM) % 0x8) == 0x0), ITCM memory region length must be a multiple of 8 bytes.)
                0x00000001                        ASSERT (((LOADADDR (.itcm_data) % 0x10) == 0x0), .itcm_data section must be aligned to 16 bytes.)
                0x00000001                        ASSERT (((SIZEOF (.itcm_data) % 0x8) == 0x0), .itcm_data section size must be a multiple of 8 bytes.)
                0x0000302c                        . = (SIZEOF (.itcm_data) > 0x0)?__itcm_data_init_end:__itcm_data_pre_location
                0x0000302c                        __exidx_start = .

/DISCARD/
 *(.ARM.extab* .gnu.linkonce.armextab.*)
 *(.ARM.exidx* .gnu.linkonce.armexidx.*)
                0x0000302c                        __exidx_end = .
                0x0000302c                        __etext = .
                0x20004000                        __tz_RAM_S = ORIGIN (RAM)

.fsp_dtc_vector_table
                0x20004000       0x80
                0x20004000                        . = ORIGIN (RAM)
 *(.fsp_dtc_vector_table)
 .fsp_dtc_vector_table
                0x20004000       0x80 ./ra/fsp/src/r_dtc/r_dtc.o

.data           0x20004080       0x30 load address 0x0000302c
                0x20004080                        __data_start__ = .
                0x20004080                        . = ALIGN (0x4)
                0x20004080                        __Code_In_RAM_Start = .
 *(.code_in_ram*)
                0x20004080                        __Code_In_RAM_End = .
 *(vtable)
 *(.data.*)
 .data.g_transfer0_info
                0x20004080       0x10 ./ra_gen/common_data.o
                0x20004080                g_transfer0_info
 .data.g_transfer1_info
                0x20004090       0x10 ./ra_gen/common_data.o
                0x20004090                g_transfer1_info
 .data.g_ctsu_tscap_pin_cfg_data
                0x200040a0        0x8 ./ra/fsp/src/r_ctsu/r_ctsu.o
 *(.data)
                0x200040a8                        . = ALIGN (0x4)
                0x200040a8                        PROVIDE (__preinit_array_start = .)
 *(.preinit_array)
                0x200040a8                        PROVIDE (__preinit_array_end = .)
                0x200040a8                        . = ALIGN (0x4)
                0x200040a8                        PROVIDE (__init_array_start = .)
 *(SORT_BY_NAME(.init_array.*))
 *(.init_array)
 .init_array    0x200040a8        0x4 C:/Renesas/RA/e2studio_v2025-01_fsp_v5.8.0/toolchains/gcc_arm/13.2.rel1/bin/../lib/gcc/arm-none-eabi/13.2.1/thumb/v8-m.base/nofp/crtbegin.o
                0x200040ac                        PROVIDE (__init_array_end = .)
                0x200040ac                        . = ALIGN (0x4)
                [!provide]                        PROVIDE (__fini_array_start = .)
 *(SORT_BY_NAME(.fini_array.*))
 *(.fini_array)
 .fini_array    0x200040ac        0x4 C:/Renesas/RA/e2studio_v2025-01_fsp_v5.8.0/toolchains/gcc_arm/13.2.rel1/bin/../lib/gcc/arm-none-eabi/13.2.1/thumb/v8-m.base/nofp/crtbegin.o
                [!provide]                        PROVIDE (__fini_array_end = .)
 *(.jcr*)
                0x200040b0                        . = ALIGN (0x4)
                0x200040b0                        __data_end__ = .

.tm_clone_table
                0x200040b0        0x0 load address 0x0000305c
 .tm_clone_table
                0x200040b0        0x0 C:/Renesas/RA/e2studio_v2025-01_fsp_v5.8.0/toolchains/gcc_arm/13.2.rel1/bin/../lib/gcc/arm-none-eabi/13.2.1/thumb/v8-m.base/nofp/crtbegin.o
 .tm_clone_table
                0x200040b0        0x0 C:/Renesas/RA/e2studio_v2025-01_fsp_v5.8.0/toolchains/gcc_arm/13.2.rel1/bin/../lib/gcc/arm-none-eabi/13.2.1/thumb/v8-m.base/nofp/crtend.o

.igot.plt       0x200040b0        0x0 load address 0x0000305c
 .igot.plt      0x200040b0        0x0 C:/Renesas/RA/e2studio_v2025-01_fsp_v5.8.0/toolchains/gcc_arm/13.2.rel1/bin/../lib/gcc/arm-none-eabi/13.2.1/thumb/v8-m.base/nofp/crtbegin.o
                0x200040b0                        . = .
                0x0000305c                        __dtcm_data_pre_location = (LOADADDR (.data) + SIZEOF (.data))

.dtcm_data      0x00000000        0x0 load address 0x00003060
                0x00000000                        __tz_DTCM_S = ABSOLUTE (DTCM_START)
                0x00000000                        __dtcm_data_start = .
 *(.dtcm_data*)
                0x00000000                        . = ALIGN (0x8)
                0x00000000                        __dtcm_data_end = .
                0x00000000                        . = __dtcm_data_end

.dtcm_bss       0x00000000        0x0
                0x00000000                        __dtcm_bss_start = .
 *(.dtcm_bss*)
                0x00000000                        . = ALIGN (0x8)
                0x00000000                        __dtcm_bss_end = .
                0x00000000                        __tz_DTCM_N = DEFINED (DTCM_NS_START)?ABSOLUTE (DTCM_NS_START):ALIGN (__dtcm_bss_end, 0x2000)
                0x00003060                        __dtcm_data_init_start = LOADADDR (.dtcm_data)
                0x00003060                        __dtcm_data_init_end = (LOADADDR (.dtcm_data) + SIZEOF (.dtcm_data))
                0x00000001                        ASSERT (((ORIGIN (DTCM) % 0x8) == 0x0), DTCM memory region origin must be aligned to 8 bytes.)
                0x00000001                        ASSERT (((LENGTH (DTCM) % 0x8) == 0x0), DTCM memory region length must be a multiple of 8 bytes.)
                0x00000001                        ASSERT ((LOADADDR (.dtcm_bss) == ADDR (.dtcm_bss)), .dtcm_bss has (VMA != LMA) but should be NOLOAD (VMA == LMA).)
                0x00000001                        ASSERT (((LOADADDR (.dtcm_data) % 0x10) == 0x0), .dtcm_data section must be aligned to 16 bytes.)
                0x00000001                        ASSERT (((SIZEOF (.dtcm_data) % 0x8) == 0x0), .dtcm_data section size must be a multiple of 8 bytes.)
                0x00000001                        ASSERT (((LOADADDR (.dtcm_bss) % 0x8) == 0x0), .dtcm_bss section must be aligned to 8 bytes.)
                0x00000001                        ASSERT (((SIZEOF (.dtcm_bss) % 0x8) == 0x0), .dtcm_bss section size must be a multiple of 8 bytes.)
                0x00000001                        ASSERT ((__dtcm_bss_start == __dtcm_data_end), .dtcm_bss section is not adjacent to .dtcm_data section.)
                0x0000305c                        . = (SIZEOF (.dtcm_data) > 0x0)?__dtcm_data_init_end:__dtcm_data_pre_location
                0x0000305c                        sgstubs_pre_location = .
                0x00003400                        SGSTUBS_LOC = (DEFINED (PROJECT_SECURE) && DEFINED (FLASH_NSC_START))?ABSOLUTE (FLASH_NSC_START):ALIGN (0x400)

.gnu.sgstubs    0x00003400        0x0
                0x00003400                        __tz_FLASH_C = DEFINED (FLASH_NSC_START)?ABSOLUTE (FLASH_NSC_START):__RESERVE_NS_RAM?ABSOLUTE ((FLASH_START + FLASH_LENGTH)):ALIGN (0x400)
                0x00003400                        _start_sg = .
 *(.gnu.sgstubs*)
                0x00003400                        . = ALIGN (0x20)
                0x00003400                        _end_sg = .
                0x00008000                        __tz_FLASH_N = DEFINED (FLASH_NS_START)?ABSOLUTE (FLASH_NS_START):__RESERVE_NS_RAM?ABSOLUTE ((FLASH_START + FLASH_LENGTH)):(FLASH_LENGTH < 0x8000)?FLASH_LENGTH:ALIGN (0x8000)
                0x00008000                        FLASH_NS_IMAGE_START = DEFINED (FLASH_NS_IMAGE_START)?FLASH_NS_IMAGE_START:__tz_FLASH_N
                0x60000000                        __tz_QSPI_FLASH_S = ORIGIN (QSPI_FLASH)

.qspi_flash     0x60000000        0x0
                0x60000000                        __qspi_flash_start__ = .
 *(.qspi_flash*)
 *(.code_in_qspi*)
                0x60000000                        __qspi_flash_end__ = .
                0x00000000                        __qspi_flash_code_size__ = (__qspi_flash_end__ - __qspi_flash_start__)
                0x0000305c                        __qspi_flash_code_addr__ = sgstubs_pre_location

.qspi_non_retentive
                0x60000000        0x0 load address 0x0000305c
                0x60000000                        __qspi_non_retentive_start__ = .
 *(.qspi_non_retentive*)
                0x60000000                        __qspi_non_retentive_end__ = .
                0x00000000                        __qspi_non_retentive_size__ = (__qspi_non_retentive_end__ - __qspi_non_retentive_start__)
                0x04000000                        __qspi_region_max_size__ = 0x4000000
                0x60000000                        __qspi_region_start_address__ = __qspi_flash_start__
                0x64000000                        __qspi_region_end_address__ = (__qspi_flash_start__ + __qspi_region_max_size__)
                0x60000000                        __tz_QSPI_FLASH_N = __qspi_non_retentive_end__

.OSPI_DEVICE_0_NO_LOAD
                0x80020000        0x0
                0x80020000                        . = ALIGN (0x4)
                0x80020000                        __ospi_device_0_start__ = .
 *(.ospi_device_0_no_load*)
                0x80020000                        . = ALIGN (0x4)
                0x80020000                        __ospi_device_0_end__ = .

.OSPI_DEVICE_1_NO_LOAD
                0x80030000        0x0
                0x80030000                        . = ALIGN (0x4)
                0x80030000                        __ospi_device_1_start__ = .
 *(.ospi_device_1_no_load*)
                0x80030000                        . = ALIGN (0x4)
                0x80030000                        __ospi_device_1_end__ = .
                0x80020000                        __tz_OSPI_DEVICE_0_S = ORIGIN (OSPI_DEVICE_0)

.OSPI_DEVICE_0  0x80020000        0x0
                0x80020000                        __ospi_device_0_start__ = .
 *(.ospi_device_0*)
 *(.code_in_ospi_device_0*)
                0x80020000                        __ospi_device_0_end__ = .
                0x00000000                        __ospi_device_0_code_size__ = (__ospi_device_0_end__ - __ospi_device_0_start__)
                0x0000305c                        __ospi_device_0_code_addr__ = (sgstubs_pre_location + SIZEOF (.qspi_non_retentive))

.ospi_device_0_non_retentive
                0x80020000        0x0 load address 0x0000305c
                0x80020000                        __ospi_device_0_non_retentive_start__ = .
 *(.ospi_device_0_non_retentive*)
                0x80020000                        __ospi_device_0_non_retentive_end__ = .
                0x00000000                        __ospi_device_0_non_retentive_size__ = (__ospi_device_0_non_retentive_end__ - __ospi_device_0_non_retentive_start__)
                0x08000000                        __ospi_device_0_region_max_size__ = 0x8000000
                0x80020000                        __ospi_device_0_region_start_address__ = __ospi_device_0_start__
                0x88020000                        __ospi_device_0_region_end_address__ = (__ospi_device_0_start__ + __ospi_device_0_region_max_size__)
                0x80020000                        __tz_OSPI_DEVICE_0_N = __ospi_device_0_non_retentive_end__
                0x80030000                        __tz_OSPI_DEVICE_1_S = ORIGIN (OSPI_DEVICE_1)

.OSPI_DEVICE_1  0x80030000        0x0
                0x80030000                        __ospi_device_1_start__ = .
 *(.ospi_device_1*)
 *(.code_in_ospi_device_1*)
                0x80030000                        __ospi_device_1_end__ = .
                0x00000000                        __ospi_device_1_code_size__ = (__ospi_device_1_end__ - __ospi_device_1_start__)
                0x0000305c                        __ospi_device_1_code_addr__ = (sgstubs_pre_location + (SIZEOF (.qspi_non_retentive) + SIZEOF (.ospi_device_0_non_retentive)))

.ospi_device_1_non_retentive
                0x80030000        0x0 load address 0x0000305c
                0x80030000                        __ospi_device_1_non_retentive_start__ = .
 *(.ospi_device_1_non_retentive*)
                0x80030000                        __ospi_device_1_non_retentive_end__ = .
                0x00000000                        __ospi_device_1_non_retentive_size__ = (__ospi_device_1_non_retentive_end__ - __ospi_device_1_non_retentive_start__)
                0x10000000                        __ospi_device_1_region_max_size__ = 0x10000000
                0x80030000                        __ospi_device_1_region_start_address__ = __ospi_device_1_start__
                0x90030000                        __ospi_device_1_region_end_address__ = (__ospi_device_1_start__ + __ospi_device_1_region_max_size__)
                0x80030000                        __tz_OSPI_DEVICE_1_N = __ospi_device_1_non_retentive_end__

.noinit         0x200040b0       0x18
                0x200040b0                        . = ALIGN (0x4)
                0x200040b0                        __noinit_start = .
 *(.noinit*)
 .noinit        0x200040b0       0x14 ./ra/fsp/src/bsp/mcu/all/bsp_clocks.o
                0x200040c8                        . = ALIGN (0x8)
 *fill*         0x200040c4        0x4 
 *(.heap.*)
                0x200040c8                        __noinit_end = .

.bss            0x200040c8      0x410
                0x200040c8                        . = ALIGN (0x4)
                0x200040c8                        __bss_start__ = .
 *(.bss*)
 .bss.completed.1
                0x200040c8        0x1 C:/Renesas/RA/e2studio_v2025-01_fsp_v5.8.0/toolchains/gcc_arm/13.2.rel1/bin/../lib/gcc/arm-none-eabi/13.2.1/thumb/v8-m.base/nofp/crtbegin.o
 *fill*         0x200040c9        0x3 
 .bss.object.0  0x200040cc       0x18 C:/Renesas/RA/e2studio_v2025-01_fsp_v5.8.0/toolchains/gcc_arm/13.2.rel1/bin/../lib/gcc/arm-none-eabi/13.2.1/thumb/v8-m.base/nofp/crtbegin.o
 .bss.g_ioport_ctrl
                0x200040e4        0x8 ./ra_gen/common_data.o
                0x200040e4                g_ioport_ctrl
 .bss.g_transfer0_ctrl
                0x200040ec        0x8 ./ra_gen/common_data.o
                0x200040ec                g_transfer0_ctrl
 .bss.g_transfer1_ctrl
                0x200040f4        0x8 ./ra_gen/common_data.o
                0x200040f4                g_transfer1_ctrl
 .bss.gp_touch_isr_context
                0x200040fc        0x4 ./ra/fsp/src/rm_touch/rm_touch.o
                0x200040fc                gp_touch_isr_context
 .bss.g_touch_monitor_size
                0x20004100       0x10 ./ra/fsp/src/rm_touch/rm_touch.o
 .bss.g_touch_monitor_id
                0x20004110        0x1 ./ra/fsp/src/rm_touch/rm_touch.o
 *fill*         0x20004111        0x3 
 .bss.g_touch_monitor_buf
                0x20004114       0x4a ./ra/fsp/src/rm_touch/rm_touch.o
 *fill*         0x2000415e        0x2 
 .bss.g_button_mm_info
                0x20004160        0xc ./ra/fsp/src/rm_touch/rm_touch.o
 .bss.g_touch_button_drift_count
                0x2000416c        0x4 ./ra/fsp/src/rm_touch/rm_touch.o
 .bss.g_touch_button_drift_buf
                0x20004170        0x8 ./ra/fsp/src/rm_touch/rm_touch.o
 .bss.g_touch_button_off_count
                0x20004178        0x4 ./ra/fsp/src/rm_touch/rm_touch.o
 .bss.g_touch_button_on_count
                0x2000417c        0x4 ./ra/fsp/src/rm_touch/rm_touch.o
 .bss.g_touch_button_reference
                0x20004180        0x4 ./ra/fsp/src/rm_touch/rm_touch.o
 .bss.g_touch_button_hysteresis
                0x20004184        0x4 ./ra/fsp/src/rm_touch/rm_touch.o
 .bss.g_touch_button_threshold
                0x20004188        0x4 ./ra/fsp/src/rm_touch/rm_touch.o
 .bss.g_touch_button_index
                0x2000418c        0x1 ./ra/fsp/src/rm_touch/rm_touch.o
 *fill*         0x2000418d        0x3 
 .bss.g_data    0x20004190        0x4 ./ra/fsp/src/rm_touch/rm_touch.o
 .bss.g_dtc_state_initialized.0
                0x20004194        0x1 ./ra/fsp/src/r_dtc/r_dtc.o
 *fill*         0x20004195        0x3 
 .bss.g_ctsu_tscap_ioport_ctrl
                0x20004198        0x8 ./ra/fsp/src/r_ctsu/r_ctsu.o
 .bss.g_ctsu_selected_freq_self
                0x200041a0        0x2 ./ra/fsp/src/r_ctsu/r_ctsu.o
                0x200041a0                g_ctsu_selected_freq_self
 *fill*         0x200041a2        0x2 
 .bss.g_ctsu_correction_info
                0x200041a4       0xe4 ./ra/fsp/src/r_ctsu/r_ctsu.o
 .bss.g_ctsu_self_data
                0x20004288        0x8 ./ra/fsp/src/r_ctsu/r_ctsu.o
 .bss.g_ctsu_self_mfc
                0x20004290        0xc ./ra/fsp/src/r_ctsu/r_ctsu.o
 .bss.g_ctsu_self_corr
                0x2000429c        0xc ./ra/fsp/src/r_ctsu/r_ctsu.o
 .bss.g_ctsu_self_raw
                0x200042a8        0xc ./ra/fsp/src/r_ctsu/r_ctsu.o
 .bss.g_ctsu_self_element_index
                0x200042b4        0x2 ./ra/fsp/src/r_ctsu/r_ctsu.o
 *fill*         0x200042b6        0x2 
 .bss.g_ctsu_ctsuwr
                0x200042b8       0x18 ./ra/fsp/src/r_ctsu/r_ctsu.o
 .bss.g_ctsu_tuning_diff
                0x200042d0        0x8 ./ra/fsp/src/r_ctsu/r_ctsu.o
 .bss.g_ctsu_frequency_complete_flag
                0x200042d8        0x2 ./ra/fsp/src/r_ctsu/r_ctsu.o
 *fill*         0x200042da        0x2 
 .bss.g_ctsu_element_complete_flag
                0x200042dc        0x2 ./ra/fsp/src/r_ctsu/r_ctsu.o
 .bss.g_ctsu_element_index
                0x200042de        0x2 ./ra/fsp/src/r_ctsu/r_ctsu.o
 .bss.g_bsp_group_irq_sources
                0x200042e0       0x34 ./ra/fsp/src/bsp/mcu/all/bsp_group_irq.o
                0x200042e0                g_bsp_group_irq_sources
 .bss.g_protect_pfswe_counter
                0x20004314        0x4 ./ra/fsp/src/bsp/mcu/all/bsp_io.o
                0x20004314                g_protect_pfswe_counter
 .bss.gp_renesas_isr_context
                0x20004318       0x80 ./ra/fsp/src/bsp/mcu/all/bsp_irq.o
                0x20004318                gp_renesas_isr_context
 .bss.g_protect_counters
                0x20004398        0x8 ./ra/fsp/src/bsp/mcu/all/bsp_register_protection.o
                0x20004398                g_protect_counters
 .bss.SystemCoreClock
                0x200043a0        0x4 ./ra/fsp/src/bsp/cmsis/Device/RENESAS/Source/system.o
                0x200043a0                SystemCoreClock
 *fill*         0x200043a4        0x4 
 .bss.g_qe_touch_ctrl_config01
                0x200043a8       0x88 ./qe_gen/qe_touch_config.o
                0x200043a8                g_qe_touch_ctrl_config01
 .bss.g_qe_ctsu_ctrl_config01
                0x20004430       0x9c ./qe_gen/qe_touch_config.o
                0x20004430                g_qe_ctsu_ctrl_config01
 .bss.g_qe_ctsu_event
                0x200044cc        0x1 ./qe_gen/qe_touch_config.o
                0x200044cc                g_qe_ctsu_event
 .bss.g_qe_touch_flag
                0x200044cd        0x1 ./qe_gen/qe_touch_config.o
                0x200044cd                g_qe_touch_flag
 *fill*         0x200044ce        0x2 
 .bss.button_status
                0x200044d0        0x8 ./qe_gen/qe_touch_sample.o
                0x200044d0                button_status
 *(COMMON)
                0x200044d8                        . = ALIGN (0x4)
                0x200044d8                        __bss_end__ = .

.heap           0x200044d8        0x0
                0x200044d8                        . = ALIGN (0x8)
                0x200044d8                        __HeapBase = .
 *(.heap)
                0x200044d8                        __HeapLimit = .

.stack_dummy    0x200044d8      0x400
                0x200044d8                        . = ALIGN (0x8)
                0x200044d8                        __StackLimit = .
 *(.stack)
 .stack         0x200044d8      0x400 ./ra/fsp/src/bsp/cmsis/Device/RENESAS/Source/startup.o
                0x200048d8                        __StackTop = .
 *(.stack*)
                0x200048d8                        __StackTopAll = .
                0x200048d8                        PROVIDE (__stack = __StackTopAll)
                0x200048d8                        __RAM_segment_used_end__ = ALIGN (__StackTopAll, 0x4)
                0x20004c00                        __tz_RAM_C = DEFINED (RAM_NSC_START)?ABSOLUTE ((RAM_NSC_START - RAM_NS_BUFFER_BLOCK_LENGTH)):__RESERVE_NS_RAM?ABSOLUTE (RAM_NS_BUFFER_BLOCK_START):ALIGN (__RAM_segment_used_end__, 0x400)
                0x20006000                        __tz_RAM_N = DEFINED (RAM_NS_START)?ABSOLUTE ((RAM_NS_START - RAM_NS_BUFFER_BLOCK_LENGTH)):__RESERVE_NS_RAM?ABSOLUTE (RAM_NS_BUFFER_BLOCK_START):ALIGN (__tz_RAM_C, 0x2000)

.ns_buffer      0x200048d8        0x0
                0x200048d8                        . = __RESERVE_NS_RAM?ABSOLUTE ((RAM_NS_BUFFER_START & 0xffffffe0)):.
 *(.ns_buffer*)

.data_flash     0x40100000        0x0
                0x40100000                        . = ORIGIN (DATA_FLASH)
                0x40100000                        __tz_DATA_FLASH_S = .
                0x40100000                        __Data_Flash_Start = .
 *(.data_flash*)
                0x40100000                        __Data_Flash_End = .
                0x40100000                        __tz_DATA_FLASH_N = DEFINED (DATA_FLASH_NS_START)?ABSOLUTE (DATA_FLASH_NS_START):__RESERVE_NS_RAM?ABSOLUTE ((DATA_FLASH_START + DATA_FLASH_LENGTH)):ALIGN (0x400)
                0x80010000                        __tz_SDRAM_S = ORIGIN (SDRAM)

.sdram          0x80010000        0x0
                0x80010000                        __SDRAM_Start = .
 *(.sdram*)
 *(.frame*)
                0x80010000                        __SDRAM_End = .
                0x80010000                        __tz_SDRAM_N = __SDRAM_End
                0x01010018                        __tz_ID_CODE_S = ORIGIN (ID_CODE)
                0x01010018                        __tz_ID_CODE_N = __tz_ID_CODE_S

.id_code        0x01010018       0x1c
                0x01010018                        __ID_Code_Start = .
 *(.id_code*)
 .id_code       0x01010018       0x1c ./ra/fsp/src/bsp/mcu/all/bsp_rom_registers.o
                0x01010034                        __ID_Code_End = .
                0x00000000                        __tz_OPTION_SETTING_S = ORIGIN (OPTION_SETTING_OFS)

.rel.dyn        0x01010034        0x0
 .rel.iplt      0x01010034        0x0 C:/Renesas/RA/e2studio_v2025-01_fsp_v5.8.0/toolchains/gcc_arm/13.2.rel1/bin/../lib/gcc/arm-none-eabi/13.2.1/thumb/v8-m.base/nofp/crtbegin.o

.option_setting_ofs
                0x00000000        0x0
                0x00000000                        __OPTION_SETTING_OFS_Start = .
 *(.option_setting_ofs0)
                0x00000000                        . = PROJECT_SECURE_OR_FLAT?(__OPTION_SETTING_OFS_Start + 0x4):__OPTION_SETTING_OFS_Start
 *(.option_setting_ofs2)
                0x00000000                        . = PROJECT_SECURE_OR_FLAT?(__OPTION_SETTING_OFS_Start + 0x10):__OPTION_SETTING_OFS_Start
 *(.option_setting_dualsel)
                0x00000000                        __OPTION_SETTING_OFS_End = .

.option_setting_sas
                0x00000034        0x0
                0x00000034                        __OPTION_SETTING_SAS_Start = .
 *(.option_setting_sas)
                0x00000034                        __OPTION_SETTING_SAS_End = .
                0x00000080                        __tz_OPTION_SETTING_N = ABSOLUTE (OPTION_SETTING_START_NS)

.option_setting_ns
                0x00000000        0x0
                0x00000000                        __OPTION_SETTING_NS_Start = .
 *(.option_setting_ofs1)
                0x00000000                        . = USE_OPTION_SETTING_NS?(__OPTION_SETTING_NS_Start + 0x4):__OPTION_SETTING_NS_Start
 *(.option_setting_ofs3)
                0x00000000                        . = USE_OPTION_SETTING_NS?(__OPTION_SETTING_NS_Start + 0x10):__OPTION_SETTING_NS_Start
 *(.option_setting_banksel)
                0x00000000                        . = USE_OPTION_SETTING_NS?(__OPTION_SETTING_NS_Start + 0x40):__OPTION_SETTING_NS_Start
 *(.option_setting_bps0)
                0x00000000                        . = USE_OPTION_SETTING_NS?(__OPTION_SETTING_NS_Start + 0x44):__OPTION_SETTING_NS_Start
 *(.option_setting_bps1)
                0x00000000                        . = USE_OPTION_SETTING_NS?(__OPTION_SETTING_NS_Start + 0x48):__OPTION_SETTING_NS_Start
 *(.option_setting_bps2)
                0x00000000                        . = USE_OPTION_SETTING_NS?(__OPTION_SETTING_NS_Start + 0x4c):__OPTION_SETTING_NS_Start
 *(.option_setting_bps3)
                0x00000000                        . = USE_OPTION_SETTING_NS?(__OPTION_SETTING_NS_Start + 0x60):__OPTION_SETTING_NS_Start
 *(.option_setting_pbps0)
                0x00000000                        . = USE_OPTION_SETTING_NS?(__OPTION_SETTING_NS_Start + 0x64):__OPTION_SETTING_NS_Start
 *(.option_setting_pbps1)
                0x00000000                        . = USE_OPTION_SETTING_NS?(__OPTION_SETTING_NS_Start + 0x68):__OPTION_SETTING_NS_Start
 *(.option_setting_pbps2)
                0x00000000                        . = USE_OPTION_SETTING_NS?(__OPTION_SETTING_NS_Start + 0x6c):__OPTION_SETTING_NS_Start
 *(.option_setting_pbps3)
                0x00000000                        __OPTION_SETTING_NS_End = .
                0x80000000                        __tz_OPTION_SETTING_S_S = ORIGIN (OPTION_SETTING_S)

.option_setting_s
                0x80000000        0x0
                0x80000000                        __OPTION_SETTING_S_Start = .
 *(.option_setting_ofs1_sec)
                0x80000000                        . = PROJECT_SECURE_OR_FLAT?(__OPTION_SETTING_S_Start + 0x4):__OPTION_SETTING_S_Start
 *(.option_setting_ofs3_sec)
                0x80000000                        . = PROJECT_SECURE_OR_FLAT?(__OPTION_SETTING_S_Start + 0x10):__OPTION_SETTING_S_Start
 *(.option_setting_banksel_sec)
                0x80000000                        . = PROJECT_SECURE_OR_FLAT?(__OPTION_SETTING_S_Start + 0x40):__OPTION_SETTING_S_Start
 *(.option_setting_bps_sec0)
                0x80000000                        . = PROJECT_SECURE_OR_FLAT?(__OPTION_SETTING_S_Start + 0x44):__OPTION_SETTING_S_Start
 *(.option_setting_bps_sec1)
                0x80000000                        . = PROJECT_SECURE_OR_FLAT?(__OPTION_SETTING_S_Start + 0x48):__OPTION_SETTING_S_Start
 *(.option_setting_bps_sec2)
                0x80000000                        . = PROJECT_SECURE_OR_FLAT?(__OPTION_SETTING_S_Start + 0x4c):__OPTION_SETTING_S_Start
 *(.option_setting_bps_sec3)
                0x80000000                        . = PROJECT_SECURE_OR_FLAT?(__OPTION_SETTING_S_Start + 0x60):__OPTION_SETTING_S_Start
 *(.option_setting_pbps_sec0)
                0x80000000                        . = PROJECT_SECURE_OR_FLAT?(__OPTION_SETTING_S_Start + 0x64):__OPTION_SETTING_S_Start
 *(.option_setting_pbps_sec1)
                0x80000000                        . = PROJECT_SECURE_OR_FLAT?(__OPTION_SETTING_S_Start + 0x68):__OPTION_SETTING_S_Start
 *(.option_setting_pbps_sec2)
                0x80000000                        . = PROJECT_SECURE_OR_FLAT?(__OPTION_SETTING_S_Start + 0x6c):__OPTION_SETTING_S_Start
 *(.option_setting_pbps_sec3)
                0x80000000                        . = PROJECT_SECURE_OR_FLAT?(__OPTION_SETTING_S_Start + 0x80):__OPTION_SETTING_S_Start
 *(.option_setting_ofs1_sel)
                0x80000000                        . = PROJECT_SECURE_OR_FLAT?(__OPTION_SETTING_S_Start + 0x84):__OPTION_SETTING_S_Start
 *(.option_setting_ofs3_sel)
                0x80000000                        . = PROJECT_SECURE_OR_FLAT?(__OPTION_SETTING_S_Start + 0x90):__OPTION_SETTING_S_Start
 *(.option_setting_banksel_sel)
                0x80000000                        . = PROJECT_SECURE_OR_FLAT?(__OPTION_SETTING_S_Start + 0xc0):__OPTION_SETTING_S_Start
 *(.option_setting_bps_sel0)
                0x80000000                        . = PROJECT_SECURE_OR_FLAT?(__OPTION_SETTING_S_Start + 0xc4):__OPTION_SETTING_S_Start
 *(.option_setting_bps_sel1)
                0x80000000                        . = PROJECT_SECURE_OR_FLAT?(__OPTION_SETTING_S_Start + 0xc8):__OPTION_SETTING_S_Start
 *(.option_setting_bps_sel2)
                0x80000000                        . = PROJECT_SECURE_OR_FLAT?(__OPTION_SETTING_S_Start + 0xcc):__OPTION_SETTING_S_Start
 *(.option_setting_bps_sel3)
                0x80000000                        __OPTION_SETTING_S_End = .
                0x80000000                        __tz_OPTION_SETTING_S_N = __OPTION_SETTING_S_End
OUTPUT(RA2E1_Project21.elf elf32-littlearm)
LOAD linker stubs

.ARM.attributes
                0x00000000       0x2c
 .ARM.attributes
                0x00000000       0x22 C:/Renesas/RA/e2studio_v2025-01_fsp_v5.8.0/toolchains/gcc_arm/13.2.rel1/bin/../lib/gcc/arm-none-eabi/13.2.1/thumb/v8-m.base/nofp/crti.o
 .ARM.attributes
                0x00000022       0x30 C:/Renesas/RA/e2studio_v2025-01_fsp_v5.8.0/toolchains/gcc_arm/13.2.rel1/bin/../lib/gcc/arm-none-eabi/13.2.1/thumb/v8-m.base/nofp/crtbegin.o
 .ARM.attributes
                0x00000052       0x30 ./src/hal_entry.o
 .ARM.attributes
                0x00000082       0x30 ./ra_gen/common_data.o
 .ARM.attributes
                0x000000b2       0x30 ./ra_gen/main.o
 .ARM.attributes
                0x000000e2       0x30 ./ra_gen/pin_data.o
 .ARM.attributes
                0x00000112       0x30 ./ra_gen/vector_data.o
 .ARM.attributes
                0x00000142       0x30 ./ra/fsp/src/rm_touch/rm_touch.o
 .ARM.attributes
                0x00000172       0x30 ./ra/fsp/src/r_ioport/r_ioport.o
 .ARM.attributes
                0x000001a2       0x30 ./ra/fsp/src/r_dtc/r_dtc.o
 .ARM.attributes
                0x000001d2       0x30 ./ra/fsp/src/r_ctsu/r_ctsu.o
 .ARM.attributes
                0x00000202       0x30 ./ra/fsp/src/bsp/mcu/all/bsp_clocks.o
 .ARM.attributes
                0x00000232       0x30 ./ra/fsp/src/bsp/mcu/all/bsp_common.o
 .ARM.attributes
                0x00000262       0x30 ./ra/fsp/src/bsp/mcu/all/bsp_delay.o
 .ARM.attributes
                0x00000292       0x30 ./ra/fsp/src/bsp/mcu/all/bsp_group_irq.o
 .ARM.attributes
                0x000002c2       0x30 ./ra/fsp/src/bsp/mcu/all/bsp_io.o
 .ARM.attributes
                0x000002f2       0x30 ./ra/fsp/src/bsp/mcu/all/bsp_irq.o
 .ARM.attributes
                0x00000322       0x30 ./ra/fsp/src/bsp/mcu/all/bsp_register_protection.o
 .ARM.attributes
                0x00000352       0x30 ./ra/fsp/src/bsp/mcu/all/bsp_rom_registers.o
 .ARM.attributes
                0x00000382       0x30 ./ra/fsp/src/bsp/cmsis/Device/RENESAS/Source/startup.o
 .ARM.attributes
                0x000003b2       0x30 ./ra/fsp/src/bsp/cmsis/Device/RENESAS/Source/system.o
 .ARM.attributes
                0x000003e2       0x30 ./qe_gen/qe_touch_config.o
 .ARM.attributes
                0x00000412       0x30 ./qe_gen/qe_touch_sample.o
 .ARM.attributes
                0x00000442       0x30 C:/Renesas/RA/e2studio_v2025-01_fsp_v5.8.0/toolchains/gcc_arm/13.2.rel1/bin/../lib/gcc/arm-none-eabi/13.2.1/thumb/v8-m.base/nofp\libgcc.a(_muldi3.o)
 .ARM.attributes
                0x00000472       0x30 C:/Renesas/RA/e2studio_v2025-01_fsp_v5.8.0/toolchains/gcc_arm/13.2.rel1/bin/../lib/gcc/arm-none-eabi/13.2.1/thumb/v8-m.base/nofp\libg_nano.a(libc_a-memset.o)
 .ARM.attributes
                0x000004a2       0x30 C:/Renesas/RA/e2studio_v2025-01_fsp_v5.8.0/toolchains/gcc_arm/13.2.rel1/bin/../lib/gcc/arm-none-eabi/13.2.1/thumb/v8-m.base/nofp\libg_nano.a(libc_a-memcpy-stub.o)
 .ARM.attributes
                0x000004d2       0x30 C:/Renesas/RA/e2studio_v2025-01_fsp_v5.8.0/toolchains/gcc_arm/13.2.rel1/bin/../lib/gcc/arm-none-eabi/13.2.1/thumb/v8-m.base/nofp/crtend.o
 .ARM.attributes
                0x00000502       0x22 C:/Renesas/RA/e2studio_v2025-01_fsp_v5.8.0/toolchains/gcc_arm/13.2.rel1/bin/../lib/gcc/arm-none-eabi/13.2.1/thumb/v8-m.base/nofp/crtn.o

.comment        0x00000000       0x44
 .comment       0x00000000       0x44 ./src/hal_entry.o
                                 0x45 (size before relaxing)
 .comment       0x00000044       0x45 ./ra_gen/common_data.o
 .comment       0x00000044       0x45 ./ra_gen/main.o
 .comment       0x00000044       0x45 ./ra_gen/pin_data.o
 .comment       0x00000044       0x45 ./ra_gen/vector_data.o
 .comment       0x00000044       0x45 ./ra/fsp/src/rm_touch/rm_touch.o
 .comment       0x00000044       0x45 ./ra/fsp/src/r_ioport/r_ioport.o
 .comment       0x00000044       0x45 ./ra/fsp/src/r_dtc/r_dtc.o
 .comment       0x00000044       0x45 ./ra/fsp/src/r_ctsu/r_ctsu.o
 .comment       0x00000044       0x45 ./ra/fsp/src/bsp/mcu/all/bsp_clocks.o
 .comment       0x00000044       0x45 ./ra/fsp/src/bsp/mcu/all/bsp_common.o
 .comment       0x00000044       0x45 ./ra/fsp/src/bsp/mcu/all/bsp_delay.o
 .comment       0x00000044       0x45 ./ra/fsp/src/bsp/mcu/all/bsp_group_irq.o
 .comment       0x00000044       0x45 ./ra/fsp/src/bsp/mcu/all/bsp_io.o
 .comment       0x00000044       0x45 ./ra/fsp/src/bsp/mcu/all/bsp_irq.o
 .comment       0x00000044       0x45 ./ra/fsp/src/bsp/mcu/all/bsp_register_protection.o
 .comment       0x00000044       0x45 ./ra/fsp/src/bsp/mcu/all/bsp_rom_registers.o
 .comment       0x00000044       0x45 ./ra/fsp/src/bsp/cmsis/Device/RENESAS/Source/startup.o
 .comment       0x00000044       0x45 ./ra/fsp/src/bsp/cmsis/Device/RENESAS/Source/system.o
 .comment       0x00000044       0x45 ./qe_gen/qe_touch_config.o
 .comment       0x00000044       0x45 ./qe_gen/qe_touch_sample.o

.debug_info     0x00000000    0x30ae0
 .debug_info    0x00000000     0x1dd7 ./src/hal_entry.o
 .debug_info    0x00001dd7     0x1910 ./ra_gen/common_data.o
 .debug_info    0x000036e7       0xb1 ./ra_gen/main.o
 .debug_info    0x00003798      0xa28 ./ra_gen/pin_data.o
 .debug_info    0x000041c0      0x85e ./ra_gen/vector_data.o
 .debug_info    0x00004a1e     0x3704 ./ra/fsp/src/rm_touch/rm_touch.o
 .debug_info    0x00008122     0x2cb1 ./ra/fsp/src/r_ioport/r_ioport.o
 .debug_info    0x0000add3     0x595f ./ra/fsp/src/r_dtc/r_dtc.o
 .debug_info    0x00010732     0xad91 ./ra/fsp/src/r_ctsu/r_ctsu.o
 .debug_info    0x0001b4c3     0x5dae ./ra/fsp/src/bsp/mcu/all/bsp_clocks.o
 .debug_info    0x00021271      0x93b ./ra/fsp/src/bsp/mcu/all/bsp_common.o
 .debug_info    0x00021bac      0x1f8 ./ra/fsp/src/bsp/mcu/all/bsp_delay.o
 .debug_info    0x00021da4     0x1333 ./ra/fsp/src/bsp/mcu/all/bsp_group_irq.o
 .debug_info    0x000230d7       0xb2 ./ra/fsp/src/bsp/mcu/all/bsp_io.o
 .debug_info    0x00023189     0x18a2 ./ra/fsp/src/bsp/mcu/all/bsp_irq.o
 .debug_info    0x00024a2b     0x3910 ./ra/fsp/src/bsp/mcu/all/bsp_register_protection.o
 .debug_info    0x0002833b       0xe1 ./ra/fsp/src/bsp/mcu/all/bsp_rom_registers.o
 .debug_info    0x0002841c      0x168 ./ra/fsp/src/bsp/cmsis/Device/RENESAS/Source/startup.o
 .debug_info    0x00028584     0x2010 ./ra/fsp/src/bsp/cmsis/Device/RENESAS/Source/system.o
 .debug_info    0x0002a594     0x32d3 ./qe_gen/qe_touch_config.o
 .debug_info    0x0002d867     0x3279 ./qe_gen/qe_touch_sample.o

.debug_abbrev   0x00000000     0x3203
 .debug_abbrev  0x00000000      0x246 ./src/hal_entry.o
 .debug_abbrev  0x00000246      0x21a ./ra_gen/common_data.o
 .debug_abbrev  0x00000460       0x61 ./ra_gen/main.o
 .debug_abbrev  0x000004c1       0xff ./ra_gen/pin_data.o
 .debug_abbrev  0x000005c0       0xb5 ./ra_gen/vector_data.o
 .debug_abbrev  0x00000675      0x3d5 ./ra/fsp/src/rm_touch/rm_touch.o
 .debug_abbrev  0x00000a4a      0x41d ./ra/fsp/src/r_ioport/r_ioport.o
 .debug_abbrev  0x00000e67      0x524 ./ra/fsp/src/r_dtc/r_dtc.o
 .debug_abbrev  0x0000138b      0x604 ./ra/fsp/src/r_ctsu/r_ctsu.o
 .debug_abbrev  0x0000198f      0x408 ./ra/fsp/src/bsp/mcu/all/bsp_clocks.o
 .debug_abbrev  0x00001d97      0x188 ./ra/fsp/src/bsp/mcu/all/bsp_common.o
 .debug_abbrev  0x00001f1f      0x111 ./ra/fsp/src/bsp/mcu/all/bsp_delay.o
 .debug_abbrev  0x00002030      0x258 ./ra/fsp/src/bsp/mcu/all/bsp_group_irq.o
 .debug_abbrev  0x00002288       0x5e ./ra/fsp/src/bsp/mcu/all/bsp_io.o
 .debug_abbrev  0x000022e6      0x34a ./ra/fsp/src/bsp/mcu/all/bsp_irq.o
 .debug_abbrev  0x00002630      0x25d ./ra/fsp/src/bsp/mcu/all/bsp_register_protection.o
 .debug_abbrev  0x0000288d       0x61 ./ra/fsp/src/bsp/mcu/all/bsp_rom_registers.o
 .debug_abbrev  0x000028ee       0xf5 ./ra/fsp/src/bsp/cmsis/Device/RENESAS/Source/startup.o
 .debug_abbrev  0x000029e3      0x383 ./ra/fsp/src/bsp/cmsis/Device/RENESAS/Source/system.o
 .debug_abbrev  0x00002d66      0x237 ./qe_gen/qe_touch_config.o
 .debug_abbrev  0x00002f9d      0x266 ./qe_gen/qe_touch_sample.o

.debug_loclists
                0x00000000     0x4625
 .debug_loclists
                0x00000000       0x40 ./src/hal_entry.o
 .debug_loclists
                0x00000040      0xdbf ./ra/fsp/src/rm_touch/rm_touch.o
 .debug_loclists
                0x00000dff      0x831 ./ra/fsp/src/r_ioport/r_ioport.o
 .debug_loclists
                0x00001630      0x519 ./ra/fsp/src/r_dtc/r_dtc.o
 .debug_loclists
                0x00001b49     0x2253 ./ra/fsp/src/r_ctsu/r_ctsu.o
 .debug_loclists
                0x00003d9c      0x274 ./ra/fsp/src/bsp/mcu/all/bsp_clocks.o
 .debug_loclists
                0x00004010       0x29 ./ra/fsp/src/bsp/mcu/all/bsp_common.o
 .debug_loclists
                0x00004039      0x111 ./ra/fsp/src/bsp/mcu/all/bsp_delay.o
 .debug_loclists
                0x0000414a       0x7e ./ra/fsp/src/bsp/mcu/all/bsp_group_irq.o
 .debug_loclists
                0x000041c8      0x2c7 ./ra/fsp/src/bsp/mcu/all/bsp_irq.o
 .debug_loclists
                0x0000448f       0xb4 ./ra/fsp/src/bsp/mcu/all/bsp_register_protection.o
 .debug_loclists
                0x00004543       0xaa ./ra/fsp/src/bsp/cmsis/Device/RENESAS/Source/system.o
 .debug_loclists
                0x000045ed       0x38 ./qe_gen/qe_touch_sample.o

.debug_aranges  0x00000000      0x4d8
 .debug_aranges
                0x00000000       0x28 ./src/hal_entry.o
 .debug_aranges
                0x00000028       0x20 ./ra_gen/common_data.o
 .debug_aranges
                0x00000048       0x20 ./ra_gen/main.o
 .debug_aranges
                0x00000068       0x18 ./ra_gen/pin_data.o
 .debug_aranges
                0x00000080       0x18 ./ra_gen/vector_data.o
 .debug_aranges
                0x00000098       0x70 ./ra/fsp/src/rm_touch/rm_touch.o
 .debug_aranges
                0x00000108       0x88 ./ra/fsp/src/r_ioport/r_ioport.o
 .debug_aranges
                0x00000190       0x70 ./ra/fsp/src/r_dtc/r_dtc.o
 .debug_aranges
                0x00000200       0xb0 ./ra/fsp/src/r_ctsu/r_ctsu.o
 .debug_aranges
                0x000002b0       0x68 ./ra/fsp/src/bsp/mcu/all/bsp_clocks.o
 .debug_aranges
                0x00000318       0x30 ./ra/fsp/src/bsp/mcu/all/bsp_common.o
 .debug_aranges
                0x00000348       0x28 ./ra/fsp/src/bsp/mcu/all/bsp_delay.o
 .debug_aranges
                0x00000370       0x28 ./ra/fsp/src/bsp/mcu/all/bsp_group_irq.o
 .debug_aranges
                0x00000398       0x18 ./ra/fsp/src/bsp/mcu/all/bsp_io.o
 .debug_aranges
                0x000003b0       0x58 ./ra/fsp/src/bsp/mcu/all/bsp_irq.o
 .debug_aranges
                0x00000408       0x28 ./ra/fsp/src/bsp/mcu/all/bsp_register_protection.o
 .debug_aranges
                0x00000430       0x18 ./ra/fsp/src/bsp/mcu/all/bsp_rom_registers.o
 .debug_aranges
                0x00000448       0x28 ./ra/fsp/src/bsp/cmsis/Device/RENESAS/Source/startup.o
 .debug_aranges
                0x00000470       0x28 ./ra/fsp/src/bsp/cmsis/Device/RENESAS/Source/system.o
 .debug_aranges
                0x00000498       0x20 ./qe_gen/qe_touch_config.o
 .debug_aranges
                0x000004b8       0x20 ./qe_gen/qe_touch_sample.o

.debug_rnglists
                0x00000000      0x6f6
 .debug_rnglists
                0x00000000       0x19 ./src/hal_entry.o
 .debug_rnglists
                0x00000019       0x13 ./ra_gen/common_data.o
 .debug_rnglists
                0x0000002c       0x13 ./ra_gen/main.o
 .debug_rnglists
                0x0000003f       0xc4 ./ra/fsp/src/rm_touch/rm_touch.o
 .debug_rnglists
                0x00000103       0xc6 ./ra/fsp/src/r_ioport/r_ioport.o
 .debug_rnglists
                0x000001c9       0xc8 ./ra/fsp/src/r_dtc/r_dtc.o
 .debug_rnglists
                0x00000291      0x234 ./ra/fsp/src/r_ctsu/r_ctsu.o
 .debug_rnglists
                0x000004c5       0xae ./ra/fsp/src/bsp/mcu/all/bsp_clocks.o
 .debug_rnglists
                0x00000573       0x1f ./ra/fsp/src/bsp/mcu/all/bsp_common.o
 .debug_rnglists
                0x00000592       0x2b ./ra/fsp/src/bsp/mcu/all/bsp_delay.o
 .debug_rnglists
                0x000005bd       0x25 ./ra/fsp/src/bsp/mcu/all/bsp_group_irq.o
 .debug_rnglists
                0x000005e2       0x89 ./ra/fsp/src/bsp/mcu/all/bsp_irq.o
 .debug_rnglists
                0x0000066b       0x31 ./ra/fsp/src/bsp/mcu/all/bsp_register_protection.o
 .debug_rnglists
                0x0000069c       0x19 ./ra/fsp/src/bsp/cmsis/Device/RENESAS/Source/startup.o
 .debug_rnglists
                0x000006b5       0x1a ./ra/fsp/src/bsp/cmsis/Device/RENESAS/Source/system.o
 .debug_rnglists
                0x000006cf       0x13 ./qe_gen/qe_touch_config.o
 .debug_rnglists
                0x000006e2       0x14 ./qe_gen/qe_touch_sample.o

.debug_line     0x00000000     0x8795
 .debug_line    0x00000000      0x3c6 ./src/hal_entry.o
 .debug_line    0x000003c6      0x2ff ./ra_gen/common_data.o
 .debug_line    0x000006c5       0x5e ./ra_gen/main.o
 .debug_line    0x00000723      0x22a ./ra_gen/pin_data.o
 .debug_line    0x0000094d      0x14a ./ra_gen/vector_data.o
 .debug_line    0x00000a97     0x1068 ./ra/fsp/src/rm_touch/rm_touch.o
 .debug_line    0x00001aff      0xa3b ./ra/fsp/src/r_ioport/r_ioport.o
 .debug_line    0x0000253a      0x9dd ./ra/fsp/src/r_dtc/r_dtc.o
 .debug_line    0x00002f17     0x2a05 ./ra/fsp/src/r_ctsu/r_ctsu.o
 .debug_line    0x0000591c      0x856 ./ra/fsp/src/bsp/mcu/all/bsp_clocks.o
 .debug_line    0x00006172      0x2ad ./ra/fsp/src/bsp/mcu/all/bsp_common.o
 .debug_line    0x0000641f      0x2a9 ./ra/fsp/src/bsp/mcu/all/bsp_delay.o
 .debug_line    0x000066c8      0x31a ./ra/fsp/src/bsp/mcu/all/bsp_group_irq.o
 .debug_line    0x000069e2      0x186 ./ra/fsp/src/bsp/mcu/all/bsp_io.o
 .debug_line    0x00006b68      0x667 ./ra/fsp/src/bsp/mcu/all/bsp_irq.o
 .debug_line    0x000071cf      0x3d9 ./ra/fsp/src/bsp/mcu/all/bsp_register_protection.o
 .debug_line    0x000075a8      0x137 ./ra/fsp/src/bsp/mcu/all/bsp_rom_registers.o
 .debug_line    0x000076df      0x1f2 ./ra/fsp/src/bsp/cmsis/Device/RENESAS/Source/startup.o
 .debug_line    0x000078d1      0x6b2 ./ra/fsp/src/bsp/cmsis/Device/RENESAS/Source/system.o
 .debug_line    0x00007f83      0x38c ./qe_gen/qe_touch_config.o
 .debug_line    0x0000830f      0x486 ./qe_gen/qe_touch_sample.o

.debug_str      0x00000000     0xe2c7
 .debug_str     0x00000000     0xe2c7 ./src/hal_entry.o
                               0x36e4 (size before relaxing)
 .debug_str     0x0000e2c7     0x3aab ./ra_gen/common_data.o
 .debug_str     0x0000e2c7      0x1d0 ./ra_gen/main.o
 .debug_str     0x0000e2c7     0x1d89 ./ra_gen/pin_data.o
 .debug_str     0x0000e2c7     0x2465 ./ra_gen/vector_data.o
 .debug_str     0x0000e2c7     0x4ba7 ./ra/fsp/src/rm_touch/rm_touch.o
 .debug_str     0x0000e2c7     0x3b2b ./ra/fsp/src/r_ioport/r_ioport.o
 .debug_str     0x0000e2c7     0x40b8 ./ra/fsp/src/r_dtc/r_dtc.o
 .debug_str     0x0000e2c7     0x8ff6 ./ra/fsp/src/r_ctsu/r_ctsu.o
 .debug_str     0x0000e2c7     0x2832 ./ra/fsp/src/bsp/mcu/all/bsp_clocks.o
 .debug_str     0x0000e2c7     0x1c1d ./ra/fsp/src/bsp/mcu/all/bsp_common.o
 .debug_str     0x0000e2c7      0x306 ./ra/fsp/src/bsp/mcu/all/bsp_delay.o
 .debug_str     0x0000e2c7     0x2184 ./ra/fsp/src/bsp/mcu/all/bsp_group_irq.o
 .debug_str     0x0000e2c7      0x1f9 ./ra/fsp/src/bsp/mcu/all/bsp_io.o
 .debug_str     0x0000e2c7     0x2acb ./ra/fsp/src/bsp/mcu/all/bsp_irq.o
 .debug_str     0x0000e2c7     0x1b5c ./ra/fsp/src/bsp/mcu/all/bsp_register_protection.o
 .debug_str     0x0000e2c7      0x20f ./ra/fsp/src/bsp/mcu/all/bsp_rom_registers.o
 .debug_str     0x0000e2c7      0x261 ./ra/fsp/src/bsp/cmsis/Device/RENESAS/Source/startup.o
 .debug_str     0x0000e2c7     0x101a ./ra/fsp/src/bsp/cmsis/Device/RENESAS/Source/system.o
 .debug_str     0x0000e2c7     0x4d15 ./qe_gen/qe_touch_config.o
 .debug_str     0x0000e2c7     0x5c32 ./qe_gen/qe_touch_sample.o

.debug_frame    0x00000000      0xa18
 .debug_frame   0x00000000       0x40 ./src/hal_entry.o
 .debug_frame   0x00000040       0x20 ./ra_gen/common_data.o
 .debug_frame   0x00000060       0x28 ./ra_gen/main.o
 .debug_frame   0x00000088      0x134 ./ra/fsp/src/rm_touch/rm_touch.o
 .debug_frame   0x000001bc      0x140 ./ra/fsp/src/r_ioport/r_ioport.o
 .debug_frame   0x000002fc       0xf8 ./ra/fsp/src/r_dtc/r_dtc.o
 .debug_frame   0x000003f4      0x230 ./ra/fsp/src/r_ctsu/r_ctsu.o
 .debug_frame   0x00000624       0xe8 ./ra/fsp/src/bsp/mcu/all/bsp_clocks.o
 .debug_frame   0x0000070c       0x40 ./ra/fsp/src/bsp/mcu/all/bsp_common.o
 .debug_frame   0x0000074c       0x3c ./ra/fsp/src/bsp/mcu/all/bsp_delay.o
 .debug_frame   0x00000788       0x3c ./ra/fsp/src/bsp/mcu/all/bsp_group_irq.o
 .debug_frame   0x000007c4       0xc8 ./ra/fsp/src/bsp/mcu/all/bsp_irq.o
 .debug_frame   0x0000088c       0x48 ./ra/fsp/src/bsp/mcu/all/bsp_register_protection.o
 .debug_frame   0x000008d4       0x38 ./ra/fsp/src/bsp/cmsis/Device/RENESAS/Source/startup.o
 .debug_frame   0x0000090c       0x40 ./ra/fsp/src/bsp/cmsis/Device/RENESAS/Source/system.o
 .debug_frame   0x0000094c       0x20 ./qe_gen/qe_touch_config.o
 .debug_frame   0x0000096c       0x30 ./qe_gen/qe_touch_sample.o
 .debug_frame   0x0000099c       0x34 C:/Renesas/RA/e2studio_v2025-01_fsp_v5.8.0/toolchains/gcc_arm/13.2.rel1/bin/../lib/gcc/arm-none-eabi/13.2.1/thumb/v8-m.base/nofp\libgcc.a(_muldi3.o)
 .debug_frame   0x000009d0       0x20 C:/Renesas/RA/e2studio_v2025-01_fsp_v5.8.0/toolchains/gcc_arm/13.2.rel1/bin/../lib/gcc/arm-none-eabi/13.2.1/thumb/v8-m.base/nofp\libg_nano.a(libc_a-memset.o)
 .debug_frame   0x000009f0       0x28 C:/Renesas/RA/e2studio_v2025-01_fsp_v5.8.0/toolchains/gcc_arm/13.2.rel1/bin/../lib/gcc/arm-none-eabi/13.2.1/thumb/v8-m.base/nofp\libg_nano.a(libc_a-memcpy-stub.o)
