Archive member included to satisfy reference by file (symbol)

C:/Renesas/RA/e2studio_v2025-01_fsp_v5.8.0/toolchains/gcc_arm/13.2.rel1/bin/../lib/gcc/arm-none-eabi/13.2.1/thumb/v8-m.base/nofp\libgcc.a(_clzsi2.o)
                              ./ra/fsp/src/r_adc/r_adc.o (__clzsi2)
C:/Renesas/RA/e2studio_v2025-01_fsp_v5.8.0/toolchains/gcc_arm/13.2.rel1/bin/../lib/gcc/arm-none-eabi/13.2.1/thumb/v8-m.base/nofp\libgcc.a(_aeabi_ldivmod.o)
                              ./ra/fsp/src/r_sci_uart/r_sci_uart.o (__aeabi_ldivmod)
C:/Renesas/RA/e2studio_v2025-01_fsp_v5.8.0/toolchains/gcc_arm/13.2.rel1/bin/../lib/gcc/arm-none-eabi/13.2.1/thumb/v8-m.base/nofp\libgcc.a(_muldi3.o)
                              ./ra/fsp/src/r_sci_uart/r_sci_uart.o (__aeabi_lmul)
C:/Renesas/RA/e2studio_v2025-01_fsp_v5.8.0/toolchains/gcc_arm/13.2.rel1/bin/../lib/gcc/arm-none-eabi/13.2.1/thumb/v8-m.base/nofp\libgcc.a(bpabi.o)
                              C:/Renesas/RA/e2studio_v2025-01_fsp_v5.8.0/toolchains/gcc_arm/13.2.rel1/bin/../lib/gcc/arm-none-eabi/13.2.1/thumb/v8-m.base/nofp\libgcc.a(_aeabi_ldivmod.o) (__gnu_ldivmod_helper)
C:/Renesas/RA/e2studio_v2025-01_fsp_v5.8.0/toolchains/gcc_arm/13.2.rel1/bin/../lib/gcc/arm-none-eabi/13.2.1/thumb/v8-m.base/nofp\libgcc.a(divdf3.o)
                              ./src/hal_entry.o (__aeabi_ddiv)
C:/Renesas/RA/e2studio_v2025-01_fsp_v5.8.0/toolchains/gcc_arm/13.2.rel1/bin/../lib/gcc/arm-none-eabi/13.2.1/thumb/v8-m.base/nofp\libgcc.a(muldf3.o)
                              ./src/hal_entry.o (__aeabi_dmul)
C:/Renesas/RA/e2studio_v2025-01_fsp_v5.8.0/toolchains/gcc_arm/13.2.rel1/bin/../lib/gcc/arm-none-eabi/13.2.1/thumb/v8-m.base/nofp\libgcc.a(floatsidf.o)
                              ./src/hal_entry.o (__aeabi_i2d)
C:/Renesas/RA/e2studio_v2025-01_fsp_v5.8.0/toolchains/gcc_arm/13.2.rel1/bin/../lib/gcc/arm-none-eabi/13.2.1/thumb/v8-m.base/nofp\libgcc.a(_dvmd_tls.o)
                              C:/Renesas/RA/e2studio_v2025-01_fsp_v5.8.0/toolchains/gcc_arm/13.2.rel1/bin/../lib/gcc/arm-none-eabi/13.2.1/thumb/v8-m.base/nofp\libgcc.a(_aeabi_ldivmod.o) (__aeabi_ldiv0)
C:/Renesas/RA/e2studio_v2025-01_fsp_v5.8.0/toolchains/gcc_arm/13.2.rel1/bin/../lib/gcc/arm-none-eabi/13.2.1/thumb/v8-m.base/nofp\libgcc.a(_divdi3.o)
                              C:/Renesas/RA/e2studio_v2025-01_fsp_v5.8.0/toolchains/gcc_arm/13.2.rel1/bin/../lib/gcc/arm-none-eabi/13.2.1/thumb/v8-m.base/nofp\libgcc.a(bpabi.o) (__divdi3)
C:/Renesas/RA/e2studio_v2025-01_fsp_v5.8.0/toolchains/gcc_arm/13.2.rel1/bin/../lib/gcc/arm-none-eabi/13.2.1/thumb/v8-m.base/nofp\libg_nano.a(libc_a-exit.o)
                              C:/Renesas/RA/e2studio_v2025-01_fsp_v5.8.0/toolchains/gcc_arm/13.2.rel1/bin/../lib/gcc/arm-none-eabi/13.2.1/thumb/v8-m.base/nofp/crt0.o (exit)
C:/Renesas/RA/e2studio_v2025-01_fsp_v5.8.0/toolchains/gcc_arm/13.2.rel1/bin/../lib/gcc/arm-none-eabi/13.2.1/thumb/v8-m.base/nofp\libg_nano.a(libc_a-nano-vfprintf_float.o)
                              (_printf_float)
C:/Renesas/RA/e2studio_v2025-01_fsp_v5.8.0/toolchains/gcc_arm/13.2.rel1/bin/../lib/gcc/arm-none-eabi/13.2.1/thumb/v8-m.base/nofp\libg_nano.a(libc_a-nano-vfprintf_i.o)
                              C:/Renesas/RA/e2studio_v2025-01_fsp_v5.8.0/toolchains/gcc_arm/13.2.rel1/bin/../lib/gcc/arm-none-eabi/13.2.1/thumb/v8-m.base/nofp\libg_nano.a(libc_a-nano-vfprintf_float.o) (_printf_common)
C:/Renesas/RA/e2studio_v2025-01_fsp_v5.8.0/toolchains/gcc_arm/13.2.rel1/bin/../lib/gcc/arm-none-eabi/13.2.1/thumb/v8-m.base/nofp\libg_nano.a(libc_a-findfp.o)
                              C:/Renesas/RA/e2studio_v2025-01_fsp_v5.8.0/toolchains/gcc_arm/13.2.rel1/bin/../lib/gcc/arm-none-eabi/13.2.1/thumb/v8-m.base/nofp\libg_nano.a(libc_a-exit.o) (__stdio_exit_handler)
C:/Renesas/RA/e2studio_v2025-01_fsp_v5.8.0/toolchains/gcc_arm/13.2.rel1/bin/../lib/gcc/arm-none-eabi/13.2.1/thumb/v8-m.base/nofp\libg_nano.a(libc_a-fwalk.o)
                              C:/Renesas/RA/e2studio_v2025-01_fsp_v5.8.0/toolchains/gcc_arm/13.2.rel1/bin/../lib/gcc/arm-none-eabi/13.2.1/thumb/v8-m.base/nofp\libg_nano.a(libc_a-findfp.o) (_fwalk_sglue)
C:/Renesas/RA/e2studio_v2025-01_fsp_v5.8.0/toolchains/gcc_arm/13.2.rel1/bin/../lib/gcc/arm-none-eabi/13.2.1/thumb/v8-m.base/nofp\libg_nano.a(libc_a-printf.o)
                              ./src/hal_entry.o (printf)
C:/Renesas/RA/e2studio_v2025-01_fsp_v5.8.0/toolchains/gcc_arm/13.2.rel1/bin/../lib/gcc/arm-none-eabi/13.2.1/thumb/v8-m.base/nofp\libg_nano.a(libc_a-puts.o)
                              ./src/hal_entry.o (puts)
C:/Renesas/RA/e2studio_v2025-01_fsp_v5.8.0/toolchains/gcc_arm/13.2.rel1/bin/../lib/gcc/arm-none-eabi/13.2.1/thumb/v8-m.base/nofp\libg_nano.a(libc_a-stdio.o)
                              C:/Renesas/RA/e2studio_v2025-01_fsp_v5.8.0/toolchains/gcc_arm/13.2.rel1/bin/../lib/gcc/arm-none-eabi/13.2.1/thumb/v8-m.base/nofp\libg_nano.a(libc_a-findfp.o) (__sread)
[...]
Memory Configuration

Name             Origin             Length             Attributes
ITCM             0x00000000         0x00000000         xr
DTCM             0x00000000         0x00000000         xrw
FLASH            0x00000000         0x00010000         xr
RAM              0x20004000         0x00004000         xrw
DATA_FLASH       0x40100000         0x00001000         xr
QSPI_FLASH       0x60000000         0x00000000         xr
OSPI_DEVICE_0    0x80020000         0x00000000         xr
OSPI_DEVICE_1    0x80030000         0x00000000         xr
OSPI_DEVICE_0_RAM 0x80020000         0x00000000         xrw
OSPI_DEVICE_1_RAM 0x80030000         0x00000000         xrw
SDRAM            0x80010000         0x00000000         xrw
OPTION_SETTING   0x00000000         0x00000000         r
OPTION_SETTING_OFS 0x00000000         0x00000018         r
OPTION_SETTING_SAS 0x00000034         0x00000000         r
OPTION_SETTING_S 0x80000000         0x00000000         r
ID_CODE          0x01010018         0x00000020         xr
*default*        0x00000000         0xffffffff

Linker script and memory map

LOAD C:/Renesas/RA/e2studio_v2025-01_fsp_v5.8.0/toolchains/gcc_arm/13.2.rel1/bin/../lib/gcc/arm-none-eabi/13.2.1/thumb/v8-m.base/nofp/crti.o
LOAD C:/Renesas/RA/e2studio_v2025-01_fsp_v5.8.0/toolchains/gcc_arm/13.2.rel1/bin/../lib/gcc/arm-none-eabi/13.2.1/thumb/v8-m.base/nofp/crtbegin.o
LOAD C:/Renesas/RA/e2studio_v2025-01_fsp_v5.8.0/toolchains/gcc_arm/13.2.rel1/bin/../lib/gcc/arm-none-eabi/13.2.1/thumb/v8-m.base/nofp/crt0.o
START GROUP
LOAD ./src/hal_entry.o
LOAD ./ra_gen/common_data.o
LOAD ./ra_gen/hal_data.o
LOAD ./ra_gen/main.o
LOAD ./ra_gen/pin_data.o
LOAD ./ra_gen/vector_data.o
LOAD ./ra/fsp/src/r_sci_uart/r_sci_uart.o
LOAD ./ra/fsp/src/r_ioport/r_ioport.o
LOAD ./ra/fsp/src/r_adc/r_adc.o
LOAD ./ra/fsp/src/bsp/mcu/all/bsp_clocks.o
LOAD ./ra/fsp/src/bsp/mcu/all/bsp_common.o
LOAD ./ra/fsp/src/bsp/mcu/all/bsp_delay.o
LOAD ./ra/fsp/src/bsp/mcu/all/bsp_group_irq.o
LOAD ./ra/fsp/src/bsp/mcu/all/bsp_guard.o
LOAD ./ra/fsp/src/bsp/mcu/all/bsp_io.o
LOAD ./ra/fsp/src/bsp/mcu/all/bsp_irq.o
LOAD ./ra/fsp/src/bsp/mcu/all/bsp_macl.o
LOAD ./ra/fsp/src/bsp/mcu/all/bsp_register_protection.o
LOAD ./ra/fsp/src/bsp/mcu/all/bsp_rom_registers.o
LOAD ./ra/fsp/src/bsp/mcu/all/bsp_sbrk.o
LOAD ./ra/fsp/src/bsp/mcu/all/bsp_sdram.o
LOAD ./ra/fsp/src/bsp/mcu/all/bsp_security.o
LOAD ./ra/fsp/src/bsp/cmsis/Device/RENESAS/Source/startup.o
LOAD ./ra/fsp/src/bsp/cmsis/Device/RENESAS/Source/system.o
END GROUP
START GROUP
LOAD C:/Renesas/RA/e2studio_v2025-01_fsp_v5.8.0/toolchains/gcc_arm/13.2.rel1/bin/../lib/gcc/arm-none-eabi/13.2.1/thumb/v8-m.base/nofp\libgcc.a
LOAD C:/Renesas/RA/e2studio_v2025-01_fsp_v5.8.0/toolchains/gcc_arm/13.2.rel1/bin/../lib/gcc/arm-none-eabi/13.2.1/thumb/v8-m.base/nofp\libg_nano.a
LOAD C:/Renesas/RA/e2studio_v2025-01_fsp_v5.8.0/toolchains/gcc_arm/13.2.rel1/bin/../lib/gcc/arm-none-eabi/13.2.1/thumb/v8-m.base/nofp\libc_nano.a
END GROUP
START GROUP
LOAD C:/Renesas/RA/e2studio_v2025-01_fsp_v5.8.0/toolchains/gcc_arm/13.2.rel1/bin/../lib/gcc/arm-none-eabi/13.2.1/thumb/v8-m.base/nofp\libgcc.a
LOAD C:/Renesas/RA/e2studio_v2025-01_fsp_v5.8.0/toolchains/gcc_arm/13.2.rel1/bin/../lib/gcc/arm-none-eabi/13.2.1/thumb/v8-m.base/nofp\libc_nano.a
LOAD C:/Renesas/RA/e2studio_v2025-01_fsp_v5.8.0/toolchains/gcc_arm/13.2.rel1/bin/../lib/gcc/arm-none-eabi/13.2.1/thumb/v8-m.base/nofp\libnosys.a
END GROUP
START GROUP
LOAD C:/Renesas/RA/e2studio_v2025-01_fsp_v5.8.0/toolchains/gcc_arm/13.2.rel1/bin/../lib/gcc/arm-none-eabi/13.2.1/thumb/v8-m.base/nofp\libgcc.a
LOAD C:/Renesas/RA/e2studio_v2025-01_fsp_v5.8.0/toolchains/gcc_arm/13.2.rel1/bin/../lib/gcc/arm-none-eabi/13.2.1/thumb/v8-m.base/nofp\libc_nano.a
LOAD C:/Renesas/RA/e2studio_v2025-01_fsp_v5.8.0/toolchains/gcc_arm/13.2.rel1/bin/../lib/gcc/arm-none-eabi/13.2.1/thumb/v8-m.base/nofp\libnosys.a
END GROUP
LOAD C:/Renesas/RA/e2studio_v2025-01_fsp_v5.8.0/toolchains/gcc_arm/13.2.rel1/bin/../lib/gcc/arm-none-eabi/13.2.1/thumb/v8-m.base/nofp/crtend.o
LOAD C:/Renesas/RA/e2studio_v2025-01_fsp_v5.8.0/toolchains/gcc_arm/13.2.rel1/bin/../lib/gcc/arm-none-eabi/13.2.1/thumb/v8-m.base/nofp/crtn.o
                0x20004000                        RAM_START = 0x20004000
                0x00004000                        RAM_LENGTH = 0x4000
                0x00000000                        FLASH_START = 0x0
                0x00010000                        FLASH_LENGTH = 0x10000
                0x40100000                        DATA_FLASH_START = 0x40100000
                0x00001000                        DATA_FLASH_LENGTH = 0x1000
                0x00000000                        OPTION_SETTING_START = 0x0
                0x00000000                        OPTION_SETTING_LENGTH = 0x0
                0x80000000                        OPTION_SETTING_S_START = 0x80000000
                0x00000000                        OPTION_SETTING_S_LENGTH = 0x0
                0x01010018                        ID_CODE_START = 0x1010018
                0x00000020                        ID_CODE_LENGTH = 0x20
                0x80010000                        SDRAM_START = 0x80010000
                0x00000000                        SDRAM_LENGTH = 0x0
                0x60000000                        QSPI_FLASH_START = 0x60000000
                0x00000000                        QSPI_FLASH_LENGTH = 0x0
                0x80020000                        OSPI_DEVICE_0_START = 0x80020000
                0x00000000                        OSPI_DEVICE_0_LENGTH = 0x0
                0x80030000                        OSPI_DEVICE_1_START = 0x80030000
                0x00000000                        OSPI_DEVICE_1_LENGTH = 0x0
                0x00000000                        QSPI_FLASH_PRV_LENGTH = DEFINED (QSPI_FLASH_SIZE)?ABSOLUTE (QSPI_FLASH_SIZE):ABSOLUTE (QSPI_FLASH_LENGTH)
                0x00000000                        OSPI_DEVICE_0_PRV_LENGTH = DEFINED (OSPI_DEVICE_0_SIZE)?ABSOLUTE (OSPI_DEVICE_0_SIZE):ABSOLUTE (OSPI_DEVICE_0_LENGTH)
                0x00000000                        OSPI_DEVICE_1_PRV_LENGTH = DEFINED (OSPI_DEVICE_1_SIZE)?ABSOLUTE (OSPI_DEVICE_1_SIZE):ABSOLUTE (OSPI_DEVICE_1_LENGTH)
                0x00000000                        __RESERVE_NS_RAM = ((! (DEFINED (PROJECT_NONSECURE)) && DEFINED (RAM_NS_BUFFER_LENGTH)) && (OPTION_SETTING_S_LENGTH != 0x0))
                0x00000000                        ITCM_START = DEFINED (ITCM_START)?ITCM_START:0x0
                0x00000000                        ITCM_LENGTH = DEFINED (ITCM_LENGTH)?ITCM_LENGTH:0x0
                0x00000000                        DTCM_START = DEFINED (DTCM_START)?DTCM_START:0x0
                0x00000000                        DTCM_LENGTH = DEFINED (DTCM_LENGTH)?DTCM_LENGTH:0x0
                0x00000000                        RAM_NS_BUFFER_BLOCK_LENGTH = DEFINED (RAM_NS_BUFFER_LENGTH)?ALIGN (RAM_NS_BUFFER_LENGTH, 0x2000):0x0
                0x00000000                        RAM_NS_BUFFER_LENGTH = DEFINED (RAM_NS_BUFFER_LENGTH)?RAM_NS_BUFFER_LENGTH:0x0
                0x20008000                        RAM_NS_BUFFER_START = ((RAM_START + RAM_LENGTH) - RAM_NS_BUFFER_LENGTH)
                0x20008000                        RAM_NS_BUFFER_BLOCK_START = ((RAM_START + RAM_LENGTH) - RAM_NS_BUFFER_BLOCK_LENGTH)
                0x00000080                        OPTION_SETTING_START_NS = DEFINED (PROJECT_NONSECURE)?OPTION_SETTING_START:(OPTION_SETTING_START + 0x80)
                0x00000001                        __bl_FSP_BOOTABLE_IMAGE = 0x1
                0x00000001                        __bln_FSP_BOOTABLE_IMAGE = 0x1
                0x00000000                        PROJECT_SECURE_OR_FLAT = (((! (DEFINED (PROJECT_NONSECURE)) || DEFINED (PROJECT_SECURE)) && OPTION_SETTING_LENGTH) && ! (DEFINED (FSP_BOOTABLE_IMAGE)))
                0x00000000                        USE_OPTION_SETTING_NS = (DEFINED (PROJECT_NONSECURE) && ! (DEFINED (FSP_BOOTABLE_IMAGE)))
                0x00000000                        __bl_FLASH_IMAGE_START = ! (DEFINED (FLASH_BOOTLOADER_LENGTH))?0x0:(FLASH_APPLICATION_IMAGE_NUMBER == 0x1)?((FLASH_START + FLASH_BOOTLOADER_LENGTH) + FLASH_BOOTLOADER_HEADER_LENGTH):(DEFINED (BOOTLOADER_SECONDARY_USE_QSPI) || DEFINED (BOOTLOADER_SECONDARY_USE_OSPI_B))?(((FLASH_START + FLASH_BOOTLOADER_LENGTH) + FLASH_BOOTLOADER_SCRATCH_LENGTH) + FLASH_BOOTLOADER_HEADER_LENGTH):((((FLASH_START + FLASH_BOOTLOADER_LENGTH) + FLASH_BOOTLOADER_SCRATCH_LENGTH) + FLASH_APPLICATION_S_LENGTH) + FLASH_BOOTLOADER_HEADER_LENGTH)
                0x00000000                        __bl_FLASH_IMAGE_LENGTH = ! (DEFINED (FLASH_BOOTLOADER_LENGTH))?0x0:(FLASH_APPLICATION_S_LENGTH - FLASH_BOOTLOADER_HEADER_LENGTH)
                0x00000000                        __bl_FLASH_IMAGE_END = (__bl_FLASH_IMAGE_START + __bl_FLASH_IMAGE_LENGTH)
                0x00000000                        __bl_XIP_SECONDARY_FLASH_IMAGE_START = ! (DEFINED (FLASH_BOOTLOADER_LENGTH))?0x0:(((FLASH_START + FLASH_BOOTLOADER_LENGTH) + FLASH_APPLICATION_S_LENGTH) + FLASH_BOOTLOADER_HEADER_LENGTH)
                0x00000000                        __bl_XIP_SECONDARY_FLASH_IMAGE_END = (__bl_XIP_SECONDARY_FLASH_IMAGE_START + __bl_FLASH_IMAGE_LENGTH)
                0x00000000                        __bl_FLASH_IMAGE_START_FROM_MMF_REGION = DEFINED (BOOT_IMAGE_FROM_MMF_REGION)?BOOT_IMAGE_FROM_MMF_REGION:0x0
                0x00000000                        __bl_MEMORY_MIRROR_REGION_START = DEFINED (MMF_REGION_START_ADDR)?MMF_REGION_START_ADDR:0x0
                0x00000000                        __bl_FLASH_NS_START = ! (DEFINED (FLASH_BOOTLOADER_LENGTH))?0x0:(FLASH_APPLICATION_NS_LENGTH == 0x0)?__bl_FLASH_IMAGE_END:((__bl_FLASH_IMAGE_START - FLASH_BOOTLOADER_HEADER_LENGTH) + FLASH_APPLICATION_S_LENGTH)
                0x00000000                        __bl_FLASH_NSC_START = ! (DEFINED (FLASH_BOOTLOADER_LENGTH))?0x0:(FLASH_APPLICATION_NS_LENGTH == 0x0)?__bl_FLASH_IMAGE_END:(__bl_FLASH_IMAGE_END - FLASH_APPLICATION_NSC_LENGTH)
                0x00000000                        __bl_RAM_NS_START = ! (DEFINED (FLASH_BOOTLOADER_LENGTH))?0x0:(FLASH_APPLICATION_NS_LENGTH == 0x0)?(RAM_START + RAM_LENGTH):((RAM_START + RAM_LENGTH) - RAM_APPLICATION_NS_LENGTH)
                0x00000000                        __bl_RAM_NSC_START = ! (DEFINED (FLASH_BOOTLOADER_LENGTH))?0x0:(FLASH_APPLICATION_NS_LENGTH == 0x0)?(RAM_START + RAM_LENGTH):(__bl_RAM_NS_START - RAM_APPLICATION_NSC_LENGTH)
                0x00000000                        __bl_FLASH_NS_IMAGE_START = ! (DEFINED (FLASH_BOOTLOADER_LENGTH))?0x0:(FLASH_APPLICATION_NS_LENGTH == 0x0)?__bl_FLASH_IMAGE_END:(__bl_FLASH_NS_START + FLASH_BOOTLOADER_HEADER_LENGTH_2)
                0x00000000                        __bln_FLASH_IMAGE_START = (__bl_FLASH_NS_IMAGE_START | ! (DEFINED (NS_OFFSET_START))?0x0:NS_OFFSET_START)
                0x00000000                        __bln_FLASH_IMAGE_LENGTH = ! (DEFINED (FLASH_BOOTLOADER_LENGTH))?0x0:(FLASH_APPLICATION_NS_LENGTH == 0x0)?__bl_FLASH_IMAGE_END:(FLASH_APPLICATION_NS_LENGTH - FLASH_BOOTLOADER_HEADER_LENGTH_2)
                0x00000000                        XIP_SECONDARY_SLOT_IMAGE = DEFINED (XIP_SECONDARY_SLOT_IMAGE)?XIP_SECONDARY_SLOT_IMAGE:0x0
                0x00000000                        FLASH_IMAGE_START_FROM_MMF_REGION = ! (DEFINED (FLASH_IMAGE_START_FROM_MMF_REGION))?0x0:FLASH_IMAGE_START_FROM_MMF_REGION
                0x00000000                        MEMORY_MIRROR_REGION_START = ! (DEFINED (MEMORY_MIRROR_REGION_START))?0x0:MEMORY_MIRROR_REGION_START
                0x00000000                        FLASH_ORIGIN = ! (DEFINED (FLASH_IMAGE_START))?FLASH_START:(XIP_SECONDARY_SLOT_IMAGE == 0x1)?XIP_SECONDARY_FLASH_IMAGE_START:(FLASH_IMAGE_START_FROM_MMF_REGION == 0x1)?MEMORY_MIRROR_REGION_START:FLASH_IMAGE_START
                0x00010000                        LIMITED_FLASH_LENGTH = DEFINED (FLASH_IMAGE_LENGTH)?FLASH_IMAGE_LENGTH:DEFINED (FLASH_BOOTLOADER_LENGTH)?FLASH_BOOTLOADER_LENGTH:FLASH_LENGTH
                0x00000034                        OPTION_SETTING_SAS_SIZE = 0x34
                0x00000000                        OPTION_SETTING_SAS_LENGTH = ! (DEFINED (OPTION_SETTING_LENGTH))?0x0:(OPTION_SETTING_LENGTH == 0x0)?0x0:(OPTION_SETTING_LENGTH - OPTION_SETTING_SAS_SIZE)
START GROUP
LOAD C:/Renesas/RA/e2studio_v2025-01_fsp_v5.8.0/toolchains/gcc_arm/13.2.rel1/bin/../lib/gcc/arm-none-eabi/13.2.1/thumb/v8-m.base/nofp\libgcc.a
LOAD C:/Renesas/RA/e2studio_v2025-01_fsp_v5.8.0/toolchains/gcc_arm/13.2.rel1/bin/../lib/gcc/arm-none-eabi/13.2.1/thumb/v8-m.base/nofp\libc.a
LOAD C:/Renesas/RA/e2studio_v2025-01_fsp_v5.8.0/toolchains/gcc_arm/13.2.rel1/bin/../lib/gcc/arm-none-eabi/13.2.1/thumb/v8-m.base/nofp\libm.a
END GROUP

.text           0x00000000     0x65a8
                0x00000000                        __tz_FLASH_S = ABSOLUTE (FLASH_START)
                0x00000000                        __ROM_Start = .
 *(.fixed_vectors*)
 .fixed_vectors
                0x00000000       0x40 ./ra/fsp/src/bsp/cmsis/Device/RENESAS/Source/startup.o
                0x00000000                __Vectors
 *(.application_vectors*)
 .application_vectors
                0x00000040       0x80 ./ra_gen/vector_data.o
                0x00000040                g_vector_table
                0x000000c0                        __Vectors_End = .
 *(.flash_gap*)
                0x00000400                        . = (OPTION_SETTING_LENGTH > 0x0)?.:(__ROM_Start + 0x400)
 *fill*         0x000000c0      0x340 ff
 *(.rom_registers*)
 .rom_registers
                0x00000400       0x3c ./ra/fsp/src/bsp/mcu/all/bsp_rom_registers.o
 *(.mcuboot_sce9_key*)
 *(.text*)
 .text.deregister_tm_clones
                0x0000043c       0x24 C:/Renesas/RA/e2studio_v2025-01_fsp_v5.8.0/toolchains/gcc_arm/13.2.rel1/bin/../lib/gcc/arm-none-eabi/13.2.1/thumb/v8-m.base/nofp/crtbegin.o
 .text.register_tm_clones
                0x00000460       0x2c C:/Renesas/RA/e2studio_v2025-01_fsp_v5.8.0/toolchains/gcc_arm/13.2.rel1/bin/../lib/gcc/arm-none-eabi/13.2.1/thumb/v8-m.base/nofp/crtbegin.o
 .text.__do_global_dtors_aux
                0x0000048c       0x30 C:/Renesas/RA/e2studio_v2025-01_fsp_v5.8.0/toolchains/gcc_arm/13.2.rel1/bin/../lib/gcc/arm-none-eabi/13.2.1/thumb/v8-m.base/nofp/crtbegin.o
 .text.frame_dummy
                0x000004bc       0x28 C:/Renesas/RA/e2studio_v2025-01_fsp_v5.8.0/toolchains/gcc_arm/13.2.rel1/bin/../lib/gcc/arm-none-eabi/13.2.1/thumb/v8-m.base/nofp/crtbegin.o
 .text.user_uart_callback
                0x000004e4       0x14 ./src/hal_entry.o
                0x000004e4                user_uart_callback
 .text._write   0x000004f8       0x60 ./src/hal_entry.o
                0x000004f8                _write
 .text.adc_callback
                0x00000558       0x10 ./src/hal_entry.o
                0x00000558                adc_callback
 .text.hal_entry
                0x00000568      0x168 ./src/hal_entry.o
                0x00000568                hal_entry
 .text.R_BSP_WarmStart
                0x000006d0       0x30 ./src/hal_entry.o
                0x000006d0                R_BSP_WarmStart
 .text.startup.main
                0x00000700        0xc ./ra_gen/main.o
                0x00000700                main
 .text.R_SCI_UART_Write
                0x0000070c       0x48 ./ra/fsp/src/r_sci_uart/r_sci_uart.o
                0x0000070c                R_SCI_UART_Write
 .text.r_sci_uart_call_callback
                0x00000754       0x50 ./ra/fsp/src/r_sci_uart/r_sci_uart.o
 .text.R_SCI_UART_Open
                0x000007a4      0x228 ./ra/fsp/src/r_sci_uart/r_sci_uart.o
                0x000007a4                R_SCI_UART_Open
 .text.sci_uart_txi_isr
                0x000009cc       0x84 ./ra/fsp/src/r_sci_uart/r_sci_uart.o
                0x000009cc                sci_uart_txi_isr
 .text.sci_uart_rxi_isr
                0x00000a50       0x8c ./ra/fsp/src/r_sci_uart/r_sci_uart.o
                0x00000a50                sci_uart_rxi_isr
 .text.sci_uart_tei_isr
                0x00000adc       0x34 ./ra/fsp/src/r_sci_uart/r_sci_uart.o
                0x00000adc                sci_uart_tei_isr
 .text.sci_uart_eri_isr
                0x00000b10       0x60 ./ra/fsp/src/r_sci_uart/r_sci_uart.o
                0x00000b10                sci_uart_eri_isr
 .text.r_ioport_pins_config
                0x00000b70       0xdc ./ra/fsp/src/r_ioport/r_ioport.o
 .text.R_IOPORT_Open
                0x00000c4c       0x18 ./ra/fsp/src/r_ioport/r_ioport.o
                0x00000c4c                R_IOPORT_Open
 .text.R_ADC_ScanStart
                0x00000c64        0xc ./ra/fsp/src/r_adc/r_adc.o
                0x00000c64                R_ADC_ScanStart
 .text.R_ADC_Read
                0x00000c70       0x10 ./ra/fsp/src/r_adc/r_adc.o
                0x00000c70                R_ADC_Read
 .text.r_adc_call_callback
                0x00000c80       0x3c ./ra/fsp/src/r_adc/r_adc.o
 .text.R_ADC_ScanCfg
                0x00000cbc      0x230 ./ra/fsp/src/r_adc/r_adc.o
                0x00000cbc                R_ADC_ScanCfg
 .text.r_adc_scan_end_common_isr
                0x00000eec       0x4c ./ra/fsp/src/r_adc/r_adc.o
 .text.R_ADC_Open
                0x00000f38      0x17c ./ra/fsp/src/r_adc/r_adc.o
                0x00000f38                R_ADC_Open
 .text.adc_scan_end_isr
                0x000010b4        0xc ./ra/fsp/src/r_adc/r_adc.o
                0x000010b4                adc_scan_end_isr
 .text.bsp_prv_operating_mode_set
                0x000010c0       0x8c ./ra/fsp/src/bsp/mcu/all/bsp_clocks.o
                0x000010c0                bsp_prv_operating_mode_set
 .text.SystemCoreClockUpdate
                0x0000114c       0x2c ./ra/fsp/src/bsp/mcu/all/bsp_clocks.o
                0x0000114c                SystemCoreClockUpdate
 .text.R_BSP_SubClockStabilizeWaitAfterReset
                0x00001178        0x4 ./ra/fsp/src/bsp/mcu/all/bsp_clocks.o
                0x00001178                R_BSP_SubClockStabilizeWaitAfterReset
 .text.bsp_clock_init
                0x0000117c      0x168 ./ra/fsp/src/bsp/mcu/all/bsp_clocks.o
                0x0000117c                bsp_clock_init
 .text.R_BSP_Init_RTC
                0x000012e4       0x58 ./ra/fsp/src/bsp/mcu/all/bsp_clocks.o
                0x000012e4                R_BSP_Init_RTC
 .text.bsp_init_internal
                0x0000133c        0x4 ./ra/fsp/src/bsp/mcu/all/bsp_common.o
                0x0000133c                bsp_init_internal
                0x0000133c                bsp_init
 .text.__assert_func
                0x00001340        0x4 ./ra/fsp/src/bsp/mcu/all/bsp_common.o
                0x00001340                __assert_func
 .text.bsp_prv_software_delay_loop
                0x00001344        0x8 ./ra/fsp/src/bsp/mcu/all/bsp_delay.o
                0x00001344                bsp_prv_software_delay_loop
 .text.R_BSP_SoftwareDelay
                0x0000134c       0x5c ./ra/fsp/src/bsp/mcu/all/bsp_delay.o
                0x0000134c                R_BSP_SoftwareDelay
 .text.NMI_Handler
                0x000013a8       0x50 ./ra/fsp/src/bsp/mcu/all/bsp_group_irq.o
                0x000013a8                NMI_Handler
 .text.R_BSP_IrqStatusClear
                0x000013f8       0x1c ./ra/fsp/src/bsp/mcu/all/bsp_irq.o
                0x000013f8                R_BSP_IrqStatusClear
 .text.R_BSP_IrqCfg
                0x00001414       0x4c ./ra/fsp/src/bsp/mcu/all/bsp_irq.o
                0x00001414                R_BSP_IrqCfg
 .text.R_BSP_IrqEnable
                0x00001460       0x44 ./ra/fsp/src/bsp/mcu/all/bsp_irq.o
                0x00001460                R_BSP_IrqEnable
 .text.R_BSP_IrqDisable
                0x000014a4       0x24 ./ra/fsp/src/bsp/mcu/all/bsp_irq.o
                0x000014a4                R_BSP_IrqDisable
 .text.R_BSP_IrqCfgEnable
                0x000014c8       0x8c ./ra/fsp/src/bsp/mcu/all/bsp_irq.o
                0x000014c8                R_BSP_IrqCfgEnable
 .text.bsp_irq_cfg
                0x00001554       0x28 ./ra/fsp/src/bsp/mcu/all/bsp_irq.o
                0x00001554                bsp_irq_cfg
 .text.R_BSP_RegisterProtectEnable
                0x0000157c       0x54 ./ra/fsp/src/bsp/mcu/all/bsp_register_protection.o
                0x0000157c                R_BSP_RegisterProtectEnable
 .text.R_BSP_RegisterProtectDisable
                0x000015d0       0x4c ./ra/fsp/src/bsp/mcu/all/bsp_register_protection.o
                0x000015d0                R_BSP_RegisterProtectDisable
 .text._sbrk    0x0000161c       0x44 ./ra/fsp/src/bsp/mcu/all/bsp_sbrk.o
                0x0000161c                _sbrk
 .text.Default_Handler
                0x00001660        0x4 ./ra/fsp/src/bsp/cmsis/Device/RENESAS/Source/startup.o
                0x00001660                DebugMon_Handler
                0x00001660                HardFault_Handler
                0x00001660                SysTick_Handler
                0x00001660                PendSV_Handler
                0x00001660                UsageFault_Handler
                0x00001660                SecureFault_Handler
                0x00001660                Default_Handler
                0x00001660                MemManage_Handler
                0x00001660                SVC_Handler
                0x00001660                BusFault_Handler
 .text.Reset_Handler
                0x00001664        0xc ./ra/fsp/src/bsp/cmsis/Device/RENESAS/Source/startup.o
                0x00001664                Reset_Handler
 .text.SystemInit
                0x00001670      0x144 ./ra/fsp/src/bsp/cmsis/Device/RENESAS/Source/system.o
                0x00001670                SystemInit
 .text          0x000017b4       0x3c C:/Renesas/RA/e2studio_v2025-01_fsp_v5.8.0/toolchains/gcc_arm/13.2.rel1/bin/../lib/gcc/arm-none-eabi/13.2.1/thumb/v8-m.base/nofp\libgcc.a(_clzsi2.o)
                0x000017b4                __clzsi2
 .text.__muldi3
                0x000017f0       0x5c C:/Renesas/RA/e2studio_v2025-01_fsp_v5.8.0/toolchains/gcc_arm/13.2.rel1/bin/../lib/gcc/arm-none-eabi/13.2.1/thumb/v8-m.base/nofp\libgcc.a(_muldi3.o)
                0x000017f0                __muldi3
                0x000017f0                __aeabi_lmul
 .text.__aeabi_ddiv
                0x0000184c      0x678 C:/Renesas/RA/e2studio_v2025-01_fsp_v5.8.0/toolchains/gcc_arm/13.2.rel1/bin/../lib/gcc/arm-none-eabi/13.2.1/thumb/v8-m.base/nofp\libgcc.a(divdf3.o)
                0x0000184c                __aeabi_ddiv
 .text.__aeabi_dmul
                0x00001ec4      0x5b4 C:/Renesas/RA/e2studio_v2025-01_fsp_v5.8.0/toolchains/gcc_arm/13.2.rel1/bin/../lib/gcc/arm-none-eabi/13.2.1/thumb/v8-m.base/nofp\libgcc.a(muldf3.o)
                0x00001ec4                __aeabi_dmul
 .text.__aeabi_i2d
                0x00002478       0x58 C:/Renesas/RA/e2studio_v2025-01_fsp_v5.8.0/toolchains/gcc_arm/13.2.rel1/bin/../lib/gcc/arm-none-eabi/13.2.1/thumb/v8-m.base/nofp\libgcc.a(floatsidf.o)
                0x00002478                __aeabi_i2d
 .text.__cvt    0x000024d0       0xc8 C:/Renesas/RA/e2studio_v2025-01_fsp_v5.8.0/toolchains/gcc_arm/13.2.rel1/bin/../lib/gcc/arm-none-eabi/13.2.1/thumb/v8-m.base/nofp\libg_nano.a(libc_a-nano-vfprintf_float.o)
                0x000024d0                __cvt
 .text.__exponent
                0x00002598       0x6e C:/Renesas/RA/e2studio_v2025-01_fsp_v5.8.0/toolchains/gcc_arm/13.2.rel1/bin/../lib/gcc/arm-none-eabi/13.2.1/thumb/v8-m.base/nofp\libg_nano.a(libc_a-nano-vfprintf_float.o)
                0x00002598                __exponent
 *fill*         0x00002606        0x2 ff
 .text._printf_float
                0x00002608      0x470 C:/Renesas/RA/e2studio_v2025-01_fsp_v5.8.0/toolchains/gcc_arm/13.2.rel1/bin/../lib/gcc/arm-none-eabi/13.2.1/thumb/v8-m.base/nofp\libg_nano.a(libc_a-nano-vfprintf_float.o)
                0x00002608                _printf_float
 .text._printf_common
                0x00002a78       0xdc C:/Renesas/RA/e2studio_v2025-01_fsp_v5.8.0/toolchains/gcc_arm/13.2.rel1/bin/../lib/gcc/arm-none-eabi/13.2.1/thumb/v8-m.base/nofp\libg_nano.a(libc_a-nano-vfprintf_i.o)
                0x00002a78                _printf_common
 .text._printf_i
                0x00002b54      0x20c C:/Renesas/RA/e2studio_v2025-01_fsp_v5.8.0/toolchains/gcc_arm/13.2.rel1/bin/../lib/gcc/arm-none-eabi/13.2.1/thumb/v8-m.base/nofp\libg_nano.a(libc_a-nano-vfprintf_i.o)
                0x00002b54                _printf_i
 .text.std      0x00002d60       0x6c C:/Renesas/RA/e2studio_v2025-01_fsp_v5.8.0/toolchains/gcc_arm/13.2.rel1/bin/../lib/gcc/arm-none-eabi/13.2.1/thumb/v8-m.base/nofp\libg_nano.a(libc_a-findfp.o)
 .text.stdio_exit_handler
                0x00002dcc       0x1c C:/Renesas/RA/e2studio_v2025-01_fsp_v5.8.0/toolchains/gcc_arm/13.2.rel1/bin/../lib/gcc/arm-none-eabi/13.2.1/thumb/v8-m.base/nofp\libg_nano.a(libc_a-findfp.o)
 .text.cleanup_stdio
                0x00002de8       0x3c C:/Renesas/RA/e2studio_v2025-01_fsp_v5.8.0/toolchains/gcc_arm/13.2.rel1/bin/../lib/gcc/arm-none-eabi/13.2.1/thumb/v8-m.base/nofp\libg_nano.a(libc_a-findfp.o)
 .text.global_stdio_init.part.0
                0x00002e24       0x3c C:/Renesas/RA/e2studio_v2025-01_fsp_v5.8.0/toolchains/gcc_arm/13.2.rel1/bin/../lib/gcc/arm-none-eabi/13.2.1/thumb/v8-m.base/nofp\libg_nano.a(libc_a-findfp.o)
 .text.__sfp_lock_acquire
                0x00002e60       0x10 C:/Renesas/RA/e2studio_v2025-01_fsp_v5.8.0/toolchains/gcc_arm/13.2.rel1/bin/../lib/gcc/arm-none-eabi/13.2.1/thumb/v8-m.base/nofp\libg_nano.a(libc_a-findfp.o)
                0x00002e60                __sfp_lock_acquire
 .text.__sfp_lock_release
                0x00002e70       0x10 C:/Renesas/RA/e2studio_v2025-01_fsp_v5.8.0/toolchains/gcc_arm/13.2.rel1/bin/../lib/gcc/arm-none-eabi/13.2.1/thumb/v8-m.base/nofp\libg_nano.a(libc_a-findfp.o)
                0x00002e70                __sfp_lock_release
 .text.__sinit  0x00002e80       0x2c C:/Renesas/RA/e2studio_v2025-01_fsp_v5.8.0/toolchains/gcc_arm/13.2.rel1/bin/../lib/gcc/arm-none-eabi/13.2.1/thumb/v8-m.base/nofp\libg_nano.a(libc_a-findfp.o)
                0x00002e80                __sinit
 .text._fwalk_sglue
                0x00002eac       0x38 C:/Renesas/RA/e2studio_v2025-01_fsp_v5.8.0/toolchains/gcc_arm/13.2.rel1/bin/../lib/gcc/arm-none-eabi/13.2.1/thumb/v8-m.base/nofp\libg_nano.a(libc_a-fwalk.o)
                0x00002eac                _fwalk_sglue
 .text.printf   0x00002ee4       0x20 C:/Renesas/RA/e2studio_v2025-01_fsp_v5.8.0/toolchains/gcc_arm/13.2.rel1/bin/../lib/gcc/arm-none-eabi/13.2.1/thumb/v8-m.base/nofp\libg_nano.a(libc_a-printf.o)
                0x00002ee4                iprintf
                0x00002ee4                printf
 .text._puts_r  0x00002f04       0xa6 C:/Renesas/RA/e2studio_v2025-01_fsp_v5.8.0/toolchains/gcc_arm/13.2.rel1/bin/../lib/gcc/arm-none-eabi/13.2.1/thumb/v8-m.base/nofp\libg_nano.a(libc_a-puts.o)
                0x00002f04                _puts_r
 *fill*         0x00002faa        0x2 ff
 .text.puts     0x00002fac       0x14 C:/Renesas/RA/e2studio_v2025-01_fsp_v5.8.0/toolchains/gcc_arm/13.2.rel1/bin/../lib/gcc/arm-none-eabi/13.2.1/thumb/v8-m.base/nofp\libg_nano.a(libc_a-puts.o)
                0x00002fac                puts
 .text.__sread  0x00002fc0       0x28 C:/Renesas/RA/e2studio_v2025-01_fsp_v5.8.0/toolchains/gcc_arm/13.2.rel1/bin/../lib/gcc/arm-none-eabi/13.2.1/thumb/v8-m.base/nofp\libg_nano.a(libc_a-stdio.o)
                0x00002fc0                __sread
 .text.__swrite
                0x00002fe8       0x38 C:/Renesas/RA/e2studio_v2025-01_fsp_v5.8.0/toolchains/gcc_arm/13.2.rel1/bin/../lib/gcc/arm-none-eabi/13.2.1/thumb/v8-m.base/nofp\libg_nano.a(libc_a-stdio.o)
                0x00002fe8                __swrite
 .text.__sseek  0x00003020       0x2c C:/Renesas/RA/e2studio_v2025-01_fsp_v5.8.0/toolchains/gcc_arm/13.2.rel1/bin/../lib/gcc/arm-none-eabi/13.2.1/thumb/v8-m.base/nofp\libg_nano.a(libc_a-stdio.o)
                0x00003020                __sseek
 .text.__sclose
                0x0000304c        0xc C:/Renesas/RA/e2studio_v2025-01_fsp_v5.8.0/toolchains/gcc_arm/13.2.rel1/bin/../lib/gcc/arm-none-eabi/13.2.1/thumb/v8-m.base/nofp\libg_nano.a(libc_a-stdio.o)
                0x0000304c                __sclose
 .text.__swbuf_r
                0x00003058       0x7c C:/Renesas/RA/e2studio_v2025-01_fsp_v5.8.0/toolchains/gcc_arm/13.2.rel1/bin/../lib/gcc/arm-none-eabi/13.2.1/thumb/v8-m.base/nofp\libg_nano.a(libc_a-wbuf.o)
                0x00003058                __swbuf_r
 .text.__swsetup_r
                0x000030d4       0xb0 C:/Renesas/RA/e2studio_v2025-01_fsp_v5.8.0/toolchains/gcc_arm/13.2.rel1/bin/../lib/gcc/arm-none-eabi/13.2.1/thumb/v8-m.base/nofp\libg_nano.a(libc_a-wsetup.o)
                0x000030d4                __swsetup_r
 .text.memset   0x00003184       0x10 C:/Renesas/RA/e2studio_v2025-01_fsp_v5.8.0/toolchains/gcc_arm/13.2.rel1/bin/../lib/gcc/arm-none-eabi/13.2.1/thumb/v8-m.base/nofp\libg_nano.a(libc_a-memset.o)
                0x00003184                memset
 .text._localeconv_r
                0x00003194        0x8 C:/Renesas/RA/e2studio_v2025-01_fsp_v5.8.0/toolchains/gcc_arm/13.2.rel1/bin/../lib/gcc/arm-none-eabi/13.2.1/thumb/v8-m.base/nofp\libg_nano.a(libc_a-localeconv.o)
                0x00003194                _localeconv_r
 .text._close_r
                0x0000319c       0x20 C:/Renesas/RA/e2studio_v2025-01_fsp_v5.8.0/toolchains/gcc_arm/13.2.rel1/bin/../lib/gcc/arm-none-eabi/13.2.1/thumb/v8-m.base/nofp\libg_nano.a(libc_a-closer.o)
                0x0000319c                _close_r
 .text._lseek_r
                0x000031bc       0x24 C:/Renesas/RA/e2studio_v2025-01_fsp_v5.8.0/toolchains/gcc_arm/13.2.rel1/bin/../lib/gcc/arm-none-eabi/13.2.1/thumb/v8-m.base/nofp\libg_nano.a(libc_a-lseekr.o)
                0x000031bc                _lseek_r
 .text._read_r  0x000031e0       0x24 C:/Renesas/RA/e2studio_v2025-01_fsp_v5.8.0/toolchains/gcc_arm/13.2.rel1/bin/../lib/gcc/arm-none-eabi/13.2.1/thumb/v8-m.base/nofp\libg_nano.a(libc_a-readr.o)
                0x000031e0                _read_r
 .text._write_r
                0x00003204       0x24 C:/Renesas/RA/e2studio_v2025-01_fsp_v5.8.0/toolchains/gcc_arm/13.2.rel1/bin/../lib/gcc/arm-none-eabi/13.2.1/thumb/v8-m.base/nofp\libg_nano.a(libc_a-writer.o)
                0x00003204                _write_r
 .text.__errno  0x00003228        0xc C:/Renesas/RA/e2studio_v2025-01_fsp_v5.8.0/toolchains/gcc_arm/13.2.rel1/bin/../lib/gcc/arm-none-eabi/13.2.1/thumb/v8-m.base/nofp\libg_nano.a(libc_a-errno.o)
                0x00003228                __errno
 .text.__retarget_lock_init_recursive
                0x00003234        0x2 C:/Renesas/RA/e2studio_v2025-01_fsp_v5.8.0/toolchains/gcc_arm/13.2.rel1/bin/../lib/gcc/arm-none-eabi/13.2.1/thumb/v8-m.base/nofp\libg_nano.a(libc_a-lock.o)
                0x00003234                __retarget_lock_init_recursive
 .text.__retarget_lock_acquire_recursive
                0x00003236        0x2 C:/Renesas/RA/e2studio_v2025-01_fsp_v5.8.0/toolchains/gcc_arm/13.2.rel1/bin/../lib/gcc/arm-none-eabi/13.2.1/thumb/v8-m.base/nofp\libg_nano.a(libc_a-lock.o)
                0x00003236                __retarget_lock_acquire_recursive
 .text.__retarget_lock_release_recursive
                0x00003238        0x2 C:/Renesas/RA/e2studio_v2025-01_fsp_v5.8.0/toolchains/gcc_arm/13.2.rel1/bin/../lib/gcc/arm-none-eabi/13.2.1/thumb/v8-m.base/nofp\libg_nano.a(libc_a-lock.o)
                0x00003238                __retarget_lock_release_recursive
 .text.memchr   0x0000323a       0x16 C:/Renesas/RA/e2studio_v2025-01_fsp_v5.8.0/toolchains/gcc_arm/13.2.rel1/bin/../lib/gcc/arm-none-eabi/13.2.1/thumb/v8-m.base/nofp\libg_nano.a(libc_a-memchr-stub.o)
                0x0000323a                memchr
 .text.memcpy   0x00003250       0x12 C:/Renesas/RA/e2studio_v2025-01_fsp_v5.8.0/toolchains/gcc_arm/13.2.rel1/bin/../lib/gcc/arm-none-eabi/13.2.1/thumb/v8-m.base/nofp\libg_nano.a(libc_a-memcpy-stub.o)
                0x00003250                memcpy
 .text          0x00003262        0xe C:/Renesas/RA/e2studio_v2025-01_fsp_v5.8.0/toolchains/gcc_arm/13.2.rel1/bin/../lib/gcc/arm-none-eabi/13.2.1/thumb/v8-m.base/nofp\libg_nano.a(libc_a-strlen.o)
                0x00003262                strlen
 .text.quorem   0x00003270      0x10e C:/Renesas/RA/e2studio_v2025-01_fsp_v5.8.0/toolchains/gcc_arm/13.2.rel1/bin/../lib/gcc/arm-none-eabi/13.2.1/thumb/v8-m.base/nofp\libg_nano.a(libc_a-dtoa.o)
 *fill*         0x0000337e        0x2 ff
 .text._dtoa_r  0x00003380      0xbac C:/Renesas/RA/e2studio_v2025-01_fsp_v5.8.0/toolchains/gcc_arm/13.2.rel1/bin/../lib/gcc/arm-none-eabi/13.2.1/thumb/v8-m.base/nofp\libg_nano.a(libc_a-dtoa.o)
                0x00003380                _dtoa_r
 .text._free_r  0x00003f2c       0x90 C:/Renesas/RA/e2studio_v2025-01_fsp_v5.8.0/toolchains/gcc_arm/13.2.rel1/bin/../lib/gcc/arm-none-eabi/13.2.1/thumb/v8-m.base/nofp\libg_nano.a(libc_a-freer.o)
                0x00003f2c                _free_r
 .text.malloc   0x00003fbc       0x14 C:/Renesas/RA/e2studio_v2025-01_fsp_v5.8.0/toolchains/gcc_arm/13.2.rel1/bin/../lib/gcc/arm-none-eabi/13.2.1/thumb/v8-m.base/nofp\libg_nano.a(libc_a-malloc.o)
                0x00003fbc                malloc
 .text.sbrk_aligned
                0x00003fd0       0x44 C:/Renesas/RA/e2studio_v2025-01_fsp_v5.8.0/toolchains/gcc_arm/13.2.rel1/bin/../lib/gcc/arm-none-eabi/13.2.1/thumb/v8-m.base/nofp\libg_nano.a(libc_a-mallocr.o)
 .text._malloc_r
                0x00004014      0x100 C:/Renesas/RA/e2studio_v2025-01_fsp_v5.8.0/toolchains/gcc_arm/13.2.rel1/bin/../lib/gcc/arm-none-eabi/13.2.1/thumb/v8-m.base/nofp\libg_nano.a(libc_a-mallocr.o)
                0x00004014                _malloc_r
 .text.__malloc_lock
                0x00004114       0x10 C:/Renesas/RA/e2studio_v2025-01_fsp_v5.8.0/toolchains/gcc_arm/13.2.rel1/bin/../lib/gcc/arm-none-eabi/13.2.1/thumb/v8-m.base/nofp\libg_nano.a(libc_a-mlock.o)
                0x00004114                __malloc_lock
 .text.__malloc_unlock
                0x00004124       0x10 C:/Renesas/RA/e2studio_v2025-01_fsp_v5.8.0/toolchains/gcc_arm/13.2.rel1/bin/../lib/gcc/arm-none-eabi/13.2.1/thumb/v8-m.base/nofp\libg_nano.a(libc_a-mlock.o)
                0x00004124                __malloc_unlock
 .text._Balloc  0x00004134       0x80 C:/Renesas/RA/e2studio_v2025-01_fsp_v5.8.0/toolchains/gcc_arm/13.2.rel1/bin/../lib/gcc/arm-none-eabi/13.2.1/thumb/v8-m.base/nofp\libg_nano.a(libc_a-mprec.o)
                0x00004134                _Balloc
 .text._Bfree   0x000041b4       0x44 C:/Renesas/RA/e2studio_v2025-01_fsp_v5.8.0/toolchains/gcc_arm/13.2.rel1/bin/../lib/gcc/arm-none-eabi/13.2.1/thumb/v8-m.base/nofp\libg_nano.a(libc_a-mprec.o)
                0x000041b4                _Bfree
 .text.__multadd
                0x000041f8       0x84 C:/Renesas/RA/e2studio_v2025-01_fsp_v5.8.0/toolchains/gcc_arm/13.2.rel1/bin/../lib/gcc/arm-none-eabi/13.2.1/thumb/v8-m.base/nofp\libg_nano.a(libc_a-mprec.o)
                0x000041f8                __multadd
 .text.__hi0bits
                0x0000427c       0x42 C:/Renesas/RA/e2studio_v2025-01_fsp_v5.8.0/toolchains/gcc_arm/13.2.rel1/bin/../lib/gcc/arm-none-eabi/13.2.1/thumb/v8-m.base/nofp\libg_nano.a(libc_a-mprec.o)
                0x0000427c                __hi0bits
 .text.__lo0bits
                0x000042be       0x5a C:/Renesas/RA/e2studio_v2025-01_fsp_v5.8.0/toolchains/gcc_arm/13.2.rel1/bin/../lib/gcc/arm-none-eabi/13.2.1/thumb/v8-m.base/nofp\libg_nano.a(libc_a-mprec.o)
                0x000042be                __lo0bits
 .text.__i2b    0x00004318       0x2c C:/Renesas/RA/e2studio_v2025-01_fsp_v5.8.0/toolchains/gcc_arm/13.2.rel1/bin/../lib/gcc/arm-none-eabi/13.2.1/thumb/v8-m.base/nofp\libg_nano.a(libc_a-mprec.o)
                0x00004318                __i2b
 .text.__multiply
                0x00004344      0x150 C:/Renesas/RA/e2studio_v2025-01_fsp_v5.8.0/toolchains/gcc_arm/13.2.rel1/bin/../lib/gcc/arm-none-eabi/13.2.1/thumb/v8-m.base/nofp\libg_nano.a(libc_a-mprec.o)
                0x00004344                __multiply
 .text.__pow5mult
                0x00004494       0xb0 C:/Renesas/RA/e2studio_v2025-01_fsp_v5.8.0/toolchains/gcc_arm/13.2.rel1/bin/../lib/gcc/arm-none-eabi/13.2.1/thumb/v8-m.base/nofp\libg_nano.a(libc_a-mprec.o)
                0x00004494                __pow5mult
 .text.__lshift
                0x00004544       0xd4 C:/Renesas/RA/e2studio_v2025-01_fsp_v5.8.0/toolchains/gcc_arm/13.2.rel1/bin/../lib/gcc/arm-none-eabi/13.2.1/thumb/v8-m.base/nofp\libg_nano.a(libc_a-mprec.o)
                0x00004544                __lshift
 .text.__mcmp   0x00004618       0x36 C:/Renesas/RA/e2studio_v2025-01_fsp_v5.8.0/toolchains/gcc_arm/13.2.rel1/bin/../lib/gcc/arm-none-eabi/13.2.1/thumb/v8-m.base/nofp\libg_nano.a(libc_a-mprec.o)
                0x00004618                __mcmp
 *fill*         0x0000464e        0x2 ff
 .text.__mdiff  0x00004650      0x12c C:/Renesas/RA/e2studio_v2025-01_fsp_v5.8.0/toolchains/gcc_arm/13.2.rel1/bin/../lib/gcc/arm-none-eabi/13.2.1/thumb/v8-m.base/nofp\libg_nano.a(libc_a-mprec.o)
                0x00004650                __mdiff
 .text.__d2b    0x0000477c       0xb8 C:/Renesas/RA/e2studio_v2025-01_fsp_v5.8.0/toolchains/gcc_arm/13.2.rel1/bin/../lib/gcc/arm-none-eabi/13.2.1/thumb/v8-m.base/nofp\libg_nano.a(libc_a-mprec.o)
                0x0000477c                __d2b
 .text.__sfputc_r
                0x00004834       0x2a C:/Renesas/RA/e2studio_v2025-01_fsp_v5.8.0/toolchains/gcc_arm/13.2.rel1/bin/../lib/gcc/arm-none-eabi/13.2.1/thumb/v8-m.base/nofp\libg_nano.a(libc_a-nano-vfprintf.o)
 .text.__sfputs_r
                0x0000485e       0x24 C:/Renesas/RA/e2studio_v2025-01_fsp_v5.8.0/toolchains/gcc_arm/13.2.rel1/bin/../lib/gcc/arm-none-eabi/13.2.1/thumb/v8-m.base/nofp\libg_nano.a(libc_a-nano-vfprintf.o)
                0x0000485e                __sfputs_r
 *fill*         0x00004882        0x2 ff
 .text._vfprintf_r
                0x00004884      0x22c C:/Renesas/RA/e2studio_v2025-01_fsp_v5.8.0/toolchains/gcc_arm/13.2.rel1/bin/../lib/gcc/arm-none-eabi/13.2.1/thumb/v8-m.base/nofp\libg_nano.a(libc_a-nano-vfprintf.o)
                0x00004884                _vfprintf_r
                0x00004884                _vfiprintf_r
 .text.__sflush_r
                0x00004ab0      0x104 C:/Renesas/RA/e2studio_v2025-01_fsp_v5.8.0/toolchains/gcc_arm/13.2.rel1/bin/../lib/gcc/arm-none-eabi/13.2.1/thumb/v8-m.base/nofp\libg_nano.a(libc_a-fflush.o)
                0x00004ab0                __sflush_r
 .text._fflush_r
                0x00004bb4       0x50 C:/Renesas/RA/e2studio_v2025-01_fsp_v5.8.0/toolchains/gcc_arm/13.2.rel1/bin/../lib/gcc/arm-none-eabi/13.2.1/thumb/v8-m.base/nofp\libg_nano.a(libc_a-fflush.o)
                0x00004bb4                _fflush_r
 .text.__swhatbuf_r
                0x00004c04       0x54 C:/Renesas/RA/e2studio_v2025-01_fsp_v5.8.0/toolchains/gcc_arm/13.2.rel1/bin/../lib/gcc/arm-none-eabi/13.2.1/thumb/v8-m.base/nofp\libg_nano.a(libc_a-makebuf.o)
                0x00004c04                __swhatbuf_r
 .text.__smakebuf_r
                0x00004c58       0x7c C:/Renesas/RA/e2studio_v2025-01_fsp_v5.8.0/toolchains/gcc_arm/13.2.rel1/bin/../lib/gcc/arm-none-eabi/13.2.1/thumb/v8-m.base/nofp\libg_nano.a(libc_a-makebuf.o)
                0x00004c58                __smakebuf_r
 .text._fstat_r
                0x00004cd4       0x24 C:/Renesas/RA/e2studio_v2025-01_fsp_v5.8.0/toolchains/gcc_arm/13.2.rel1/bin/../lib/gcc/arm-none-eabi/13.2.1/thumb/v8-m.base/nofp\libg_nano.a(libc_a-fstatr.o)
                0x00004cd4                _fstat_r
 .text._isatty_r
                0x00004cf8       0x20 C:/Renesas/RA/e2studio_v2025-01_fsp_v5.8.0/toolchains/gcc_arm/13.2.rel1/bin/../lib/gcc/arm-none-eabi/13.2.1/thumb/v8-m.base/nofp\libg_nano.a(libc_a-isattyr.o)
                0x00004cf8                _isatty_r
 .text._sbrk_r  0x00004d18       0x20 C:/Renesas/RA/e2studio_v2025-01_fsp_v5.8.0/toolchains/gcc_arm/13.2.rel1/bin/../lib/gcc/arm-none-eabi/13.2.1/thumb/v8-m.base/nofp\libg_nano.a(libc_a-sbrkr.o)
                0x00004d18                _sbrk_r
 .text._calloc_r
                0x00004d38       0x54 C:/Renesas/RA/e2studio_v2025-01_fsp_v5.8.0/toolchains/gcc_arm/13.2.rel1/bin/../lib/gcc/arm-none-eabi/13.2.1/thumb/v8-m.base/nofp\libg_nano.a(libc_a-callocr.o)
                0x00004d38                _calloc_r
 .text.__ascii_mbtowc
                0x00004d8c       0x20 C:/Renesas/RA/e2studio_v2025-01_fsp_v5.8.0/toolchains/gcc_arm/13.2.rel1/bin/../lib/gcc/arm-none-eabi/13.2.1/thumb/v8-m.base/nofp\libg_nano.a(libc_a-mbtowc_r.o)
                0x00004d8c                __ascii_mbtowc
 .text.__ascii_wctomb
                0x00004dac       0x1a C:/Renesas/RA/e2studio_v2025-01_fsp_v5.8.0/toolchains/gcc_arm/13.2.rel1/bin/../lib/gcc/arm-none-eabi/13.2.1/thumb/v8-m.base/nofp\libg_nano.a(libc_a-wctomb_r.o)
                0x00004dac                __ascii_wctomb
 *fill*         0x00004dc6        0x2 ff
 .text          0x00004dc8       0x14 C:/Renesas/RA/e2studio_v2025-01_fsp_v5.8.0/toolchains/gcc_arm/13.2.rel1/bin/../lib/gcc/arm-none-eabi/13.2.1/thumb/v8-m.base/nofp\libgcc.a(_thumb1_case_uqi.o)
                0x00004dc8                __gnu_thumb1_case_uqi
 .text          0x00004ddc       0x14 C:/Renesas/RA/e2studio_v2025-01_fsp_v5.8.0/toolchains/gcc_arm/13.2.rel1/bin/../lib/gcc/arm-none-eabi/13.2.1/thumb/v8-m.base/nofp\libgcc.a(_thumb1_case_shi.o)
                0x00004ddc                __gnu_thumb1_case_shi
 .text          0x00004df0       0x7c C:/Renesas/RA/e2studio_v2025-01_fsp_v5.8.0/toolchains/gcc_arm/13.2.rel1/bin/../lib/gcc/arm-none-eabi/13.2.1/thumb/v8-m.base/nofp\libgcc.a(_arm_cmpdf2.o)
                0x00004df0                __aeabi_cdrcmple
                0x00004e00                __aeabi_cdcmple
                0x00004e00                __aeabi_cdcmpeq
                0x00004e10                __aeabi_dcmpeq
                0x00004e1c                __aeabi_dcmplt
                0x00004e30                __aeabi_dcmple
                0x00004e44                __aeabi_dcmpgt
                0x00004e58                __aeabi_dcmpge
 .text.__aeabi_dadd
                0x00004e6c      0x704 C:/Renesas/RA/e2studio_v2025-01_fsp_v5.8.0/toolchains/gcc_arm/13.2.rel1/bin/../lib/gcc/arm-none-eabi/13.2.1/thumb/v8-m.base/nofp\libgcc.a(adddf3.o)
                0x00004e6c                __aeabi_dadd
 .text.__eqdf2  0x00005570       0x88 C:/Renesas/RA/e2studio_v2025-01_fsp_v5.8.0/toolchains/gcc_arm/13.2.rel1/bin/../lib/gcc/arm-none-eabi/13.2.1/thumb/v8-m.base/nofp\libgcc.a(eqdf2.o)
                0x00005570                __nedf2
                0x00005570                __eqdf2
 .text.__gedf2  0x000055f8       0xdc C:/Renesas/RA/e2studio_v2025-01_fsp_v5.8.0/toolchains/gcc_arm/13.2.rel1/bin/../lib/gcc/arm-none-eabi/13.2.1/thumb/v8-m.base/nofp\libgcc.a(gedf2.o)
                0x000055f8                __gedf2
                0x000055f8                __gtdf2
 .text.__ledf2  0x000056d4       0xdc C:/Renesas/RA/e2studio_v2025-01_fsp_v5.8.0/toolchains/gcc_arm/13.2.rel1/bin/../lib/gcc/arm-none-eabi/13.2.1/thumb/v8-m.base/nofp\libgcc.a(ledf2.o)
                0x000056d4                __ledf2
                0x000056d4                __ltdf2
 .text.__aeabi_dsub
                0x000057b0      0x7a4 C:/Renesas/RA/e2studio_v2025-01_fsp_v5.8.0/toolchains/gcc_arm/13.2.rel1/bin/../lib/gcc/arm-none-eabi/13.2.1/thumb/v8-m.base/nofp\libgcc.a(subdf3.o)
                0x000057b0                __aeabi_dsub
 .text.__aeabi_dcmpun
                0x00005f54       0x38 C:/Renesas/RA/e2studio_v2025-01_fsp_v5.8.0/toolchains/gcc_arm/13.2.rel1/bin/../lib/gcc/arm-none-eabi/13.2.1/thumb/v8-m.base/nofp\libgcc.a(unorddf2.o)
                0x00005f54                __aeabi_dcmpun
 .text.__aeabi_d2iz
                0x00005f8c       0x70 C:/Renesas/RA/e2studio_v2025-01_fsp_v5.8.0/toolchains/gcc_arm/13.2.rel1/bin/../lib/gcc/arm-none-eabi/13.2.1/thumb/v8-m.base/nofp\libgcc.a(fixdfsi.o)
                0x00005f8c                __aeabi_d2iz
 .text.__aeabi_ui2d
                0x00005ffc       0x48 C:/Renesas/RA/e2studio_v2025-01_fsp_v5.8.0/toolchains/gcc_arm/13.2.rel1/bin/../lib/gcc/arm-none-eabi/13.2.1/thumb/v8-m.base/nofp\libgcc.a(floatunsidf.o)
                0x00005ffc                __aeabi_ui2d
 .text._close   0x00006044       0x14 C:/Renesas/RA/e2studio_v2025-01_fsp_v5.8.0/toolchains/gcc_arm/13.2.rel1/bin/../lib/gcc/arm-none-eabi/13.2.1/thumb/v8-m.base/nofp\libnosys.a(close.o)
                0x00006044                _close
 .text._fstat   0x00006058       0x14 C:/Renesas/RA/e2studio_v2025-01_fsp_v5.8.0/toolchains/gcc_arm/13.2.rel1/bin/../lib/gcc/arm-none-eabi/13.2.1/thumb/v8-m.base/nofp\libnosys.a(fstat.o)
                0x00006058                _fstat
 .text._isatty  0x0000606c       0x10 C:/Renesas/RA/e2studio_v2025-01_fsp_v5.8.0/toolchains/gcc_arm/13.2.rel1/bin/../lib/gcc/arm-none-eabi/13.2.1/thumb/v8-m.base/nofp\libnosys.a(isatty.o)
                0x0000606c                _isatty
 .text._lseek   0x0000607c       0x14 C:/Renesas/RA/e2studio_v2025-01_fsp_v5.8.0/toolchains/gcc_arm/13.2.rel1/bin/../lib/gcc/arm-none-eabi/13.2.1/thumb/v8-m.base/nofp\libnosys.a(lseek.o)
                0x0000607c                _lseek
 .text._read    0x00006090       0x14 C:/Renesas/RA/e2studio_v2025-01_fsp_v5.8.0/toolchains/gcc_arm/13.2.rel1/bin/../lib/gcc/arm-none-eabi/13.2.1/thumb/v8-m.base/nofp\libnosys.a(read.o)
                0x00006090                _read
 *(.version)
 .version       0x000060a4       0x50 ./ra/fsp/src/bsp/mcu/all/bsp_common.o
 *(.init)
 .init          0x000060f4        0x4 C:/Renesas/RA/e2studio_v2025-01_fsp_v5.8.0/toolchains/gcc_arm/13.2.rel1/bin/../lib/gcc/arm-none-eabi/13.2.1/thumb/v8-m.base/nofp/crti.o
                0x000060f4                _init
 .init          0x000060f8        0x8 C:/Renesas/RA/e2studio_v2025-01_fsp_v5.8.0/toolchains/gcc_arm/13.2.rel1/bin/../lib/gcc/arm-none-eabi/13.2.1/thumb/v8-m.base/nofp/crtn.o
 *(.fini)
 .fini          0x00006100        0x4 C:/Renesas/RA/e2studio_v2025-01_fsp_v5.8.0/toolchains/gcc_arm/13.2.rel1/bin/../lib/gcc/arm-none-eabi/13.2.1/thumb/v8-m.base/nofp/crti.o
                0x00006100                _fini
 .fini          0x00006104        0x8 C:/Renesas/RA/e2studio_v2025-01_fsp_v5.8.0/toolchains/gcc_arm/13.2.rel1/bin/../lib/gcc/arm-none-eabi/13.2.1/thumb/v8-m.base/nofp/crtn.o
 *crtbegin.o(.ctors)
 *crtbegin?.o(.ctors)
 *(EXCLUDE_FILE(*crtend.o *crtend?.o) .ctors)
 *(SORT_BY_NAME(.ctors.*))
 *(.ctors)
 *crtbegin.o(.dtors)
 *crtbegin?.o(.dtors)
 *(EXCLUDE_FILE(*crtend.o *crtend?.o) .dtors)
 *(SORT_BY_NAME(.dtors.*))
 *(.dtors)
 *(.rodata*)
 .rodata.hal_entry.str1.4
                0x0000610c       0x4a ./src/hal_entry.o
 *fill*         0x00006156        0x2 ff
 .rodata.__func__.0
                0x00006158        0xa ./src/hal_entry.o
 *fill*         0x00006162        0x2 ff
 .rodata.g_uart9_cfg
                0x00006164       0x20 ./ra_gen/hal_data.o
                0x00006164                g_uart9_cfg
 .rodata.g_uart9_cfg_extend
                0x00006184       0x14 ./ra_gen/hal_data.o
                0x00006184                g_uart9_cfg_extend
 .rodata.g_adc0_channel_cfg
                0x00006198       0x14 ./ra_gen/hal_data.o
                0x00006198                g_adc0_channel_cfg
 .rodata.g_adc0_cfg
                0x000061ac       0x18 ./ra_gen/hal_data.o
                0x000061ac                g_adc0_cfg
 .rodata.g_adc0_cfg_extend
                0x000061c4        0xb ./ra_gen/hal_data.o
                0x000061c4                g_adc0_cfg_extend
 *fill*         0x000061cf        0x1 ff
 .rodata.g_bsp_pin_cfg
                0x000061d0        0xc ./ra_gen/pin_data.o
                0x000061d0                g_bsp_pin_cfg
 .rodata.g_bsp_pin_cfg_data
                0x000061dc       0x28 ./ra_gen/pin_data.o
                0x000061dc                g_bsp_pin_cfg_data
 .rodata.g_interrupt_event_link_select
                0x00006204       0x20 ./ra_gen/vector_data.o
                0x00006204                g_interrupt_event_link_select
 .rodata.g_prcr_masks
                0x00006224        0x8 ./ra/fsp/src/bsp/mcu/all/bsp_register_protection.o
 .rodata.__aeabi_ddiv
                0x0000622c       0x40 C:/Renesas/RA/e2studio_v2025-01_fsp_v5.8.0/toolchains/gcc_arm/13.2.rel1/bin/../lib/gcc/arm-none-eabi/13.2.1/thumb/v8-m.base/nofp\libgcc.a(divdf3.o)
 .rodata._printf_float.str1.1
                0x0000626c      0x137 C:/Renesas/RA/e2studio_v2025-01_fsp_v5.8.0/toolchains/gcc_arm/13.2.rel1/bin/../lib/gcc/arm-none-eabi/13.2.1/thumb/v8-m.base/nofp\libg_nano.a(libc_a-nano-vfprintf_float.o)
                                 0x12 (size before relaxing)
 .rodata._printf_i.str1.1
                0x000063a3       0x22 C:/Renesas/RA/e2studio_v2025-01_fsp_v5.8.0/toolchains/gcc_arm/13.2.rel1/bin/../lib/gcc/arm-none-eabi/13.2.1/thumb/v8-m.base/nofp\libg_nano.a(libc_a-nano-vfprintf_i.o)
 .rodata._dtoa_r.str1.1
                0x000063a3       0x90 C:/Renesas/RA/e2studio_v2025-01_fsp_v5.8.0/toolchains/gcc_arm/13.2.rel1/bin/../lib/gcc/arm-none-eabi/13.2.1/thumb/v8-m.base/nofp\libg_nano.a(libc_a-dtoa.o)
 .rodata._Balloc.str1.1
                0x000063a3       0x71 C:/Renesas/RA/e2studio_v2025-01_fsp_v5.8.0/toolchains/gcc_arm/13.2.rel1/bin/../lib/gcc/arm-none-eabi/13.2.1/thumb/v8-m.base/nofp\libg_nano.a(libc_a-mprec.o)
 .rodata.__multadd.str1.1
                0x000063a3       0x11 C:/Renesas/RA/e2studio_v2025-01_fsp_v5.8.0/toolchains/gcc_arm/13.2.rel1/bin/../lib/gcc/arm-none-eabi/13.2.1/thumb/v8-m.base/nofp\libg_nano.a(libc_a-mprec.o)
 *fill*         0x000063a3        0x1 ff
 .rodata.p05.0  0x000063a4        0xc C:/Renesas/RA/e2studio_v2025-01_fsp_v5.8.0/toolchains/gcc_arm/13.2.rel1/bin/../lib/gcc/arm-none-eabi/13.2.1/thumb/v8-m.base/nofp\libg_nano.a(libc_a-mprec.o)
 .rodata.__mprec_bigtens
                0x000063b0       0x28 C:/Renesas/RA/e2studio_v2025-01_fsp_v5.8.0/toolchains/gcc_arm/13.2.rel1/bin/../lib/gcc/arm-none-eabi/13.2.1/thumb/v8-m.base/nofp\libg_nano.a(libc_a-mprec.o)
                0x000063b0                __mprec_bigtens
 .rodata.__mprec_tens
                0x000063d8       0xc8 C:/Renesas/RA/e2studio_v2025-01_fsp_v5.8.0/toolchains/gcc_arm/13.2.rel1/bin/../lib/gcc/arm-none-eabi/13.2.1/thumb/v8-m.base/nofp\libg_nano.a(libc_a-mprec.o)
                0x000063d8                __mprec_tens
 .rodata._vfprintf_r.str1.1
                0x000064a0       0x11 C:/Renesas/RA/e2studio_v2025-01_fsp_v5.8.0/toolchains/gcc_arm/13.2.rel1/bin/../lib/gcc/arm-none-eabi/13.2.1/thumb/v8-m.base/nofp\libg_nano.a(libc_a-nano-vfprintf.o)
 .rodata._setlocale_r.str1.1
                0x000064a0        0x9 C:/Renesas/RA/e2studio_v2025-01_fsp_v5.8.0/toolchains/gcc_arm/13.2.rel1/bin/../lib/gcc/arm-none-eabi/13.2.1/thumb/v8-m.base/nofp\libg_nano.a(libc_a-locale.o)
 .rodata.str1.1
                0x000064a0        0x2 C:/Renesas/RA/e2studio_v2025-01_fsp_v5.8.0/toolchains/gcc_arm/13.2.rel1/bin/../lib/gcc/arm-none-eabi/13.2.1/thumb/v8-m.base/nofp\libg_nano.a(libc_a-locale.o)
 .rodata._ctype_
                0x000064a0      0x101 C:/Renesas/RA/e2studio_v2025-01_fsp_v5.8.0/toolchains/gcc_arm/13.2.rel1/bin/../lib/gcc/arm-none-eabi/13.2.1/thumb/v8-m.base/nofp\libg_nano.a(libc_a-ctype_.o)
                0x000064a0                _ctype_
                0x000065a1                        __usb_dev_descriptor_start_fs = .
 *(.usb_device_desc_fs*)
                0x000065a1                        __usb_cfg_descriptor_start_fs = .
 *(.usb_config_desc_fs*)
                0x000065a1                        __usb_interface_descriptor_start_fs = .
 *(.usb_interface_desc_fs*)
                0x000065a1                        __usb_descriptor_end_fs = .
                0x000065a1                        __usb_dev_descriptor_start_hs = .
 *(.usb_device_desc_hs*)
                0x000065a1                        __usb_cfg_descriptor_start_hs = .
 *(.usb_config_desc_hs*)
                0x000065a1                        __usb_interface_descriptor_start_hs = .
 *(.usb_interface_desc_hs*)
                0x000065a1                        __usb_descriptor_end_hs = .
 *(.eh_frame*)
 *fill*         0x000065a1        0x3 ff
 .eh_frame      0x000065a4        0x0 C:/Renesas/RA/e2studio_v2025-01_fsp_v5.8.0/toolchains/gcc_arm/13.2.rel1/bin/../lib/gcc/arm-none-eabi/13.2.1/thumb/v8-m.base/nofp/crtbegin.o
 .eh_frame      0x000065a4        0x4 C:/Renesas/RA/e2studio_v2025-01_fsp_v5.8.0/toolchains/gcc_arm/13.2.rel1/bin/../lib/gcc/arm-none-eabi/13.2.1/thumb/v8-m.base/nofp/crtend.o
                0x000065a8                        __ROM_End = .
                0x000000c0                        __Vectors_Size = (__Vectors_End - __Vectors)

.glue_7         0x000065a8        0x0
 .glue_7        0x000065a8        0x0 linker stubs

.glue_7t        0x000065a8        0x0
 .glue_7t       0x000065a8        0x0 linker stubs

.vfp11_veneer   0x000065a8        0x0
 .vfp11_veneer  0x000065a8        0x0 linker stubs

.v4_bx          0x000065a8        0x0
 .v4_bx         0x000065a8        0x0 linker stubs

.iplt           0x000065a8        0x0
 .iplt          0x000065a8        0x0 C:/Renesas/RA/e2studio_v2025-01_fsp_v5.8.0/toolchains/gcc_arm/13.2.rel1/bin/../lib/gcc/arm-none-eabi/13.2.1/thumb/v8-m.base/nofp/crtbegin.o
                0x000065a8                        . = .
                0x000065a8                        __itcm_data_pre_location = .

.itcm_data      0x00000000        0x0 load address 0x000065b0
                0x00000000                        __tz_ITCM_S = ABSOLUTE (ITCM_START)
                0x00000000                        __itcm_data_start = .
 *(.itcm_data*)
                0x00000000                        . = ALIGN (0x8)
                0x00000000                        __itcm_data_end = .
                0x00000000                        __tz_ITCM_N = DEFINED (ITCM_NS_START)?ABSOLUTE (ITCM_NS_START):ALIGN (__itcm_data_end, 0x2000)
                0x000065b0                        __itcm_data_init_start = LOADADDR (.itcm_data)
                0x000065b0                        __itcm_data_init_end = (LOADADDR (.itcm_data) + SIZEOF (.itcm_data))
                0x00000001                        ASSERT (((ORIGIN (ITCM) % 0x8) == 0x0), ITCM memory region origin must be aligned to 8 bytes.)
                0x00000001                        ASSERT (((LENGTH (ITCM) % 0x8) == 0x0), ITCM memory region length must be a multiple of 8 bytes.)
                0x00000001                        ASSERT (((LOADADDR (.itcm_data) % 0x10) == 0x0), .itcm_data section must be aligned to 16 bytes.)
                0x00000001                        ASSERT (((SIZEOF (.itcm_data) % 0x8) == 0x0), .itcm_data section size must be a multiple of 8 bytes.)
                0x000065a8                        . = (SIZEOF (.itcm_data) > 0x0)?__itcm_data_init_end:__itcm_data_pre_location
                0x000065a8                        __exidx_start = .

/DISCARD/
 *(.ARM.extab* .gnu.linkonce.armextab.*)
 *(.ARM.exidx* .gnu.linkonce.armexidx.*)
                0x000065a8                        __exidx_end = .
                0x000065a8                        __etext = .
                0x20004000                        __tz_RAM_S = ORIGIN (RAM)

.fsp_dtc_vector_table
                0x20004000        0x0
                0x20004000                        . = ORIGIN (RAM)
 *(.fsp_dtc_vector_table)

.data           0x20004000      0x1d4 load address 0x000065a8
                0x20004000                        __data_start__ = .
                0x20004000                        . = ALIGN (0x4)
                0x20004000                        __Code_In_RAM_Start = .
 *(.code_in_ram*)
                0x20004000                        __Code_In_RAM_End = .
 *(vtable)
 *(.data.*)
 .data.g_uart9_baud_setting
                0x20004000        0x4 ./ra_gen/hal_data.o
                0x20004000                g_uart9_baud_setting
 .data.__sglue  0x20004004        0xc C:/Renesas/RA/e2studio_v2025-01_fsp_v5.8.0/toolchains/gcc_arm/13.2.rel1/bin/../lib/gcc/arm-none-eabi/13.2.1/thumb/v8-m.base/nofp\libg_nano.a(libc_a-findfp.o)
                0x20004004                __sglue
 .data._impure_ptr
                0x20004010        0x4 C:/Renesas/RA/e2studio_v2025-01_fsp_v5.8.0/toolchains/gcc_arm/13.2.rel1/bin/../lib/gcc/arm-none-eabi/13.2.1/thumb/v8-m.base/nofp\libg_nano.a(libc_a-impure.o)
                0x20004010                _impure_ptr
 .data._impure_data
                0x20004014       0x4c C:/Renesas/RA/e2studio_v2025-01_fsp_v5.8.0/toolchains/gcc_arm/13.2.rel1/bin/../lib/gcc/arm-none-eabi/13.2.1/thumb/v8-m.base/nofp\libg_nano.a(libc_a-impure.o)
                0x20004014                _impure_data
 .data.__global_locale
                0x20004060      0x16c C:/Renesas/RA/e2studio_v2025-01_fsp_v5.8.0/toolchains/gcc_arm/13.2.rel1/bin/../lib/gcc/arm-none-eabi/13.2.1/thumb/v8-m.base/nofp\libg_nano.a(libc_a-locale.o)
                0x20004060                __global_locale
 *(.data)
                0x200041cc                        . = ALIGN (0x4)
                0x200041cc                        PROVIDE (__preinit_array_start = .)
 *(.preinit_array)
                0x200041cc                        PROVIDE (__preinit_array_end = .)
                0x200041cc                        . = ALIGN (0x4)
                0x200041cc                        PROVIDE (__init_array_start = .)
 *(SORT_BY_NAME(.init_array.*))
 *(.init_array)
 .init_array    0x200041cc        0x4 C:/Renesas/RA/e2studio_v2025-01_fsp_v5.8.0/toolchains/gcc_arm/13.2.rel1/bin/../lib/gcc/arm-none-eabi/13.2.1/thumb/v8-m.base/nofp/crtbegin.o
                0x200041d0                        PROVIDE (__init_array_end = .)
                0x200041d0                        . = ALIGN (0x4)
                [!provide]                        PROVIDE (__fini_array_start = .)
 *(SORT_BY_NAME(.fini_array.*))
 *(.fini_array)
 .fini_array    0x200041d0        0x4 C:/Renesas/RA/e2studio_v2025-01_fsp_v5.8.0/toolchains/gcc_arm/13.2.rel1/bin/../lib/gcc/arm-none-eabi/13.2.1/thumb/v8-m.base/nofp/crtbegin.o
                [!provide]                        PROVIDE (__fini_array_end = .)
 *(.jcr*)
                0x200041d4                        . = ALIGN (0x4)
                0x200041d4                        __data_end__ = .

.tm_clone_table
                0x200041d4        0x0 load address 0x0000677c
 .tm_clone_table
                0x200041d4        0x0 C:/Renesas/RA/e2studio_v2025-01_fsp_v5.8.0/toolchains/gcc_arm/13.2.rel1/bin/../lib/gcc/arm-none-eabi/13.2.1/thumb/v8-m.base/nofp/crtbegin.o
 .tm_clone_table
                0x200041d4        0x0 C:/Renesas/RA/e2studio_v2025-01_fsp_v5.8.0/toolchains/gcc_arm/13.2.rel1/bin/../lib/gcc/arm-none-eabi/13.2.1/thumb/v8-m.base/nofp/crtend.o

.igot.plt       0x200041d4        0x0 load address 0x0000677c
 .igot.plt      0x200041d4        0x0 C:/Renesas/RA/e2studio_v2025-01_fsp_v5.8.0/toolchains/gcc_arm/13.2.rel1/bin/../lib/gcc/arm-none-eabi/13.2.1/thumb/v8-m.base/nofp/crtbegin.o
                0x200041d4                        . = .
                0x0000677c                        __dtcm_data_pre_location = (LOADADDR (.data) + SIZEOF (.data))

.dtcm_data      0x00000000        0x0 load address 0x00006780
                0x00000000                        __tz_DTCM_S = ABSOLUTE (DTCM_START)
                0x00000000                        __dtcm_data_start = .
 *(.dtcm_data*)
                0x00000000                        . = ALIGN (0x8)
                0x00000000                        __dtcm_data_end = .
                0x00000000                        . = __dtcm_data_end

.dtcm_bss       0x00000000        0x0
                0x00000000                        __dtcm_bss_start = .
 *(.dtcm_bss*)
                0x00000000                        . = ALIGN (0x8)
                0x00000000                        __dtcm_bss_end = .
                0x00000000                        __tz_DTCM_N = DEFINED (DTCM_NS_START)?ABSOLUTE (DTCM_NS_START):ALIGN (__dtcm_bss_end, 0x2000)
                0x00006780                        __dtcm_data_init_start = LOADADDR (.dtcm_data)
                0x00006780                        __dtcm_data_init_end = (LOADADDR (.dtcm_data) + SIZEOF (.dtcm_data))
                0x00000001                        ASSERT (((ORIGIN (DTCM) % 0x8) == 0x0), DTCM memory region origin must be aligned to 8 bytes.)
                0x00000001                        ASSERT (((LENGTH (DTCM) % 0x8) == 0x0), DTCM memory region length must be a multiple of 8 bytes.)
                0x00000001                        ASSERT ((LOADADDR (.dtcm_bss) == ADDR (.dtcm_bss)), .dtcm_bss has (VMA != LMA) but should be NOLOAD (VMA == LMA).)
                0x00000001                        ASSERT (((LOADADDR (.dtcm_data) % 0x10) == 0x0), .dtcm_data section must be aligned to 16 bytes.)
                0x00000001                        ASSERT (((SIZEOF (.dtcm_data) % 0x8) == 0x0), .dtcm_data section size must be a multiple of 8 bytes.)
                0x00000001                        ASSERT (((LOADADDR (.dtcm_bss) % 0x8) == 0x0), .dtcm_bss section must be aligned to 8 bytes.)
                0x00000001                        ASSERT (((SIZEOF (.dtcm_bss) % 0x8) == 0x0), .dtcm_bss section size must be a multiple of 8 bytes.)
                0x00000001                        ASSERT ((__dtcm_bss_start == __dtcm_data_end), .dtcm_bss section is not adjacent to .dtcm_data section.)
                0x0000677c                        . = (SIZEOF (.dtcm_data) > 0x0)?__dtcm_data_init_end:__dtcm_data_pre_location
                0x0000677c                        sgstubs_pre_location = .
                0x00006800                        SGSTUBS_LOC = (DEFINED (PROJECT_SECURE) && DEFINED (FLASH_NSC_START))?ABSOLUTE (FLASH_NSC_START):ALIGN (0x400)

.gnu.sgstubs    0x00006800        0x0
                0x00006800                        __tz_FLASH_C = DEFINED (FLASH_NSC_START)?ABSOLUTE (FLASH_NSC_START):__RESERVE_NS_RAM?ABSOLUTE ((FLASH_START + FLASH_LENGTH)):ALIGN (0x400)
                0x00006800                        _start_sg = .
 *(.gnu.sgstubs*)
                0x00006800                        . = ALIGN (0x20)
                0x00006800                        _end_sg = .
                0x00008000                        __tz_FLASH_N = DEFINED (FLASH_NS_START)?ABSOLUTE (FLASH_NS_START):__RESERVE_NS_RAM?ABSOLUTE ((FLASH_START + FLASH_LENGTH)):(FLASH_LENGTH < 0x8000)?FLASH_LENGTH:ALIGN (0x8000)
                0x00008000                        FLASH_NS_IMAGE_START = DEFINED (FLASH_NS_IMAGE_START)?FLASH_NS_IMAGE_START:__tz_FLASH_N
                0x60000000                        __tz_QSPI_FLASH_S = ORIGIN (QSPI_FLASH)

.qspi_flash     0x60000000        0x0
                0x60000000                        __qspi_flash_start__ = .
 *(.qspi_flash*)
 *(.code_in_qspi*)
                0x60000000                        __qspi_flash_end__ = .
                0x00000000                        __qspi_flash_code_size__ = (__qspi_flash_end__ - __qspi_flash_start__)
                0x0000677c                        __qspi_flash_code_addr__ = sgstubs_pre_location

.qspi_non_retentive
                0x60000000        0x0 load address 0x0000677c
                0x60000000                        __qspi_non_retentive_start__ = .
 *(.qspi_non_retentive*)
                0x60000000                        __qspi_non_retentive_end__ = .
                0x00000000                        __qspi_non_retentive_size__ = (__qspi_non_retentive_end__ - __qspi_non_retentive_start__)
                0x04000000                        __qspi_region_max_size__ = 0x4000000
                0x60000000                        __qspi_region_start_address__ = __qspi_flash_start__
                0x64000000                        __qspi_region_end_address__ = (__qspi_flash_start__ + __qspi_region_max_size__)
                0x60000000                        __tz_QSPI_FLASH_N = __qspi_non_retentive_end__

.OSPI_DEVICE_0_NO_LOAD
                0x80020000        0x0
                0x80020000                        . = ALIGN (0x4)
                0x80020000                        __ospi_device_0_start__ = .
 *(.ospi_device_0_no_load*)
                0x80020000                        . = ALIGN (0x4)
                0x80020000                        __ospi_device_0_end__ = .

.OSPI_DEVICE_1_NO_LOAD
                0x80030000        0x0
                0x80030000                        . = ALIGN (0x4)
                0x80030000                        __ospi_device_1_start__ = .
 *(.ospi_device_1_no_load*)
                0x80030000                        . = ALIGN (0x4)
                0x80030000                        __ospi_device_1_end__ = .
                0x80020000                        __tz_OSPI_DEVICE_0_S = ORIGIN (OSPI_DEVICE_0)

.OSPI_DEVICE_0  0x80020000        0x0
                0x80020000                        __ospi_device_0_start__ = .
 *(.ospi_device_0*)
 *(.code_in_ospi_device_0*)
                0x80020000                        __ospi_device_0_end__ = .
                0x00000000                        __ospi_device_0_code_size__ = (__ospi_device_0_end__ - __ospi_device_0_start__)
                0x0000677c                        __ospi_device_0_code_addr__ = (sgstubs_pre_location + SIZEOF (.qspi_non_retentive))

.ospi_device_0_non_retentive
                0x80020000        0x0 load address 0x0000677c
                0x80020000                        __ospi_device_0_non_retentive_start__ = .
 *(.ospi_device_0_non_retentive*)
                0x80020000                        __ospi_device_0_non_retentive_end__ = .
                0x00000000                        __ospi_device_0_non_retentive_size__ = (__ospi_device_0_non_retentive_end__ - __ospi_device_0_non_retentive_start__)
                0x08000000                        __ospi_device_0_region_max_size__ = 0x8000000
                0x80020000                        __ospi_device_0_region_start_address__ = __ospi_device_0_start__
                0x88020000                        __ospi_device_0_region_end_address__ = (__ospi_device_0_start__ + __ospi_device_0_region_max_size__)
                0x80020000                        __tz_OSPI_DEVICE_0_N = __ospi_device_0_non_retentive_end__
                0x80030000                        __tz_OSPI_DEVICE_1_S = ORIGIN (OSPI_DEVICE_1)

.OSPI_DEVICE_1  0x80030000        0x0
                0x80030000                        __ospi_device_1_start__ = .
 *(.ospi_device_1*)
 *(.code_in_ospi_device_1*)
                0x80030000                        __ospi_device_1_end__ = .
                0x00000000                        __ospi_device_1_code_size__ = (__ospi_device_1_end__ - __ospi_device_1_start__)
                0x0000677c                        __ospi_device_1_code_addr__ = (sgstubs_pre_location + (SIZEOF (.qspi_non_retentive) + SIZEOF (.ospi_device_0_non_retentive)))

.ospi_device_1_non_retentive
                0x80030000        0x0 load address 0x0000677c
                0x80030000                        __ospi_device_1_non_retentive_start__ = .
 *(.ospi_device_1_non_retentive*)
                0x80030000                        __ospi_device_1_non_retentive_end__ = .
                0x00000000                        __ospi_device_1_non_retentive_size__ = (__ospi_device_1_non_retentive_end__ - __ospi_device_1_non_retentive_start__)
                0x10000000                        __ospi_device_1_region_max_size__ = 0x10000000
                0x80030000                        __ospi_device_1_region_start_address__ = __ospi_device_1_start__
                0x90030000                        __ospi_device_1_region_end_address__ = (__ospi_device_1_start__ + __ospi_device_1_region_max_size__)
                0x80030000                        __tz_OSPI_DEVICE_1_N = __ospi_device_1_non_retentive_end__

.noinit         0x200041d4       0x14
                0x200041d4                        . = ALIGN (0x4)
                0x200041d4                        __noinit_start = .
 *(.noinit*)
 .noinit        0x200041d4       0x14 ./ra/fsp/src/bsp/mcu/all/bsp_clocks.o
                0x200041e8                        . = ALIGN (0x8)
 *(.heap.*)
                0x200041e8                        __noinit_end = .

.bss            0x200041e8      0x294
                0x200041e8                        . = ALIGN (0x4)
                0x200041e8                        __bss_start__ = .
 *(.bss*)
 .bss.completed.1
                0x200041e8        0x1 C:/Renesas/RA/e2studio_v2025-01_fsp_v5.8.0/toolchains/gcc_arm/13.2.rel1/bin/../lib/gcc/arm-none-eabi/13.2.1/thumb/v8-m.base/nofp/crtbegin.o
 *fill*         0x200041e9        0x3 
 .bss.object.0  0x200041ec       0x18 C:/Renesas/RA/e2studio_v2025-01_fsp_v5.8.0/toolchains/gcc_arm/13.2.rel1/bin/../lib/gcc/arm-none-eabi/13.2.1/thumb/v8-m.base/nofp/crtbegin.o
 .bss.scan_complete_flag
                0x20004204        0x1 ./src/hal_entry.o
                0x20004204                scan_complete_flag
 .bss.uart_send_complete_flag
                0x20004205        0x1 ./src/hal_entry.o
                0x20004205                uart_send_complete_flag
 *fill*         0x20004206        0x2 
 .bss.err       0x20004208        0x4 ./src/hal_entry.o
                0x20004208                err
 .bss.g_ioport_ctrl
                0x2000420c        0x8 ./ra_gen/common_data.o
                0x2000420c                g_ioport_ctrl
 .bss.g_uart9_ctrl
                0x20004214       0x30 ./ra_gen/hal_data.o
                0x20004214                g_uart9_ctrl
 .bss.g_adc0_ctrl
                0x20004244       0x24 ./ra_gen/hal_data.o
                0x20004244                g_adc0_ctrl
 .bss.g_bsp_group_irq_sources
                0x20004268       0x34 ./ra/fsp/src/bsp/mcu/all/bsp_group_irq.o
                0x20004268                g_bsp_group_irq_sources
 .bss.g_protect_pfswe_counter
                0x2000429c        0x4 ./ra/fsp/src/bsp/mcu/all/bsp_io.o
                0x2000429c                g_protect_pfswe_counter
 .bss.gp_renesas_isr_context
                0x200042a0       0x80 ./ra/fsp/src/bsp/mcu/all/bsp_irq.o
                0x200042a0                gp_renesas_isr_context
 .bss.g_protect_counters
                0x20004320        0x8 ./ra/fsp/src/bsp/mcu/all/bsp_register_protection.o
                0x20004320                g_protect_counters
 .bss.current_heap_end.0
                0x20004328        0x4 ./ra/fsp/src/bsp/mcu/all/bsp_sbrk.o
 .bss.SystemCoreClock
                0x2000432c        0x4 ./ra/fsp/src/bsp/cmsis/Device/RENESAS/Source/system.o
                0x2000432c                SystemCoreClock
 .bss.__sf      0x20004330      0x138 C:/Renesas/RA/e2studio_v2025-01_fsp_v5.8.0/toolchains/gcc_arm/13.2.rel1/bin/../lib/gcc/arm-none-eabi/13.2.1/thumb/v8-m.base/nofp\libg_nano.a(libc_a-findfp.o)
                0x20004330                __sf
 .bss.__stdio_exit_handler
                0x20004468        0x4 C:/Renesas/RA/e2studio_v2025-01_fsp_v5.8.0/toolchains/gcc_arm/13.2.rel1/bin/../lib/gcc/arm-none-eabi/13.2.1/thumb/v8-m.base/nofp\libg_nano.a(libc_a-findfp.o)
                0x20004468                __stdio_exit_handler
 .bss.errno     0x2000446c        0x4 C:/Renesas/RA/e2studio_v2025-01_fsp_v5.8.0/toolchains/gcc_arm/13.2.rel1/bin/../lib/gcc/arm-none-eabi/13.2.1/thumb/v8-m.base/nofp\libg_nano.a(libc_a-reent.o)
                0x2000446c                errno
 .bss.__lock___malloc_recursive_mutex
                0x20004470        0x1 C:/Renesas/RA/e2studio_v2025-01_fsp_v5.8.0/toolchains/gcc_arm/13.2.rel1/bin/../lib/gcc/arm-none-eabi/13.2.1/thumb/v8-m.base/nofp\libg_nano.a(libc_a-lock.o)
                0x20004470                __lock___malloc_recursive_mutex
 .bss.__lock___sfp_recursive_mutex
                0x20004471        0x1 C:/Renesas/RA/e2studio_v2025-01_fsp_v5.8.0/toolchains/gcc_arm/13.2.rel1/bin/../lib/gcc/arm-none-eabi/13.2.1/thumb/v8-m.base/nofp\libg_nano.a(libc_a-lock.o)
                0x20004471                __lock___sfp_recursive_mutex
 *fill*         0x20004472        0x2 
 .bss.__malloc_sbrk_start
                0x20004474        0x4 C:/Renesas/RA/e2studio_v2025-01_fsp_v5.8.0/toolchains/gcc_arm/13.2.rel1/bin/../lib/gcc/arm-none-eabi/13.2.1/thumb/v8-m.base/nofp\libg_nano.a(libc_a-mallocr.o)
                0x20004474                __malloc_sbrk_start
 .bss.__malloc_free_list
                0x20004478        0x4 C:/Renesas/RA/e2studio_v2025-01_fsp_v5.8.0/toolchains/gcc_arm/13.2.rel1/bin/../lib/gcc/arm-none-eabi/13.2.1/thumb/v8-m.base/nofp\libg_nano.a(libc_a-mallocr.o)
                0x20004478                __malloc_free_list
 *(COMMON)
                0x2000447c                        . = ALIGN (0x4)
                0x2000447c                        __bss_end__ = .

.heap           0x20004480     0x2000
                0x20004480                        . = ALIGN (0x8)
                0x20004480                        __HeapBase = .
 *(.heap)
 .heap          0x20004480     0x2000 ./ra/fsp/src/bsp/cmsis/Device/RENESAS/Source/startup.o
                0x20006480                        __HeapLimit = .

.stack_dummy    0x20006480      0x400
                0x20006480                        . = ALIGN (0x8)
                0x20006480                        __StackLimit = .
 *(.stack)
 .stack         0x20006480      0x400 ./ra/fsp/src/bsp/cmsis/Device/RENESAS/Source/startup.o
                0x20006880                        __StackTop = .
 *(.stack*)
                0x20006880                        __StackTopAll = .
                0x20006880                        PROVIDE (__stack = __StackTopAll)
                0x20006880                        __RAM_segment_used_end__ = ALIGN (__StackTopAll, 0x4)
                0x20006c00                        __tz_RAM_C = DEFINED (RAM_NSC_START)?ABSOLUTE ((RAM_NSC_START - RAM_NS_BUFFER_BLOCK_LENGTH)):__RESERVE_NS_RAM?ABSOLUTE (RAM_NS_BUFFER_BLOCK_START):ALIGN (__RAM_segment_used_end__, 0x400)
                0x20008000                        __tz_RAM_N = DEFINED (RAM_NS_START)?ABSOLUTE ((RAM_NS_START - RAM_NS_BUFFER_BLOCK_LENGTH)):__RESERVE_NS_RAM?ABSOLUTE (RAM_NS_BUFFER_BLOCK_START):ALIGN (__tz_RAM_C, 0x2000)

.ns_buffer      0x20006880        0x0
                0x20006880                        . = __RESERVE_NS_RAM?ABSOLUTE ((RAM_NS_BUFFER_START & 0xffffffe0)):.
 *(.ns_buffer*)

.data_flash     0x40100000        0x0
                0x40100000                        . = ORIGIN (DATA_FLASH)
                0x40100000                        __tz_DATA_FLASH_S = .
                0x40100000                        __Data_Flash_Start = .
 *(.data_flash*)
                0x40100000                        __Data_Flash_End = .
                0x40100000                        __tz_DATA_FLASH_N = DEFINED (DATA_FLASH_NS_START)?ABSOLUTE (DATA_FLASH_NS_START):__RESERVE_NS_RAM?ABSOLUTE ((DATA_FLASH_START + DATA_FLASH_LENGTH)):ALIGN (0x400)
                0x80010000                        __tz_SDRAM_S = ORIGIN (SDRAM)

.sdram          0x80010000        0x0
                0x80010000                        __SDRAM_Start = .
 *(.sdram*)
 *(.frame*)
                0x80010000                        __SDRAM_End = .
                0x80010000                        __tz_SDRAM_N = __SDRAM_End
                0x01010018                        __tz_ID_CODE_S = ORIGIN (ID_CODE)
                0x01010018                        __tz_ID_CODE_N = __tz_ID_CODE_S

.id_code        0x01010018       0x1c
                0x01010018                        __ID_Code_Start = .
 *(.id_code*)
 .id_code       0x01010018       0x1c ./ra/fsp/src/bsp/mcu/all/bsp_rom_registers.o
                0x01010034                        __ID_Code_End = .
                0x00000000                        __tz_OPTION_SETTING_S = ORIGIN (OPTION_SETTING_OFS)

.rel.dyn        0x01010034        0x0
 .rel.iplt      0x01010034        0x0 C:/Renesas/RA/e2studio_v2025-01_fsp_v5.8.0/toolchains/gcc_arm/13.2.rel1/bin/../lib/gcc/arm-none-eabi/13.2.1/thumb/v8-m.base/nofp/crtbegin.o

.option_setting_ofs
                0x00000000        0x0
                0x00000000                        __OPTION_SETTING_OFS_Start = .
 *(.option_setting_ofs0)
                0x00000000                        . = PROJECT_SECURE_OR_FLAT?(__OPTION_SETTING_OFS_Start + 0x4):__OPTION_SETTING_OFS_Start
 *(.option_setting_ofs2)
                0x00000000                        . = PROJECT_SECURE_OR_FLAT?(__OPTION_SETTING_OFS_Start + 0x10):__OPTION_SETTING_OFS_Start
 *(.option_setting_dualsel)
                0x00000000                        __OPTION_SETTING_OFS_End = .

.option_setting_sas
                0x00000034        0x0
                0x00000034                        __OPTION_SETTING_SAS_Start = .
 *(.option_setting_sas)
                0x00000034                        __OPTION_SETTING_SAS_End = .
                0x00000080                        __tz_OPTION_SETTING_N = ABSOLUTE (OPTION_SETTING_START_NS)

.option_setting_ns
                0x00000000        0x0
                0x00000000                        __OPTION_SETTING_NS_Start = .
 *(.option_setting_ofs1)
                0x00000000                        . = USE_OPTION_SETTING_NS?(__OPTION_SETTING_NS_Start + 0x4):__OPTION_SETTING_NS_Start
 *(.option_setting_ofs3)
                0x00000000                        . = USE_OPTION_SETTING_NS?(__OPTION_SETTING_NS_Start + 0x10):__OPTION_SETTING_NS_Start
 *(.option_setting_banksel)
                0x00000000                        . = USE_OPTION_SETTING_NS?(__OPTION_SETTING_NS_Start + 0x40):__OPTION_SETTING_NS_Start
 *(.option_setting_bps0)
                0x00000000                        . = USE_OPTION_SETTING_NS?(__OPTION_SETTING_NS_Start + 0x44):__OPTION_SETTING_NS_Start
 *(.option_setting_bps1)
                0x00000000                        . = USE_OPTION_SETTING_NS?(__OPTION_SETTING_NS_Start + 0x48):__OPTION_SETTING_NS_Start
 *(.option_setting_bps2)
                0x00000000                        . = USE_OPTION_SETTING_NS?(__OPTION_SETTING_NS_Start + 0x4c):__OPTION_SETTING_NS_Start
 *(.option_setting_bps3)
                0x00000000                        . = USE_OPTION_SETTING_NS?(__OPTION_SETTING_NS_Start + 0x60):__OPTION_SETTING_NS_Start
 *(.option_setting_pbps0)
                0x00000000                        . = USE_OPTION_SETTING_NS?(__OPTION_SETTING_NS_Start + 0x64):__OPTION_SETTING_NS_Start
 *(.option_setting_pbps1)
                0x00000000                        . = USE_OPTION_SETTING_NS?(__OPTION_SETTING_NS_Start + 0x68):__OPTION_SETTING_NS_Start
 *(.option_setting_pbps2)
                0x00000000                        . = USE_OPTION_SETTING_NS?(__OPTION_SETTING_NS_Start + 0x6c):__OPTION_SETTING_NS_Start
 *(.option_setting_pbps3)
                0x00000000                        __OPTION_SETTING_NS_End = .
                0x80000000                        __tz_OPTION_SETTING_S_S = ORIGIN (OPTION_SETTING_S)

.option_setting_s
                0x80000000        0x0
                0x80000000                        __OPTION_SETTING_S_Start = .
 *(.option_setting_ofs1_sec)
                0x80000000                        . = PROJECT_SECURE_OR_FLAT?(__OPTION_SETTING_S_Start + 0x4):__OPTION_SETTING_S_Start
 *(.option_setting_ofs3_sec)
                0x80000000                        . = PROJECT_SECURE_OR_FLAT?(__OPTION_SETTING_S_Start + 0x10):__OPTION_SETTING_S_Start
 *(.option_setting_banksel_sec)
                0x80000000                        . = PROJECT_SECURE_OR_FLAT?(__OPTION_SETTING_S_Start + 0x40):__OPTION_SETTING_S_Start
 *(.option_setting_bps_sec0)
                0x80000000                        . = PROJECT_SECURE_OR_FLAT?(__OPTION_SETTING_S_Start + 0x44):__OPTION_SETTING_S_Start
 *(.option_setting_bps_sec1)
                0x80000000                        . = PROJECT_SECURE_OR_FLAT?(__OPTION_SETTING_S_Start + 0x48):__OPTION_SETTING_S_Start
 *(.option_setting_bps_sec2)
                0x80000000                        . = PROJECT_SECURE_OR_FLAT?(__OPTION_SETTING_S_Start + 0x4c):__OPTION_SETTING_S_Start
 *(.option_setting_bps_sec3)
                0x80000000                        . = PROJECT_SECURE_OR_FLAT?(__OPTION_SETTING_S_Start + 0x60):__OPTION_SETTING_S_Start
 *(.option_setting_pbps_sec0)
                0x80000000                        . = PROJECT_SECURE_OR_FLAT?(__OPTION_SETTING_S_Start + 0x64):__OPTION_SETTING_S_Start
 *(.option_setting_pbps_sec1)
                0x80000000                        . = PROJECT_SECURE_OR_FLAT?(__OPTION_SETTING_S_Start + 0x68):__OPTION_SETTING_S_Start
 *(.option_setting_pbps_sec2)
                0x80000000                        . = PROJECT_SECURE_OR_FLAT?(__OPTION_SETTING_S_Start + 0x6c):__OPTION_SETTING_S_Start
 *(.option_setting_pbps_sec3)
                0x80000000                        . = PROJECT_SECURE_OR_FLAT?(__OPTION_SETTING_S_Start + 0x80):__OPTION_SETTING_S_Start
 *(.option_setting_ofs1_sel)
                0x80000000                        . = PROJECT_SECURE_OR_FLAT?(__OPTION_SETTING_S_Start + 0x84):__OPTION_SETTING_S_Start
 *(.option_setting_ofs3_sel)
                0x80000000                        . = PROJECT_SECURE_OR_FLAT?(__OPTION_SETTING_S_Start + 0x90):__OPTION_SETTING_S_Start
 *(.option_setting_banksel_sel)
                0x80000000                        . = PROJECT_SECURE_OR_FLAT?(__OPTION_SETTING_S_Start + 0xc0):__OPTION_SETTING_S_Start
 *(.option_setting_bps_sel0)
                0x80000000                        . = PROJECT_SECURE_OR_FLAT?(__OPTION_SETTING_S_Start + 0xc4):__OPTION_SETTING_S_Start
 *(.option_setting_bps_sel1)
                0x80000000                        . = PROJECT_SECURE_OR_FLAT?(__OPTION_SETTING_S_Start + 0xc8):__OPTION_SETTING_S_Start
 *(.option_setting_bps_sel2)
                0x80000000                        . = PROJECT_SECURE_OR_FLAT?(__OPTION_SETTING_S_Start + 0xcc):__OPTION_SETTING_S_Start
 *(.option_setting_bps_sel3)
                0x80000000                        __OPTION_SETTING_S_End = .
                0x80000000                        __tz_OPTION_SETTING_S_N = __OPTION_SETTING_S_End
OUTPUT(RA2E1_Project16.elf elf32-littlearm)
LOAD linker stubs

.ARM.attributes
                0x00000000       0x2c
 .ARM.attributes
                0x00000000       0x22 C:/Renesas/RA/e2studio_v2025-01_fsp_v5.8.0/toolchains/gcc_arm/13.2.rel1/bin/../lib/gcc/arm-none-eabi/13.2.1/thumb/v8-m.base/nofp/crti.o
 .ARM.attributes
                0x00000022       0x30 C:/Renesas/RA/e2studio_v2025-01_fsp_v5.8.0/toolchains/gcc_arm/13.2.rel1/bin/../lib/gcc/arm-none-eabi/13.2.1/thumb/v8-m.base/nofp/crtbegin.o
 .ARM.attributes
                0x00000052       0x30 ./src/hal_entry.o
 .ARM.attributes
                0x00000082       0x30 ./ra_gen/common_data.o
 .ARM.attributes
                0x000000b2       0x30 ./ra_gen/hal_data.o
 .ARM.attributes
                0x000000e2       0x30 ./ra_gen/main.o
 .ARM.attributes
                0x00000112       0x30 ./ra_gen/pin_data.o
 .ARM.attributes
                0x00000142       0x30 ./ra_gen/vector_data.o
 .ARM.attributes
                0x00000172       0x30 ./ra/fsp/src/r_sci_uart/r_sci_uart.o
 .ARM.attributes
                0x000001a2       0x30 ./ra/fsp/src/r_ioport/r_ioport.o
 .ARM.attributes
                0x000001d2       0x30 ./ra/fsp/src/r_adc/r_adc.o
 .ARM.attributes
                0x00000202       0x30 ./ra/fsp/src/bsp/mcu/all/bsp_clocks.o
 .ARM.attributes
                0x00000232       0x30 ./ra/fsp/src/bsp/mcu/all/bsp_common.o
 .ARM.attributes
                0x00000262       0x30 ./ra/fsp/src/bsp/mcu/all/bsp_delay.o
 .ARM.attributes
                0x00000292       0x30 ./ra/fsp/src/bsp/mcu/all/bsp_group_irq.o
 .ARM.attributes
                0x000002c2       0x30 ./ra/fsp/src/bsp/mcu/all/bsp_io.o
 .ARM.attributes
                0x000002f2       0x30 ./ra/fsp/src/bsp/mcu/all/bsp_irq.o
 .ARM.attributes
                0x00000322       0x30 ./ra/fsp/src/bsp/mcu/all/bsp_register_protection.o
 .ARM.attributes
                0x00000352       0x30 ./ra/fsp/src/bsp/mcu/all/bsp_rom_registers.o
 .ARM.attributes
                0x00000382       0x30 ./ra/fsp/src/bsp/mcu/all/bsp_sbrk.o
 .ARM.attributes
                0x000003b2       0x30 ./ra/fsp/src/bsp/cmsis/Device/RENESAS/Source/startup.o
 .ARM.attributes
                0x000003e2       0x30 ./ra/fsp/src/bsp/cmsis/Device/RENESAS/Source/system.o
 .ARM.attributes
                0x00000412       0x22 C:/Renesas/RA/e2studio_v2025-01_fsp_v5.8.0/toolchains/gcc_arm/13.2.rel1/bin/../lib/gcc/arm-none-eabi/13.2.1/thumb/v8-m.base/nofp\libgcc.a(_clzsi2.o)
 .ARM.attributes
                0x00000434       0x30 C:/Renesas/RA/e2studio_v2025-01_fsp_v5.8.0/toolchains/gcc_arm/13.2.rel1/bin/../lib/gcc/arm-none-eabi/13.2.1/thumb/v8-m.base/nofp\libgcc.a(_muldi3.o)
 .ARM.attributes
                0x00000464       0x30 C:/Renesas/RA/e2studio_v2025-01_fsp_v5.8.0/toolchains/gcc_arm/13.2.rel1/bin/../lib/gcc/arm-none-eabi/13.2.1/thumb/v8-m.base/nofp\libgcc.a(divdf3.o)
 .ARM.attributes
                0x00000494       0x30 C:/Renesas/RA/e2studio_v2025-01_fsp_v5.8.0/toolchains/gcc_arm/13.2.rel1/bin/../lib/gcc/arm-none-eabi/13.2.1/thumb/v8-m.base/nofp\libgcc.a(muldf3.o)
 .ARM.attributes
                0x000004c4       0x30 C:/Renesas/RA/e2studio_v2025-01_fsp_v5.8.0/toolchains/gcc_arm/13.2.rel1/bin/../lib/gcc/arm-none-eabi/13.2.1/thumb/v8-m.base/nofp\libgcc.a(floatsidf.o)
 .ARM.attributes
                0x000004f4       0x30 C:/Renesas/RA/e2studio_v2025-01_fsp_v5.8.0/toolchains/gcc_arm/13.2.rel1/bin/../lib/gcc/arm-none-eabi/13.2.1/thumb/v8-m.base/nofp\libg_nano.a(libc_a-nano-vfprintf_float.o)
 .ARM.attributes
                0x00000524       0x30 C:/Renesas/RA/e2studio_v2025-01_fsp_v5.8.0/toolchains/gcc_arm/13.2.rel1/bin/../lib/gcc/arm-none-eabi/13.2.1/thumb/v8-m.base/nofp\libg_nano.a(libc_a-nano-vfprintf_i.o)
 .ARM.attributes
                0x00000554       0x30 C:/Renesas/RA/e2studio_v2025-01_fsp_v5.8.0/toolchains/gcc_arm/13.2.rel1/bin/../lib/gcc/arm-none-eabi/13.2.1/thumb/v8-m.base/nofp\libg_nano.a(libc_a-findfp.o)
 .ARM.attributes
                0x00000584       0x30 C:/Renesas/RA/e2studio_v2025-01_fsp_v5.8.0/toolchains/gcc_arm/13.2.rel1/bin/../lib/gcc/arm-none-eabi/13.2.1/thumb/v8-m.base/nofp\libg_nano.a(libc_a-fwalk.o)
 .ARM.attributes
                0x000005b4       0x30 C:/Renesas/RA/e2studio_v2025-01_fsp_v5.8.0/toolchains/gcc_arm/13.2.rel1/bin/../lib/gcc/arm-none-eabi/13.2.1/thumb/v8-m.base/nofp\libg_nano.a(libc_a-printf.o)
 .ARM.attributes
                0x000005e4       0x30 C:/Renesas/RA/e2studio_v2025-01_fsp_v5.8.0/toolchains/gcc_arm/13.2.rel1/bin/../lib/gcc/arm-none-eabi/13.2.1/thumb/v8-m.base/nofp\libg_nano.a(libc_a-puts.o)
 .ARM.attributes
                0x00000614       0x30 C:/Renesas/RA/e2studio_v2025-01_fsp_v5.8.0/toolchains/gcc_arm/13.2.rel1/bin/../lib/gcc/arm-none-eabi/13.2.1/thumb/v8-m.base/nofp\libg_nano.a(libc_a-stdio.o)
 .ARM.attributes
                0x00000644       0x30 C:/Renesas/RA/e2studio_v2025-01_fsp_v5.8.0/toolchains/gcc_arm/13.2.rel1/bin/../lib/gcc/arm-none-eabi/13.2.1/thumb/v8-m.base/nofp\libg_nano.a(libc_a-wbuf.o)
 .ARM.attributes
                0x00000674       0x30 C:/Renesas/RA/e2studio_v2025-01_fsp_v5.8.0/toolchains/gcc_arm/13.2.rel1/bin/../lib/gcc/arm-none-eabi/13.2.1/thumb/v8-m.base/nofp\libg_nano.a(libc_a-wsetup.o)
 .ARM.attributes
                0x000006a4       0x30 C:/Renesas/RA/e2studio_v2025-01_fsp_v5.8.0/toolchains/gcc_arm/13.2.rel1/bin/../lib/gcc/arm-none-eabi/13.2.1/thumb/v8-m.base/nofp\libg_nano.a(libc_a-memset.o)
 .ARM.attributes
                0x000006d4       0x30 C:/Renesas/RA/e2studio_v2025-01_fsp_v5.8.0/toolchains/gcc_arm/13.2.rel1/bin/../lib/gcc/arm-none-eabi/13.2.1/thumb/v8-m.base/nofp\libg_nano.a(libc_a-localeconv.o)
 .ARM.attributes
                0x00000704       0x30 C:/Renesas/RA/e2studio_v2025-01_fsp_v5.8.0/toolchains/gcc_arm/13.2.rel1/bin/../lib/gcc/arm-none-eabi/13.2.1/thumb/v8-m.base/nofp\libg_nano.a(libc_a-closer.o)
 .ARM.attributes
                0x00000734       0x30 C:/Renesas/RA/e2studio_v2025-01_fsp_v5.8.0/toolchains/gcc_arm/13.2.rel1/bin/../lib/gcc/arm-none-eabi/13.2.1/thumb/v8-m.base/nofp\libg_nano.a(libc_a-reent.o)
 .ARM.attributes
                0x00000764       0x30 C:/Renesas/RA/e2studio_v2025-01_fsp_v5.8.0/toolchains/gcc_arm/13.2.rel1/bin/../lib/gcc/arm-none-eabi/13.2.1/thumb/v8-m.base/nofp\libg_nano.a(libc_a-impure.o)
 .ARM.attributes
                0x00000794       0x30 C:/Renesas/RA/e2studio_v2025-01_fsp_v5.8.0/toolchains/gcc_arm/13.2.rel1/bin/../lib/gcc/arm-none-eabi/13.2.1/thumb/v8-m.base/nofp\libg_nano.a(libc_a-lseekr.o)
 .ARM.attributes
                0x000007c4       0x30 C:/Renesas/RA/e2studio_v2025-01_fsp_v5.8.0/toolchains/gcc_arm/13.2.rel1/bin/../lib/gcc/arm-none-eabi/13.2.1/thumb/v8-m.base/nofp\libg_nano.a(libc_a-readr.o)
 .ARM.attributes
                0x000007f4       0x30 C:/Renesas/RA/e2studio_v2025-01_fsp_v5.8.0/toolchains/gcc_arm/13.2.rel1/bin/../lib/gcc/arm-none-eabi/13.2.1/thumb/v8-m.base/nofp\libg_nano.a(libc_a-writer.o)
 .ARM.attributes
                0x00000824       0x30 C:/Renesas/RA/e2studio_v2025-01_fsp_v5.8.0/toolchains/gcc_arm/13.2.rel1/bin/../lib/gcc/arm-none-eabi/13.2.1/thumb/v8-m.base/nofp\libg_nano.a(libc_a-errno.o)
 .ARM.attributes
                0x00000854       0x30 C:/Renesas/RA/e2studio_v2025-01_fsp_v5.8.0/toolchains/gcc_arm/13.2.rel1/bin/../lib/gcc/arm-none-eabi/13.2.1/thumb/v8-m.base/nofp\libg_nano.a(libc_a-lock.o)
 .ARM.attributes
                0x00000884       0x30 C:/Renesas/RA/e2studio_v2025-01_fsp_v5.8.0/toolchains/gcc_arm/13.2.rel1/bin/../lib/gcc/arm-none-eabi/13.2.1/thumb/v8-m.base/nofp\libg_nano.a(libc_a-memchr-stub.o)
 .ARM.attributes
                0x000008b4       0x30 C:/Renesas/RA/e2studio_v2025-01_fsp_v5.8.0/toolchains/gcc_arm/13.2.rel1/bin/../lib/gcc/arm-none-eabi/13.2.1/thumb/v8-m.base/nofp\libg_nano.a(libc_a-memcpy-stub.o)
 .ARM.attributes
                0x000008e4       0x1c C:/Renesas/RA/e2studio_v2025-01_fsp_v5.8.0/toolchains/gcc_arm/13.2.rel1/bin/../lib/gcc/arm-none-eabi/13.2.1/thumb/v8-m.base/nofp\libg_nano.a(libc_a-strlen.o)
 .ARM.attributes
                0x00000900       0x30 C:/Renesas/RA/e2studio_v2025-01_fsp_v5.8.0/toolchains/gcc_arm/13.2.rel1/bin/../lib/gcc/arm-none-eabi/13.2.1/thumb/v8-m.base/nofp\libg_nano.a(libc_a-dtoa.o)
 .ARM.attributes
                0x00000930       0x30 C:/Renesas/RA/e2studio_v2025-01_fsp_v5.8.0/toolchains/gcc_arm/13.2.rel1/bin/../lib/gcc/arm-none-eabi/13.2.1/thumb/v8-m.base/nofp\libg_nano.a(libc_a-freer.o)
 .ARM.attributes
                0x00000960       0x30 C:/Renesas/RA/e2studio_v2025-01_fsp_v5.8.0/toolchains/gcc_arm/13.2.rel1/bin/../lib/gcc/arm-none-eabi/13.2.1/thumb/v8-m.base/nofp\libg_nano.a(libc_a-malloc.o)
 .ARM.attributes
                0x00000990       0x30 C:/Renesas/RA/e2studio_v2025-01_fsp_v5.8.0/toolchains/gcc_arm/13.2.rel1/bin/../lib/gcc/arm-none-eabi/13.2.1/thumb/v8-m.base/nofp\libg_nano.a(libc_a-mallocr.o)
 .ARM.attributes
                0x000009c0       0x30 C:/Renesas/RA/e2studio_v2025-01_fsp_v5.8.0/toolchains/gcc_arm/13.2.rel1/bin/../lib/gcc/arm-none-eabi/13.2.1/thumb/v8-m.base/nofp\libg_nano.a(libc_a-mlock.o)
 .ARM.attributes
                0x000009f0       0x30 C:/Renesas/RA/e2studio_v2025-01_fsp_v5.8.0/toolchains/gcc_arm/13.2.rel1/bin/../lib/gcc/arm-none-eabi/13.2.1/thumb/v8-m.base/nofp\libg_nano.a(libc_a-mprec.o)
 .ARM.attributes
                0x00000a20       0x30 C:/Renesas/RA/e2studio_v2025-01_fsp_v5.8.0/toolchains/gcc_arm/13.2.rel1/bin/../lib/gcc/arm-none-eabi/13.2.1/thumb/v8-m.base/nofp\libg_nano.a(libc_a-nano-vfprintf.o)
 .ARM.attributes
                0x00000a50       0x30 C:/Renesas/RA/e2studio_v2025-01_fsp_v5.8.0/toolchains/gcc_arm/13.2.rel1/bin/../lib/gcc/arm-none-eabi/13.2.1/thumb/v8-m.base/nofp\libg_nano.a(libc_a-fflush.o)
 .ARM.attributes
                0x00000a80       0x30 C:/Renesas/RA/e2studio_v2025-01_fsp_v5.8.0/toolchains/gcc_arm/13.2.rel1/bin/../lib/gcc/arm-none-eabi/13.2.1/thumb/v8-m.base/nofp\libg_nano.a(libc_a-makebuf.o)
 .ARM.attributes
                0x00000ab0       0x30 C:/Renesas/RA/e2studio_v2025-01_fsp_v5.8.0/toolchains/gcc_arm/13.2.rel1/bin/../lib/gcc/arm-none-eabi/13.2.1/thumb/v8-m.base/nofp\libg_nano.a(libc_a-locale.o)
 .ARM.attributes
                0x00000ae0       0x30 C:/Renesas/RA/e2studio_v2025-01_fsp_v5.8.0/toolchains/gcc_arm/13.2.rel1/bin/../lib/gcc/arm-none-eabi/13.2.1/thumb/v8-m.base/nofp\libg_nano.a(libc_a-fstatr.o)
 .ARM.attributes
                0x00000b10       0x30 C:/Renesas/RA/e2studio_v2025-01_fsp_v5.8.0/toolchains/gcc_arm/13.2.rel1/bin/../lib/gcc/arm-none-eabi/13.2.1/thumb/v8-m.base/nofp\libg_nano.a(libc_a-isattyr.o)
 .ARM.attributes
                0x00000b40       0x30 C:/Renesas/RA/e2studio_v2025-01_fsp_v5.8.0/toolchains/gcc_arm/13.2.rel1/bin/../lib/gcc/arm-none-eabi/13.2.1/thumb/v8-m.base/nofp\libg_nano.a(libc_a-sbrkr.o)
 .ARM.attributes
                0x00000b70       0x30 C:/Renesas/RA/e2studio_v2025-01_fsp_v5.8.0/toolchains/gcc_arm/13.2.rel1/bin/../lib/gcc/arm-none-eabi/13.2.1/thumb/v8-m.base/nofp\libg_nano.a(libc_a-callocr.o)
 .ARM.attributes
                0x00000ba0       0x30 C:/Renesas/RA/e2studio_v2025-01_fsp_v5.8.0/toolchains/gcc_arm/13.2.rel1/bin/../lib/gcc/arm-none-eabi/13.2.1/thumb/v8-m.base/nofp\libg_nano.a(libc_a-mbtowc_r.o)
 .ARM.attributes
                0x00000bd0       0x30 C:/Renesas/RA/e2studio_v2025-01_fsp_v5.8.0/toolchains/gcc_arm/13.2.rel1/bin/../lib/gcc/arm-none-eabi/13.2.1/thumb/v8-m.base/nofp\libg_nano.a(libc_a-wctomb_r.o)
 .ARM.attributes
                0x00000c00       0x30 C:/Renesas/RA/e2studio_v2025-01_fsp_v5.8.0/toolchains/gcc_arm/13.2.rel1/bin/../lib/gcc/arm-none-eabi/13.2.1/thumb/v8-m.base/nofp\libg_nano.a(libc_a-ctype_.o)
 .ARM.attributes
                0x00000c30       0x22 C:/Renesas/RA/e2studio_v2025-01_fsp_v5.8.0/toolchains/gcc_arm/13.2.rel1/bin/../lib/gcc/arm-none-eabi/13.2.1/thumb/v8-m.base/nofp\libgcc.a(_thumb1_case_uqi.o)
 .ARM.attributes
                0x00000c52       0x22 C:/Renesas/RA/e2studio_v2025-01_fsp_v5.8.0/toolchains/gcc_arm/13.2.rel1/bin/../lib/gcc/arm-none-eabi/13.2.1/thumb/v8-m.base/nofp\libgcc.a(_thumb1_case_shi.o)
 .ARM.attributes
                0x00000c74       0x22 C:/Renesas/RA/e2studio_v2025-01_fsp_v5.8.0/toolchains/gcc_arm/13.2.rel1/bin/../lib/gcc/arm-none-eabi/13.2.1/thumb/v8-m.base/nofp\libgcc.a(_arm_cmpdf2.o)
 .ARM.attributes
                0x00000c96       0x30 C:/Renesas/RA/e2studio_v2025-01_fsp_v5.8.0/toolchains/gcc_arm/13.2.rel1/bin/../lib/gcc/arm-none-eabi/13.2.1/thumb/v8-m.base/nofp\libgcc.a(adddf3.o)
 .ARM.attributes
                0x00000cc6       0x30 C:/Renesas/RA/e2studio_v2025-01_fsp_v5.8.0/toolchains/gcc_arm/13.2.rel1/bin/../lib/gcc/arm-none-eabi/13.2.1/thumb/v8-m.base/nofp\libgcc.a(eqdf2.o)
 .ARM.attributes
                0x00000cf6       0x30 C:/Renesas/RA/e2studio_v2025-01_fsp_v5.8.0/toolchains/gcc_arm/13.2.rel1/bin/../lib/gcc/arm-none-eabi/13.2.1/thumb/v8-m.base/nofp\libgcc.a(gedf2.o)
 .ARM.attributes